Archive member included to satisfy reference by file (symbol)

/usr/lib/gcc/arm-none-eabi/13.2.1/thumb/v6-m/nofp/libgcc.a(_dvmd_tls.o)
                              CMakeFiles/project1.dir/home/hari/.pico-sdk/sdk/2.2.0/src/rp2_common/pico_divider/divider_hardware.S.o (__aeabi_idiv0)
/usr/lib/gcc/arm-none-eabi/13.2.1/../../../arm-none-eabi/lib/thumb/v6-m/nofp/libg.a(libc_a-calloc.o)
                              CMakeFiles/project1.dir/home/hari/.pico-sdk/sdk/2.2.0/src/rp2_common/pico_malloc/malloc.c.o (calloc)
/usr/lib/gcc/arm-none-eabi/13.2.1/../../../arm-none-eabi/lib/thumb/v6-m/nofp/libg.a(libc_a-impure.o)
                              /usr/lib/gcc/arm-none-eabi/13.2.1/../../../arm-none-eabi/lib/thumb/v6-m/nofp/libg.a(libc_a-calloc.o) (_impure_ptr)
/usr/lib/gcc/arm-none-eabi/13.2.1/../../../arm-none-eabi/lib/thumb/v6-m/nofp/libg.a(libc_a-callocr.o)
                              /usr/lib/gcc/arm-none-eabi/13.2.1/../../../arm-none-eabi/lib/thumb/v6-m/nofp/libg.a(libc_a-calloc.o) (_calloc_r)
/usr/lib/gcc/arm-none-eabi/13.2.1/../../../arm-none-eabi/lib/thumb/v6-m/nofp/libg.a(libc_a-realloc.o)
                              CMakeFiles/project1.dir/home/hari/.pico-sdk/sdk/2.2.0/src/rp2_common/pico_malloc/malloc.c.o (realloc)
/usr/lib/gcc/arm-none-eabi/13.2.1/../../../arm-none-eabi/lib/thumb/v6-m/nofp/libg.a(libc_a-mallocr.o)
                              /usr/lib/gcc/arm-none-eabi/13.2.1/../../../arm-none-eabi/lib/thumb/v6-m/nofp/libg.a(libc_a-callocr.o) (_malloc_r)
/usr/lib/gcc/arm-none-eabi/13.2.1/../../../arm-none-eabi/lib/thumb/v6-m/nofp/libg.a(libc_a-freer.o)
                              /usr/lib/gcc/arm-none-eabi/13.2.1/../../../arm-none-eabi/lib/thumb/v6-m/nofp/libg.a(libc_a-mallocr.o) (_free_r)
/usr/lib/gcc/arm-none-eabi/13.2.1/../../../arm-none-eabi/lib/thumb/v6-m/nofp/libg.a(libc_a-memcmp.o)
                              CMakeFiles/project1.dir/home/hari/.pico-sdk/sdk/2.2.0/src/rp2_common/pico_atomic/atomic.c.o (memcmp)
/usr/lib/gcc/arm-none-eabi/13.2.1/../../../arm-none-eabi/lib/thumb/v6-m/nofp/libg.a(libc_a-malloc.o)
                              CMakeFiles/project1.dir/home/hari/.pico-sdk/sdk/2.2.0/src/rp2_common/pico_malloc/malloc.c.o (malloc)
/usr/lib/gcc/arm-none-eabi/13.2.1/../../../arm-none-eabi/lib/thumb/v6-m/nofp/libg.a(libc_a-sysconf.o)
                              /usr/lib/gcc/arm-none-eabi/13.2.1/../../../arm-none-eabi/lib/thumb/v6-m/nofp/libg.a(libc_a-mallocr.o) (sysconf)
/usr/lib/gcc/arm-none-eabi/13.2.1/../../../arm-none-eabi/lib/thumb/v6-m/nofp/libg.a(libc_a-init.o)
                              /usr/lib/gcc/arm-none-eabi/13.2.1/../../../arm-none-eabi/lib/thumb/v6-m/nofp/crt0.o (__libc_init_array)
/usr/lib/gcc/arm-none-eabi/13.2.1/../../../arm-none-eabi/lib/thumb/v6-m/nofp/libg.a(libc_a-reallocr.o)
                              /usr/lib/gcc/arm-none-eabi/13.2.1/../../../arm-none-eabi/lib/thumb/v6-m/nofp/libg.a(libc_a-realloc.o) (_realloc_r)
/usr/lib/gcc/arm-none-eabi/13.2.1/../../../arm-none-eabi/lib/thumb/v6-m/nofp/libg.a(libc_a-mktime.o)
                              CMakeFiles/project1.dir/home/hari/.pico-sdk/sdk/2.2.0/src/common/pico_util/datetime.c.o (mktime)
/usr/lib/gcc/arm-none-eabi/13.2.1/../../../arm-none-eabi/lib/thumb/v6-m/nofp/libg.a(libc_a-mlock.o)
                              /usr/lib/gcc/arm-none-eabi/13.2.1/../../../arm-none-eabi/lib/thumb/v6-m/nofp/libg.a(libc_a-mallocr.o) (__malloc_lock)
/usr/lib/gcc/arm-none-eabi/13.2.1/../../../arm-none-eabi/lib/thumb/v6-m/nofp/libg.a(libc_a-findfp.o)
                              /usr/lib/gcc/arm-none-eabi/13.2.1/../../../arm-none-eabi/lib/thumb/v6-m/nofp/libg.a(libc_a-impure.o) (__sf)
/usr/lib/gcc/arm-none-eabi/13.2.1/../../../arm-none-eabi/lib/thumb/v6-m/nofp/libg.a(libc_a-tzlock.o)
                              /usr/lib/gcc/arm-none-eabi/13.2.1/../../../arm-none-eabi/lib/thumb/v6-m/nofp/libg.a(libc_a-mktime.o) (__tz_lock)
/usr/lib/gcc/arm-none-eabi/13.2.1/../../../arm-none-eabi/lib/thumb/v6-m/nofp/libg.a(libc_a-atexit.o)
                              /usr/lib/gcc/arm-none-eabi/13.2.1/../../../arm-none-eabi/lib/thumb/v6-m/nofp/crt0.o (atexit)
/usr/lib/gcc/arm-none-eabi/13.2.1/../../../arm-none-eabi/lib/thumb/v6-m/nofp/libg.a(libc_a-lcltime_r.o)
                              CMakeFiles/project1.dir/home/hari/.pico-sdk/sdk/2.2.0/src/common/pico_util/datetime.c.o (localtime_r)
/usr/lib/gcc/arm-none-eabi/13.2.1/../../../arm-none-eabi/lib/thumb/v6-m/nofp/libg.a(libc_a-strlen-stub.o)
                              CMakeFiles/project1.dir/home/hari/.pico-sdk/sdk/2.2.0/src/rp2_common/pico_stdio/stdio.c.o (strlen)
/usr/lib/gcc/arm-none-eabi/13.2.1/../../../arm-none-eabi/lib/thumb/v6-m/nofp/libg.a(libc_a-sbrkr.o)
                              /usr/lib/gcc/arm-none-eabi/13.2.1/../../../arm-none-eabi/lib/thumb/v6-m/nofp/libg.a(libc_a-mallocr.o) (_sbrk_r)
/usr/lib/gcc/arm-none-eabi/13.2.1/../../../arm-none-eabi/lib/thumb/v6-m/nofp/libg.a(libc_a-fini.o)
[...]
Memory Configuration

Name             Origin             Length             Attributes
FLASH            0x10000000         0x00200000         xr
RAM              0x20000000         0x00040000         xrw
SCRATCH_X        0x20040000         0x00001000         xrw
SCRATCH_Y        0x20041000         0x00001000         xrw
*default*        0x00000000         0xffffffff

Linker script and memory map

LOAD /usr/lib/gcc/arm-none-eabi/13.2.1/thumb/v6-m/nofp/crti.o
LOAD /usr/lib/gcc/arm-none-eabi/13.2.1/thumb/v6-m/nofp/crtbegin.o
LOAD /usr/lib/gcc/arm-none-eabi/13.2.1/../../../arm-none-eabi/lib/thumb/v6-m/nofp/crt0.o

.flash_begin    0x10000000        0x0
                0x10000000                        __flash_binary_start = .

.boot2          0x10000000      0x100
                0x10000000                        __boot2_start__ = .
 *(.boot2)
 .boot2         0x10000000      0x100 pico-sdk/src/rp2040/boot_stage2/CMakeFiles/bs2_default_library.dir/bs2_default_padded_checksummed.S.o
                0x10000100                        __boot2_end__ = .
                0x00000001                        ASSERT (((__boot2_end__ - __boot2_start__) == 0x100), ERROR: Pico second stage bootloader must be 256 bytes in size)

.text           0x10000100     0x6f30
                0x10000100                        __logical_binary_start = .
 *(.vectors)
 .vectors       0x10000100       0xd4 CMakeFiles/project1.dir/home/hari/.pico-sdk/sdk/2.2.0/src/rp2_common/pico_crt0/crt0.S.o
                0x10000100                __vectors
                0x10000100                __VECTOR_TABLE
                0x100001c0                isr_irq30
                0x100001c0                __unhandled_user_irq
                0x100001c0                isr_irq13
                0x100001c0                isr_irq27
                0x100001c0                isr_irq31
                0x100001c0                isr_irq5
                0x100001c0                isr_irq11
                0x100001c0                isr_irq23
                0x100001c0                isr_irq18
                0x100001c0                isr_irq28
                0x100001c0                isr_irq19
                0x100001c0                isr_irq0
                0x100001c0                isr_irq6
                0x100001c0                isr_irq22
                0x100001c0                isr_irq17
                0x100001c0                isr_irq14
                0x100001c0                __vectors_end
                0x100001c0                __default_isrs_start
                0x100001c0                isr_irq2
                0x100001c0                isr_irq10
                0x100001c0                isr_irq8
                0x100001c0                isr_irq24
                0x100001c0                isr_irq1
                0x100001c0                isr_irq7
                0x100001c0                isr_irq21
                0x100001c0                isr_irq20
                0x100001c0                isr_irq15
                0x100001c0                isr_irq25
                0x100001c0                isr_irq4
                0x100001c0                isr_irq16
                0x100001c0                isr_irq29
                0x100001c0                isr_irq26
                0x100001c0                isr_irq3
                0x100001c0                isr_irq12
                0x100001c0                isr_irq9
                0x100001c6                unhandled_user_irq_num_in_r0
                0x100001c8                isr_invalid
                0x100001ca                isr_nmi
                0x100001cc                isr_hardfault
                0x100001ce                isr_svcall
                0x100001d0                isr_pendsv
                0x100001d2                isr_systick
                0x100001d4                __default_isrs_end
 *(.binary_info_header)
 .binary_info_header
                0x100001d4       0x14 CMakeFiles/project1.dir/home/hari/.pico-sdk/sdk/2.2.0/src/rp2_common/pico_crt0/crt0.S.o
                0x100001e8                        __binary_info_header_end = .
 *(.embedded_block)
                0x100001e8                        __embedded_block_end = .
 *(.reset)
 .reset         0x100001e8       0x9c CMakeFiles/project1.dir/home/hari/.pico-sdk/sdk/2.2.0/src/rp2_common/pico_crt0/crt0.S.o
                0x100001e8                _entry_point
 *(.init)
 .init          0x10000284        0x4 /usr/lib/gcc/arm-none-eabi/13.2.1/thumb/v6-m/nofp/crti.o
                0x10000284                _init
 *(EXCLUDE_FILE(*libm.a: *libc.a:*lib_a-mem*.o *libgcc.a:) .text*)
 .text          0x10000288       0x98 /usr/lib/gcc/arm-none-eabi/13.2.1/thumb/v6-m/nofp/crtbegin.o
 .text._Z14resetAllMotorsv
                0x10000320      0x1d8 CMakeFiles/project1.dir/main.cpp.o
                0x10000320                resetAllMotors()
 .text.startup.main
                0x100004f8      0x220 CMakeFiles/project1.dir/main.cpp.o
                0x100004f8                main
 .text._Z11MPU6050initv
                0x10000718       0xb0 CMakeFiles/project1.dir/imu/imu.cpp.o
                0x10000718                MPU6050init()
 .text._Z11MPU6050readPfS_
                0x100007c8       0xa4 CMakeFiles/project1.dir/imu/imu.cpp.o
                0x100007c8                MPU6050read(float*, float*)
 .text.gpio_set_function
                0x1000086c       0x34 CMakeFiles/project1.dir/home/hari/.pico-sdk/sdk/2.2.0/src/rp2_common/hardware_gpio/gpio.c.o
                0x1000086c                gpio_set_function
 .text.gpio_set_pulls
                0x100008a0       0x28 CMakeFiles/project1.dir/home/hari/.pico-sdk/sdk/2.2.0/src/rp2_common/hardware_gpio/gpio.c.o
                0x100008a0                gpio_set_pulls
 .text.gpio_init
                0x100008c8       0x40 CMakeFiles/project1.dir/home/hari/.pico-sdk/sdk/2.2.0/src/rp2_common/hardware_gpio/gpio.c.o
                0x100008c8                gpio_init
 .text.rp2040_chip_version
                0x10000908        0xc CMakeFiles/project1.dir/home/hari/.pico-sdk/sdk/2.2.0/src/rp2040/pico_platform/platform.c.o
                0x10000908                rp2040_chip_version
 .text.panic    0x10000914       0x30 CMakeFiles/project1.dir/home/hari/.pico-sdk/sdk/2.2.0/src/rp2_common/pico_platform_panic/panic.c.o
                0x10000914                panic
 .text.hw_claim_or_assert
                0x10000944       0x44 CMakeFiles/project1.dir/home/hari/.pico-sdk/sdk/2.2.0/src/common/hardware_claim/claim.c.o
                0x10000944                hw_claim_or_assert
 .text.hw_claim_unused_from_range
                0x10000988       0x9c CMakeFiles/project1.dir/home/hari/.pico-sdk/sdk/2.2.0/src/common/hardware_claim/claim.c.o
                0x10000988                hw_claim_unused_from_range
 .text.next_striped_spin_lock_num
                0x10000a24       0x18 CMakeFiles/project1.dir/home/hari/.pico-sdk/sdk/2.2.0/src/rp2_common/hardware_sync/sync.c.o
                0x10000a24                next_striped_spin_lock_num
 .text.spin_lock_claim_unused
                0x10000a3c       0x24 CMakeFiles/project1.dir/home/hari/.pico-sdk/sdk/2.2.0/src/rp2_common/hardware_sync/sync.c.o
                0x10000a3c                spin_lock_claim_unused
 .text.spin_locks_reset
                0x10000a60       0x1c CMakeFiles/project1.dir/home/hari/.pico-sdk/sdk/2.2.0/src/rp2_common/hardware_sync_spin_lock/sync_spin_lock.c.o
                0x10000a60                spin_locks_reset
 .text.runtime_init_per_core_irq_priorities
                0x10000a7c       0x24 CMakeFiles/project1.dir/home/hari/.pico-sdk/sdk/2.2.0/src/rp2_common/hardware_irq/irq.c.o
                0x10000a7c                runtime_init_per_core_irq_priorities
 .text.irq_set_enabled
                0x10000aa0       0x24 CMakeFiles/project1.dir/home/hari/.pico-sdk/sdk/2.2.0/src/rp2_common/hardware_irq/irq.c.o
                0x10000aa0                irq_set_enabled
 .text.irq_is_enabled
                0x10000ac4       0x18 CMakeFiles/project1.dir/home/hari/.pico-sdk/sdk/2.2.0/src/rp2_common/hardware_irq/irq.c.o
                0x10000ac4                irq_is_enabled
 .text.irq_set_pending
                0x10000adc       0x10 CMakeFiles/project1.dir/home/hari/.pico-sdk/sdk/2.2.0/src/rp2_common/hardware_irq/irq.c.o
                0x10000adc                irq_set_pending
 .text.irq_has_shared_handler
                0x10000aec       0x24 CMakeFiles/project1.dir/home/hari/.pico-sdk/sdk/2.2.0/src/rp2_common/hardware_irq/irq.c.o
                0x10000aec                irq_has_shared_handler
 .text.irq_set_exclusive_handler
                0x10000b10       0x54 CMakeFiles/project1.dir/home/hari/.pico-sdk/sdk/2.2.0/src/rp2_common/hardware_irq/irq.c.o
                0x10000b10                irq_set_exclusive_handler
 .text.irq_add_shared_handler
                0x10000b64      0x1f4 CMakeFiles/project1.dir/home/hari/.pico-sdk/sdk/2.2.0/src/rp2_common/hardware_irq/irq.c.o
                0x10000b64                irq_add_shared_handler
 .text.irq_add_tail_to_free_list
                0x10000d58       0xb4 CMakeFiles/project1.dir/home/hari/.pico-sdk/sdk/2.2.0/src/rp2_common/hardware_irq/irq.c.o
                0x10000d58                irq_add_tail_to_free_list
 .text.user_irq_claim_unused
                0x10000e0c       0x2c CMakeFiles/project1.dir/home/hari/.pico-sdk/sdk/2.2.0/src/rp2_common/hardware_irq/irq.c.o
                0x10000e0c                user_irq_claim_unused
 .text.lock_init
                0x10000e38       0x10 CMakeFiles/project1.dir/home/hari/.pico-sdk/sdk/2.2.0/src/common/pico_sync/lock_core.c.o
                0x10000e38                lock_init
 .text.runtime_init_mutex
                0x10000e48       0x50 CMakeFiles/project1.dir/home/hari/.pico-sdk/sdk/2.2.0/src/common/pico_sync/mutex.c.o
                0x10000e48                runtime_init_mutex
 .text.mutex_init
                0x10000e98       0x1c CMakeFiles/project1.dir/home/hari/.pico-sdk/sdk/2.2.0/src/common/pico_sync/mutex.c.o
                0x10000e98                mutex_init
 .text.critical_section_init
                0x10000eb4       0x1c CMakeFiles/project1.dir/home/hari/.pico-sdk/sdk/2.2.0/src/common/pico_sync/critical_section.c.o
                0x10000eb4                critical_section_init
 .text.critical_section_init_with_lock_num
                0x10000ed0       0x14 CMakeFiles/project1.dir/home/hari/.pico-sdk/sdk/2.2.0/src/common/pico_sync/critical_section.c.o
                0x10000ed0                critical_section_init_with_lock_num
 .text.sleep_until_callback
                0x10000ee4       0x30 CMakeFiles/project1.dir/home/hari/.pico-sdk/sdk/2.2.0/src/common/pico_time/time.c.o
 .text.alarm_pool_irq_handler
                0x10000f14      0x2fc CMakeFiles/project1.dir/home/hari/.pico-sdk/sdk/2.2.0/src/common/pico_time/time.c.o
 .text.runtime_init_default_alarm_pool
                0x10001210       0xdc CMakeFiles/project1.dir/home/hari/.pico-sdk/sdk/2.2.0/src/common/pico_time/time.c.o
                0x10001210                runtime_init_default_alarm_pool
 .text.alarm_pool_get_default
                0x100012ec        0x8 CMakeFiles/project1.dir/home/hari/.pico-sdk/sdk/2.2.0/src/common/pico_time/time.c.o
                0x100012ec                alarm_pool_get_default
 .text.alarm_pool_add_alarm_at
                0x100012f4       0xd4 CMakeFiles/project1.dir/home/hari/.pico-sdk/sdk/2.2.0/src/common/pico_time/time.c.o
                0x100012f4                alarm_pool_add_alarm_at
 .text.alarm_pool_add_alarm_at_force_in_context
                0x100013c8       0xb0 CMakeFiles/project1.dir/home/hari/.pico-sdk/sdk/2.2.0/src/common/pico_time/time.c.o
                0x100013c8                alarm_pool_add_alarm_at_force_in_context
 .text.alarm_pool_cancel_alarm
                0x10001478       0x74 CMakeFiles/project1.dir/home/hari/.pico-sdk/sdk/2.2.0/src/common/pico_time/time.c.o
                0x10001478                alarm_pool_cancel_alarm
 .text.alarm_pool_core_num
                0x100014ec        0x4 CMakeFiles/project1.dir/home/hari/.pico-sdk/sdk/2.2.0/src/common/pico_time/time.c.o
                0x100014ec                alarm_pool_core_num
 .text.sleep_until
                0x100014f0       0xd8 CMakeFiles/project1.dir/home/hari/.pico-sdk/sdk/2.2.0/src/common/pico_time/time.c.o
                0x100014f0                sleep_until
 .text.sleep_ms
                0x100015c8       0x38 CMakeFiles/project1.dir/home/hari/.pico-sdk/sdk/2.2.0/src/common/pico_time/time.c.o
                0x100015c8                sleep_ms
 .text.best_effort_wfe_or_timeout
                0x10001600       0xf8 CMakeFiles/project1.dir/home/hari/.pico-sdk/sdk/2.2.0/src/common/pico_time/time.c.o
                0x10001600                best_effort_wfe_or_timeout
 .text.timer_hardware_alarm_claim
                0x100016f8       0x14 CMakeFiles/project1.dir/home/hari/.pico-sdk/sdk/2.2.0/src/rp2_common/hardware_timer/timer.c.o
                0x100016f8                timer_hardware_alarm_claim
 .text.timer_time_us_64
                0x1000170c       0x10 CMakeFiles/project1.dir/home/hari/.pico-sdk/sdk/2.2.0/src/rp2_common/hardware_timer/timer.c.o
                0x1000170c                timer_time_us_64
 .text.time_us_64
                0x1000171c       0x14 CMakeFiles/project1.dir/home/hari/.pico-sdk/sdk/2.2.0/src/rp2_common/hardware_timer/timer.c.o
                0x1000171c                time_us_64
 .text.busy_wait_us
                0x10001730       0x68 CMakeFiles/project1.dir/home/hari/.pico-sdk/sdk/2.2.0/src/rp2_common/hardware_timer/timer.c.o
                0x10001730                busy_wait_us
 .text.busy_wait_until
                0x10001798       0x20 CMakeFiles/project1.dir/home/hari/.pico-sdk/sdk/2.2.0/src/rp2_common/hardware_timer/timer.c.o
                0x10001798                busy_wait_until
 .text.uart_init
                0x100017b8      0x120 CMakeFiles/project1.dir/home/hari/.pico-sdk/sdk/2.2.0/src/rp2_common/hardware_uart/uart.c.o
                0x100017b8                uart_init
 .text.clock_configure_int_divider
                0x100018d8       0xf4 CMakeFiles/project1.dir/home/hari/.pico-sdk/sdk/2.2.0/src/rp2_common/hardware_clocks/clocks.c.o
                0x100018d8                clock_configure_int_divider
 .text.clock_configure_undivided
                0x100019cc       0xe8 CMakeFiles/project1.dir/home/hari/.pico-sdk/sdk/2.2.0/src/rp2_common/hardware_clocks/clocks.c.o
                0x100019cc                clock_configure_undivided
 .text.clock_get_hz
                0x10001ab4        0xc CMakeFiles/project1.dir/home/hari/.pico-sdk/sdk/2.2.0/src/rp2_common/hardware_clocks/clocks.c.o
                0x10001ab4                clock_get_hz
 .text.pll_init
                0x10001ac0       0xa4 CMakeFiles/project1.dir/home/hari/.pico-sdk/sdk/2.2.0/src/rp2_common/hardware_pll/pll.c.o
                0x10001ac0                pll_init
 .text.watchdog_reboot
                0x10001b64       0x9c CMakeFiles/project1.dir/home/hari/.pico-sdk/sdk/2.2.0/src/rp2_common/hardware_watchdog/watchdog.c.o
                0x10001b64                watchdog_reboot
 .text.tick_start
                0x10001c00       0x10 CMakeFiles/project1.dir/home/hari/.pico-sdk/sdk/2.2.0/src/rp2_common/hardware_ticks/ticks.c.o
                0x10001c00                tick_start
 .text.rom_func_lookup
                0x10001c10       0x10 CMakeFiles/project1.dir/home/hari/.pico-sdk/sdk/2.2.0/src/rp2_common/pico_bootrom/bootrom.c.o
                0x10001c10                rom_func_lookup
 .text.rom_data_lookup
                0x10001c20       0x10 CMakeFiles/project1.dir/home/hari/.pico-sdk/sdk/2.2.0/src/rp2_common/pico_bootrom/bootrom.c.o
                0x10001c20                rom_data_lookup
 .text.rom_funcs_lookup
                0x10001c30       0x44 CMakeFiles/project1.dir/home/hari/.pico-sdk/sdk/2.2.0/src/rp2_common/pico_bootrom/bootrom.c.o
                0x10001c30                rom_funcs_lookup
 .text.rom_reset_usb_boot_extra
                0x10001c74       0x28 CMakeFiles/project1.dir/home/hari/.pico-sdk/sdk/2.2.0/src/rp2_common/pico_bootrom/bootrom.c.o
                0x10001c74                rom_reset_usb_boot_extra
 .text.xosc_init
                0x10001c9c       0x28 CMakeFiles/project1.dir/home/hari/.pico-sdk/sdk/2.2.0/src/rp2_common/hardware_xosc/xosc.c.o
                0x10001c9c                xosc_init
 .text.first_per_core_initializer
                0x10001cc4        0x4 CMakeFiles/project1.dir/home/hari/.pico-sdk/sdk/2.2.0/src/rp2_common/pico_runtime/runtime.c.o
 .text.hard_assertion_failure
                0x10001cc8        0xc CMakeFiles/project1.dir/home/hari/.pico-sdk/sdk/2.2.0/src/rp2_common/pico_runtime/runtime.c.o
                0x10001cc8                hard_assertion_failure
 .text.runtime_run_initializers
                0x10001cd4       0x28 CMakeFiles/project1.dir/home/hari/.pico-sdk/sdk/2.2.0/src/rp2_common/pico_runtime/runtime.c.o
                0x10001cd4                runtime_run_initializers
 .text.runtime_init_early_resets
                0x10001cfc       0x2c CMakeFiles/project1.dir/home/hari/.pico-sdk/sdk/2.2.0/src/rp2_common/pico_runtime_init/runtime_init.c.o
                0x10001cfc                runtime_init_early_resets
 .text.runtime_init_usb_power_down
                0x10001d28       0x1c CMakeFiles/project1.dir/home/hari/.pico-sdk/sdk/2.2.0/src/rp2_common/pico_runtime_init/runtime_init.c.o
                0x10001d28                runtime_init_usb_power_down
 .text.runtime_init_post_clock_resets
                0x10001d44       0x20 CMakeFiles/project1.dir/home/hari/.pico-sdk/sdk/2.2.0/src/rp2_common/pico_runtime_init/runtime_init.c.o
                0x10001d44                runtime_init_post_clock_resets
 .text.runtime_init_rp2040_gpio_ie_disable
                0x10001d64       0x14 CMakeFiles/project1.dir/home/hari/.pico-sdk/sdk/2.2.0/src/rp2_common/pico_runtime_init/runtime_init.c.o
                0x10001d64                runtime_init_rp2040_gpio_ie_disable
 .text.runtime_init_spin_locks_reset
                0x10001d78        0x8 CMakeFiles/project1.dir/home/hari/.pico-sdk/sdk/2.2.0/src/rp2_common/pico_runtime_init/runtime_init.c.o
                0x10001d78                runtime_init_spin_locks_reset
 .text.runtime_init_install_ram_vector_table
                0x10001d80       0xb4 CMakeFiles/project1.dir/home/hari/.pico-sdk/sdk/2.2.0/src/rp2_common/pico_runtime_init/runtime_init.c.o
                0x10001d80                runtime_init_install_ram_vector_table
 .text.runtime_init_clocks
                0x10001e34       0xd8 CMakeFiles/project1.dir/home/hari/.pico-sdk/sdk/2.2.0/src/rp2_common/pico_runtime_init/runtime_init_clocks.c.o
                0x10001e34                runtime_init_clocks
 .text          0x10001f0c       0x10 CMakeFiles/project1.dir/home/hari/.pico-sdk/sdk/2.2.0/src/rp2_common/pico_bit_ops/bit_ops_aeabi.S.o
 .text.__wrap___aeabi_idiv
                0x10001f1c       0x50 CMakeFiles/project1.dir/home/hari/.pico-sdk/sdk/2.2.0/src/rp2_common/pico_divider/divider_hardware.S.o
                0x10001f1c                __wrap___aeabi_idivmod
                0x10001f1c                divmod_s32s32
                0x10001f1c                div_s32s32
                0x10001f1c                __wrap___aeabi_idiv
                0x10001f24                divmod_s32s32_unsafe
                0x10001f50                divmod_s32s32_savestate
 .text.__wrap___aeabi_uidiv
                0x10001f6c       0x4c CMakeFiles/project1.dir/home/hari/.pico-sdk/sdk/2.2.0/src/rp2_common/pico_divider/divider_hardware.S.o
                0x10001f6c                __wrap___aeabi_uidiv
                0x10001f6c                __wrap___aeabi_uidivmod
                0x10001f6c                div_u32u32
                0x10001f6c                divmod_u32u32
                0x10001f74                divmod_u32u32_unsafe
                0x10001f9c                divmod_u32u32_savestate
 .text.__wrap___aeabi_ldiv
                0x10001fb8      0x424 CMakeFiles/project1.dir/home/hari/.pico-sdk/sdk/2.2.0/src/rp2_common/pico_divider/divider_hardware.S.o
                0x10001fb8                div_s64s64
                0x10001fb8                divmod_s64s64
                0x10001fb8                __wrap___aeabi_ldivmod
                0x10001fe8                div_u64u64
                0x10001fe8                divmod_u64u64
                0x10001fe8                __wrap___aeabi_uldivmod
                0x10001ff8                divmod_u64u64_savestate
                0x10002018                divmod_s64s64_unsafe
                0x100020a0                divmod_u64u64_unsafe
 .text.__wrap___aeabi_darithmetic
                0x100023dc       0x60 CMakeFiles/project1.dir/home/hari/.pico-sdk/sdk/2.2.0/src/rp2_common/pico_double/double_aeabi_rp2040.S.o
                0x100023dc                __wrap___aeabi_drsub
                0x100023e2                __wrap___aeabi_dsub
                0x100023ec                __wrap___aeabi_dadd
                0x100023f6                __wrap___aeabi_ddiv
                0x1000242a                __wrap___aeabi_dmul
 .text.__wrap___aeabi_cdcmple
                0x1000243c       0x6c CMakeFiles/project1.dir/home/hari/.pico-sdk/sdk/2.2.0/src/rp2_common/pico_double/double_aeabi_rp2040.S.o
                0x1000243c                __wrap___aeabi_cdrcmple
                0x1000244c                __wrap___aeabi_cdcmple
                0x1000244c                __wrap___aeabi_cdcmpeq
 .text.__wrap___aeabi_dcmplt
                0x100024a8        0xc CMakeFiles/project1.dir/home/hari/.pico-sdk/sdk/2.2.0/src/rp2_common/pico_double/double_aeabi_rp2040.S.o
                0x100024a8                __wrap___aeabi_dcmplt
 .text.__wrap___aeabi_dcmpge
                0x100024b4       0x10 CMakeFiles/project1.dir/home/hari/.pico-sdk/sdk/2.2.0/src/rp2_common/pico_double/double_aeabi_rp2040.S.o
                0x100024b4                __wrap___aeabi_dcmpge
 .text.__wrap___aeabi_dcmpgt
                0x100024c4        0xa CMakeFiles/project1.dir/home/hari/.pico-sdk/sdk/2.2.0/src/rp2_common/pico_double/double_aeabi_rp2040.S.o
                0x100024c4                __wrap___aeabi_dcmpgt
 .text.__wrap___aeabi_dcmpun
                0x100024ce       0x18 CMakeFiles/project1.dir/home/hari/.pico-sdk/sdk/2.2.0/src/rp2_common/pico_double/double_aeabi_rp2040.S.o
                0x100024ce                __wrap___aeabi_dcmpun
 *fill*         0x100024e6        0x2 
 .text.__wrap___aeabi_i2d
                0x100024e8       0x38 CMakeFiles/project1.dir/home/hari/.pico-sdk/sdk/2.2.0/src/rp2_common/pico_double/double_aeabi_rp2040.S.o
                0x100024e8                __wrap___aeabi_ui2d
                0x100024e8                uint2double
                0x100024f0                __wrap___aeabi_i2d
                0x100024f0                int2double
 .text.__wrap___aeabi_d2iz
                0x10002520       0x48 CMakeFiles/project1.dir/home/hari/.pico-sdk/sdk/2.2.0/src/rp2_common/pico_double/double_aeabi_rp2040.S.o
                0x10002520                __wrap___aeabi_d2iz
                0x10002520                double2int_z
 .text.__wrap___aeabi_d2uiz
                0x10002568       0x10 CMakeFiles/project1.dir/home/hari/.pico-sdk/sdk/2.2.0/src/rp2_common/pico_double/double_aeabi_rp2040.S.o
                0x10002568                double2uint_z
                0x10002568                double2uint
                0x10002568                __wrap___aeabi_d2uiz
 .text.missing_double_func_shim
                0x10002578        0xc CMakeFiles/project1.dir/home/hari/.pico-sdk/sdk/2.2.0/src/rp2_common/pico_double/double_init_rom_rp2040.c.o
 .text.__aeabi_double_init
                0x10002584       0xa0 CMakeFiles/project1.dir/home/hari/.pico-sdk/sdk/2.2.0/src/rp2_common/pico_double/double_init_rom_rp2040.c.o
                0x10002584                __aeabi_double_init
 .text.double_table_shim_on_use_helper
                0x10002624       0x2c CMakeFiles/project1.dir/home/hari/.pico-sdk/sdk/2.2.0/src/rp2_common/pico_double/double_v1_rom_shim_rp2040.S.o
                0x10002624                double_table_shim_on_use_helper
 .text.__aeabi_lmul
                0x10002650       0x32 CMakeFiles/project1.dir/home/hari/.pico-sdk/sdk/2.2.0/src/rp2_common/pico_int64_ops/pico_int64_ops_aeabi.S.o
                0x10002650                __wrap___aeabi_lmul
 *fill*         0x10002682        0x2 
 .text.__wrap___aeabi_farithmetic
                0x10002684       0x48 CMakeFiles/project1.dir/home/hari/.pico-sdk/sdk/2.2.0/src/rp2_common/pico_float/float_aeabi_rp2040.S.o
                0x10002684                __wrap___aeabi_frsub
                0x1000268a                __wrap___aeabi_fsub
                0x10002690                __wrap___aeabi_fadd
                0x10002696                __wrap___aeabi_fdiv
                0x100026be                __wrap___aeabi_fmul
 .text.__wrap___aeabi_i2f
                0x100026cc       0x44 CMakeFiles/project1.dir/home/hari/.pico-sdk/sdk/2.2.0/src/rp2_common/pico_float/float_aeabi_rp2040.S.o
                0x100026cc                int2float
                0x100026cc                __wrap___aeabi_i2f
 .text.__wrap___aeabi_f2uiz
                0x10002710        0xc CMakeFiles/project1.dir/home/hari/.pico-sdk/sdk/2.2.0/src/rp2_common/pico_float/float_aeabi_rp2040.S.o
                0x10002710                float2uint
                0x10002710                float2uint_z
                0x10002710                __wrap___aeabi_f2uiz
 .text.__wrap___aeabi_l2f
                0x1000271c       0x18 CMakeFiles/project1.dir/home/hari/.pico-sdk/sdk/2.2.0/src/rp2_common/pico_float/float_aeabi_rp2040.S.o
                0x10002720                int642float
                0x10002720                __wrap___aeabi_l2f
 .text.__wrap___aeabi_f2d
                0x10002734        0xc CMakeFiles/project1.dir/home/hari/.pico-sdk/sdk/2.2.0/src/rp2_common/pico_float/float_aeabi_rp2040.S.o
                0x10002734                __wrap___aeabi_f2d
 .text.__wrap_sqrtf
                0x10002740        0xc CMakeFiles/project1.dir/home/hari/.pico-sdk/sdk/2.2.0/src/rp2_common/pico_float/float_aeabi_rp2040.S.o
                0x10002740                __wrap_sqrtf
 .text.__wrap_atan2f
                0x1000274c        0xc CMakeFiles/project1.dir/home/hari/.pico-sdk/sdk/2.2.0/src/rp2_common/pico_float/float_aeabi_rp2040.S.o
                0x1000274c                __wrap_atan2f
 .text.missing_float_func_shim
                0x10002758        0xc CMakeFiles/project1.dir/home/hari/.pico-sdk/sdk/2.2.0/src/rp2_common/pico_float/float_init_rom_rp2040.c.o
 .text.__aeabi_float_init
                0x10002764       0x5c CMakeFiles/project1.dir/home/hari/.pico-sdk/sdk/2.2.0/src/rp2_common/pico_float/float_init_rom_rp2040.c.o
                0x10002764                __aeabi_float_init
 .text          0x100027c0       0x10 CMakeFiles/project1.dir/home/hari/.pico-sdk/sdk/2.2.0/src/rp2_common/pico_mem_ops/mem_ops_aeabi.S.o
                0x100027c0                __aeabi_mem_init
 .text.memset   0x100027d0        0xc CMakeFiles/project1.dir/home/hari/.pico-sdk/sdk/2.2.0/src/rp2_common/pico_mem_ops/mem_ops_aeabi.S.o
                0x100027d0                __wrap_memset
 .text.memcpy   0x100027dc        0xc CMakeFiles/project1.dir/home/hari/.pico-sdk/sdk/2.2.0/src/rp2_common/pico_mem_ops/mem_ops_aeabi.S.o
                0x100027dc                __wrap___aeabi_memcpy
                0x100027dc                __wrap_memcpy
 .text._out_null
                0x100027e8        0x4 CMakeFiles/project1.dir/home/hari/.pico-sdk/sdk/2.2.0/src/rp2_common/pico_printf/printf.c.o
 .text._out_rev
                0x100027ec       0xac CMakeFiles/project1.dir/home/hari/.pico-sdk/sdk/2.2.0/src/rp2_common/pico_printf/printf.c.o
 .text._ntoa_format
                0x10002898      0x250 CMakeFiles/project1.dir/home/hari/.pico-sdk/sdk/2.2.0/src/rp2_common/pico_printf/printf.c.o
 .text._out_char
                0x10002ae8       0x10 CMakeFiles/project1.dir/home/hari/.pico-sdk/sdk/2.2.0/src/rp2_common/pico_printf/printf.c.o
 .text._out_fct
                0x10002af8       0x10 CMakeFiles/project1.dir/home/hari/.pico-sdk/sdk/2.2.0/src/rp2_common/pico_printf/printf.c.o
 .text._etoa    0x10002b08      0x464 CMakeFiles/project1.dir/home/hari/.pico-sdk/sdk/2.2.0/src/rp2_common/pico_printf/printf.c.o
 .text._ftoa    0x10002f6c      0x3c0 CMakeFiles/project1.dir/home/hari/.pico-sdk/sdk/2.2.0/src/rp2_common/pico_printf/printf.c.o
 .text._vsnprintf
                0x1000332c      0xbc8 CMakeFiles/project1.dir/home/hari/.pico-sdk/sdk/2.2.0/src/rp2_common/pico_printf/printf.c.o
 .text.vfctprintf
                0x10003ef4       0x20 CMakeFiles/project1.dir/home/hari/.pico-sdk/sdk/2.2.0/src/rp2_common/pico_printf/printf.c.o
                0x10003ef4                vfctprintf
 .text.weak_raw_vprintf
                0x10003f14       0x30 CMakeFiles/project1.dir/home/hari/.pico-sdk/sdk/2.2.0/src/rp2_common/pico_printf/printf.c.o
                0x10003f14                weak_raw_vprintf
 .text._exit    0x10003f44        0x4 CMakeFiles/project1.dir/home/hari/.pico-sdk/sdk/2.2.0/src/rp2_common/pico_clib_interface/newlib_interface.c.o
                0x10003f44                _exit
 .text.exit     0x10003f48        0x8 CMakeFiles/project1.dir/home/hari/.pico-sdk/sdk/2.2.0/src/rp2_common/pico_clib_interface/newlib_interface.c.o
                0x10003f48                exit
 .text.runtime_init
                0x10003f50       0x2c CMakeFiles/project1.dir/home/hari/.pico-sdk/sdk/2.2.0/src/rp2_common/pico_clib_interface/newlib_interface.c.o
                0x10003f50                runtime_init
 .text.stdio_out_chars_no_crlf
                0x10003f7c       0x10 CMakeFiles/project1.dir/home/hari/.pico-sdk/sdk/2.2.0/src/rp2_common/pico_stdio/stdio.c.o
 .text.stdio_out_chars_crlf
                0x10003f8c       0x94 CMakeFiles/project1.dir/home/hari/.pico-sdk/sdk/2.2.0/src/rp2_common/pico_stdio/stdio.c.o
 .text.stdio_buffered_printer
                0x10004020       0x64 CMakeFiles/project1.dir/home/hari/.pico-sdk/sdk/2.2.0/src/rp2_common/pico_stdio/stdio.c.o
 .text.stdio_put_string
                0x10004084      0x100 CMakeFiles/project1.dir/home/hari/.pico-sdk/sdk/2.2.0/src/rp2_common/pico_stdio/stdio.c.o
                0x10004084                stdio_put_string
 .text.stdio_set_driver_enabled
                0x10004184       0x30 CMakeFiles/project1.dir/home/hari/.pico-sdk/sdk/2.2.0/src/rp2_common/pico_stdio/stdio.c.o
                0x10004184                stdio_set_driver_enabled
 .text.stdio_init_all
                0x100041b4        0x8 CMakeFiles/project1.dir/home/hari/.pico-sdk/sdk/2.2.0/src/rp2_common/pico_stdio/stdio.c.o
                0x100041b4                stdio_init_all
 .text.__wrap_putchar
                0x100041bc       0x98 CMakeFiles/project1.dir/home/hari/.pico-sdk/sdk/2.2.0/src/rp2_common/pico_stdio/stdio.c.o
                0x100041bc                stdio_putchar
                0x100041bc                __wrap_putchar
 .text.__wrap_puts
                0x10004254       0x3c CMakeFiles/project1.dir/home/hari/.pico-sdk/sdk/2.2.0/src/rp2_common/pico_stdio/stdio.c.o
                0x10004254                __wrap_puts
                0x10004254                stdio_puts
 .text.__wrap_vprintf
                0x10004290       0xd4 CMakeFiles/project1.dir/home/hari/.pico-sdk/sdk/2.2.0/src/rp2_common/pico_stdio/stdio.c.o
                0x10004290                __wrap_vprintf
                0x10004290                stdio_vprintf
 .text.__wrap_printf
                0x10004364       0x18 CMakeFiles/project1.dir/home/hari/.pico-sdk/sdk/2.2.0/src/rp2_common/pico_stdio/stdio.c.o
                0x10004364                stdio_printf
                0x10004364                __wrap_printf
 .text.resetd_init
                0x1000437c        0x4 CMakeFiles/project1.dir/home/hari/.pico-sdk/sdk/2.2.0/src/rp2_common/pico_stdio_usb/reset_interface.c.o
 .text.resetd_reset
                0x10004380        0xc CMakeFiles/project1.dir/home/hari/.pico-sdk/sdk/2.2.0/src/rp2_common/pico_stdio_usb/reset_interface.c.o
 .text.resetd_open
                0x1000438c       0x28 CMakeFiles/project1.dir/home/hari/.pico-sdk/sdk/2.2.0/src/rp2_common/pico_stdio_usb/reset_interface.c.o
 .text.resetd_xfer_cb
                0x100043b4        0x4 CMakeFiles/project1.dir/home/hari/.pico-sdk/sdk/2.2.0/src/rp2_common/pico_stdio_usb/reset_interface.c.o
 .text.resetd_control_xfer_cb
                0x100043b8       0x5c CMakeFiles/project1.dir/home/hari/.pico-sdk/sdk/2.2.0/src/rp2_common/pico_stdio_usb/reset_interface.c.o
 .text.tud_descriptor_bos_cb
                0x10004414        0x8 CMakeFiles/project1.dir/home/hari/.pico-sdk/sdk/2.2.0/src/rp2_common/pico_stdio_usb/reset_interface.c.o
                0x10004414                tud_descriptor_bos_cb
 .text.tud_vendor_control_xfer_cb
                0x1000441c       0x34 CMakeFiles/project1.dir/home/hari/.pico-sdk/sdk/2.2.0/src/rp2_common/pico_stdio_usb/reset_interface.c.o
                0x1000441c                tud_vendor_control_xfer_cb
 .text.usbd_app_driver_get_cb
                0x10004450        0xc CMakeFiles/project1.dir/home/hari/.pico-sdk/sdk/2.2.0/src/rp2_common/pico_stdio_usb/reset_interface.c.o
                0x10004450                usbd_app_driver_get_cb
 .text.tud_cdc_line_coding_cb
                0x1000445c       0x2c CMakeFiles/project1.dir/home/hari/.pico-sdk/sdk/2.2.0/src/rp2_common/pico_stdio_usb/reset_interface.c.o
                0x1000445c                tud_cdc_line_coding_cb
 .text.stdio_usb_set_chars_available_callback
                0x10004488       0x14 CMakeFiles/project1.dir/home/hari/.pico-sdk/sdk/2.2.0/src/rp2_common/pico_stdio_usb/stdio_usb.c.o
                0x10004488                stdio_usb_set_chars_available_callback
 .text.usb_irq  0x1000449c       0x10 CMakeFiles/project1.dir/home/hari/.pico-sdk/sdk/2.2.0/src/rp2_common/pico_stdio_usb/stdio_usb.c.o
 .text.timer_task
                0x100044ac       0x64 CMakeFiles/project1.dir/home/hari/.pico-sdk/sdk/2.2.0/src/rp2_common/pico_stdio_usb/stdio_usb.c.o
 .text.stdio_usb_in_chars
                0x10004510       0x90 CMakeFiles/project1.dir/home/hari/.pico-sdk/sdk/2.2.0/src/rp2_common/pico_stdio_usb/stdio_usb.c.o
                0x10004510                stdio_usb_in_chars
 .text.stdio_usb_out_flush
                0x100045a0       0x50 CMakeFiles/project1.dir/home/hari/.pico-sdk/sdk/2.2.0/src/rp2_common/pico_stdio_usb/stdio_usb.c.o
 .text.stdio_usb_out_chars
                0x100045f0      0x104 CMakeFiles/project1.dir/home/hari/.pico-sdk/sdk/2.2.0/src/rp2_common/pico_stdio_usb/stdio_usb.c.o
 .text.low_priority_worker_irq
                0x100046f4       0xcc CMakeFiles/project1.dir/home/hari/.pico-sdk/sdk/2.2.0/src/rp2_common/pico_stdio_usb/stdio_usb.c.o
 .text.stdio_usb_init
                0x100047c0       0xec CMakeFiles/project1.dir/home/hari/.pico-sdk/sdk/2.2.0/src/rp2_common/pico_stdio_usb/stdio_usb.c.o
                0x100047c0                stdio_usb_init
 .text.tud_descriptor_device_cb
                0x100048ac        0x8 CMakeFiles/project1.dir/home/hari/.pico-sdk/sdk/2.2.0/src/rp2_common/pico_stdio_usb/stdio_usb_descriptors.c.o
                0x100048ac                tud_descriptor_device_cb
 .text.tud_descriptor_configuration_cb
                0x100048b4        0x8 CMakeFiles/project1.dir/home/hari/.pico-sdk/sdk/2.2.0/src/rp2_common/pico_stdio_usb/stdio_usb_descriptors.c.o
                0x100048b4                tud_descriptor_configuration_cb
 .text.tud_descriptor_string_cb
                0x100048bc       0x78 CMakeFiles/project1.dir/home/hari/.pico-sdk/sdk/2.2.0/src/rp2_common/pico_stdio_usb/stdio_usb_descriptors.c.o
                0x100048bc                tud_descriptor_string_cb
 .text.startup._retrieve_unique_id_on_boot
                0x10004934       0x10 CMakeFiles/project1.dir/home/hari/.pico-sdk/sdk/2.2.0/src/rp2_common/pico_unique_id/unique_id.c.o
 .text.pico_get_unique_board_id_string
                0x10004944      0x1a8 CMakeFiles/project1.dir/home/hari/.pico-sdk/sdk/2.2.0/src/rp2_common/pico_unique_id/unique_id.c.o
                0x10004944                pico_get_unique_board_id_string
 .text.flash_get_unique_id
                0x10004aec       0x3c CMakeFiles/project1.dir/home/hari/.pico-sdk/sdk/2.2.0/src/rp2_common/hardware_flash/flash.c.o
                0x10004aec                flash_get_unique_id
 .text.dcd_init
                0x10004b28       0x90 CMakeFiles/project1.dir/home/hari/.pico-sdk/sdk/2.2.0/lib/tinyusb/src/portable/raspberrypi/rp2040/dcd_rp2040.c.o
                0x10004b28                dcd_init
 .text.dcd_int_enable
                0x10004bb8        0xc CMakeFiles/project1.dir/home/hari/.pico-sdk/sdk/2.2.0/lib/tinyusb/src/portable/raspberrypi/rp2040/dcd_rp2040.c.o
                0x10004bb8                dcd_int_enable
 .text.dcd_set_address
                0x10004bc4       0x14 CMakeFiles/project1.dir/home/hari/.pico-sdk/sdk/2.2.0/lib/tinyusb/src/portable/raspberrypi/rp2040/dcd_rp2040.c.o
                0x10004bc4                dcd_set_address
 .text.dcd_sof_enable
                0x10004bd8       0x1c CMakeFiles/project1.dir/home/hari/.pico-sdk/sdk/2.2.0/lib/tinyusb/src/portable/raspberrypi/rp2040/dcd_rp2040.c.o
                0x10004bd8                dcd_sof_enable
 .text.dcd_edpt0_status_complete
                0x10004bf4       0x1c CMakeFiles/project1.dir/home/hari/.pico-sdk/sdk/2.2.0/lib/tinyusb/src/portable/raspberrypi/rp2040/dcd_rp2040.c.o
                0x10004bf4                dcd_edpt0_status_complete
 .text.dcd_edpt_open
                0x10004c10      0x114 CMakeFiles/project1.dir/home/hari/.pico-sdk/sdk/2.2.0/lib/tinyusb/src/portable/raspberrypi/rp2040/dcd_rp2040.c.o
                0x10004c10                dcd_edpt_open
 .text.dcd_edpt_close_all
                0x10004d24        0x8 CMakeFiles/project1.dir/home/hari/.pico-sdk/sdk/2.2.0/lib/tinyusb/src/portable/raspberrypi/rp2040/dcd_rp2040.c.o
                0x10004d24                dcd_edpt_close_all
 .text.dcd_edpt_xfer
                0x10004d2c       0x24 CMakeFiles/project1.dir/home/hari/.pico-sdk/sdk/2.2.0/lib/tinyusb/src/portable/raspberrypi/rp2040/dcd_rp2040.c.o
                0x10004d2c                dcd_edpt_xfer
 .text.dcd_edpt_stall
                0x10004d50       0x34 CMakeFiles/project1.dir/home/hari/.pico-sdk/sdk/2.2.0/lib/tinyusb/src/portable/raspberrypi/rp2040/dcd_rp2040.c.o
                0x10004d50                dcd_edpt_stall
 .text.dcd_edpt_clear_stall
                0x10004d84       0x30 CMakeFiles/project1.dir/home/hari/.pico-sdk/sdk/2.2.0/lib/tinyusb/src/portable/raspberrypi/rp2040/dcd_rp2040.c.o
                0x10004d84                dcd_edpt_clear_stall
 .text.rp2040_usb_init
                0x10004db4       0x40 CMakeFiles/project1.dir/home/hari/.pico-sdk/sdk/2.2.0/lib/tinyusb/src/portable/raspberrypi/rp2040/rp2040_usb.c.o
                0x10004db4                rp2040_usb_init
 .text.hw_endpoint_xfer_start
                0x10004df4       0x40 CMakeFiles/project1.dir/home/hari/.pico-sdk/sdk/2.2.0/lib/tinyusb/src/portable/raspberrypi/rp2040/rp2040_usb.c.o
                0x10004df4                hw_endpoint_xfer_start
 .text.tud_event_hook_cb
                0x10004e34        0x4 CMakeFiles/project1.dir/home/hari/.pico-sdk/sdk/2.2.0/lib/tinyusb/src/device/usbd.c.o
                0x10004e34                tud_event_hook_cb
 .text.tud_sof_cb
                0x10004e38        0x4 CMakeFiles/project1.dir/home/hari/.pico-sdk/sdk/2.2.0/lib/tinyusb/src/device/usbd.c.o
                0x10004e38                tud_sof_cb
 .text.tud_descriptor_device_qualifier_cb
                0x10004e3c        0x4 CMakeFiles/project1.dir/home/hari/.pico-sdk/sdk/2.2.0/lib/tinyusb/src/device/usbd.c.o
                0x10004e3c                tud_descriptor_device_qualifier_cb
 .text.tud_descriptor_other_speed_configuration_cb
                0x10004e40        0x4 CMakeFiles/project1.dir/home/hari/.pico-sdk/sdk/2.2.0/lib/tinyusb/src/device/usbd.c.o
                0x10004e40                tud_descriptor_other_speed_configuration_cb
 .text.tud_mount_cb
                0x10004e44        0x4 CMakeFiles/project1.dir/home/hari/.pico-sdk/sdk/2.2.0/lib/tinyusb/src/device/usbd.c.o
                0x10004e44                tud_mount_cb
 .text.tud_umount_cb
                0x10004e48        0x4 CMakeFiles/project1.dir/home/hari/.pico-sdk/sdk/2.2.0/lib/tinyusb/src/device/usbd.c.o
                0x10004e48                tud_umount_cb
 .text.tud_suspend_cb
                0x10004e4c        0x4 CMakeFiles/project1.dir/home/hari/.pico-sdk/sdk/2.2.0/lib/tinyusb/src/device/usbd.c.o
                0x10004e4c                tud_suspend_cb
 .text.tud_resume_cb
                0x10004e50        0x4 CMakeFiles/project1.dir/home/hari/.pico-sdk/sdk/2.2.0/lib/tinyusb/src/device/usbd.c.o
                0x10004e50                tud_resume_cb
 .text.tud_mounted
                0x10004e54       0x10 CMakeFiles/project1.dir/home/hari/.pico-sdk/sdk/2.2.0/lib/tinyusb/src/device/usbd.c.o
                0x10004e54                tud_mounted
 .text.tud_suspended
                0x10004e64       0x10 CMakeFiles/project1.dir/home/hari/.pico-sdk/sdk/2.2.0/lib/tinyusb/src/device/usbd.c.o
                0x10004e64                tud_suspended
 .text.tud_rhport_init
                0x10004e74       0xfc CMakeFiles/project1.dir/home/hari/.pico-sdk/sdk/2.2.0/lib/tinyusb/src/device/usbd.c.o
                0x10004e74                tud_rhport_init
 .text.tud_task_ext
                0x10004f70      0x800 CMakeFiles/project1.dir/home/hari/.pico-sdk/sdk/2.2.0/lib/tinyusb/src/device/usbd.c.o
                0x10004f70                tud_task_ext
 .text.usbd_open_edpt_pair
                0x10005770       0x9c CMakeFiles/project1.dir/home/hari/.pico-sdk/sdk/2.2.0/lib/tinyusb/src/device/usbd.c.o
                0x10005770                usbd_open_edpt_pair
 .text.usbd_edpt_open
                0x1000580c       0x34 CMakeFiles/project1.dir/home/hari/.pico-sdk/sdk/2.2.0/lib/tinyusb/src/device/usbd.c.o
                0x1000580c                usbd_edpt_open
 .text.usbd_edpt_claim
                0x10005840       0x28 CMakeFiles/project1.dir/home/hari/.pico-sdk/sdk/2.2.0/lib/tinyusb/src/device/usbd.c.o
                0x10005840                usbd_edpt_claim
 .text.usbd_edpt_release
                0x10005868       0x28 CMakeFiles/project1.dir/home/hari/.pico-sdk/sdk/2.2.0/lib/tinyusb/src/device/usbd.c.o
                0x10005868                usbd_edpt_release
 .text.usbd_edpt_xfer
                0x10005890       0x4c CMakeFiles/project1.dir/home/hari/.pico-sdk/sdk/2.2.0/lib/tinyusb/src/device/usbd.c.o
                0x10005890                usbd_edpt_xfer
 .text.tud_control_status
                0x100058dc       0x2c CMakeFiles/project1.dir/home/hari/.pico-sdk/sdk/2.2.0/lib/tinyusb/src/device/usbd_control.c.o
                0x100058dc                tud_control_status
 .text.tud_control_xfer
                0x10005908       0xac CMakeFiles/project1.dir/home/hari/.pico-sdk/sdk/2.2.0/lib/tinyusb/src/device/usbd_control.c.o
                0x10005908                tud_control_xfer
 .text.usbd_control_reset
                0x100059b4       0x14 CMakeFiles/project1.dir/home/hari/.pico-sdk/sdk/2.2.0/lib/tinyusb/src/device/usbd_control.c.o
                0x100059b4                usbd_control_reset
 .text.usbd_control_set_complete_callback
                0x100059c8        0xc CMakeFiles/project1.dir/home/hari/.pico-sdk/sdk/2.2.0/lib/tinyusb/src/device/usbd_control.c.o
                0x100059c8                usbd_control_set_complete_callback
 .text.usbd_control_set_request
                0x100059d4       0x1c CMakeFiles/project1.dir/home/hari/.pico-sdk/sdk/2.2.0/lib/tinyusb/src/device/usbd_control.c.o
                0x100059d4                usbd_control_set_request
 .text.usbd_control_xfer_cb
                0x100059f0       0xec CMakeFiles/project1.dir/home/hari/.pico-sdk/sdk/2.2.0/lib/tinyusb/src/device/usbd_control.c.o
                0x100059f0                usbd_control_xfer_cb
 .text._prep_out_transaction.isra.0
                0x10005adc       0x6c CMakeFiles/project1.dir/home/hari/.pico-sdk/sdk/2.2.0/lib/tinyusb/src/class/cdc/cdc_device.c.o
 .text.tud_cdc_n_connected
                0x10005b48       0x2c CMakeFiles/project1.dir/home/hari/.pico-sdk/sdk/2.2.0/lib/tinyusb/src/class/cdc/cdc_device.c.o
                0x10005b48                tud_cdc_n_connected
 .text.tud_cdc_n_available
                0x10005b74       0x14 CMakeFiles/project1.dir/home/hari/.pico-sdk/sdk/2.2.0/lib/tinyusb/src/class/cdc/cdc_device.c.o
                0x10005b74                tud_cdc_n_available
 .text.tud_cdc_n_read
                0x10005b88       0x94 CMakeFiles/project1.dir/home/hari/.pico-sdk/sdk/2.2.0/lib/tinyusb/src/class/cdc/cdc_device.c.o
                0x10005b88                tud_cdc_n_read
 .text.tud_cdc_n_write_flush
                0x10005c1c       0x74 CMakeFiles/project1.dir/home/hari/.pico-sdk/sdk/2.2.0/lib/tinyusb/src/class/cdc/cdc_device.c.o
                0x10005c1c                tud_cdc_n_write_flush
 .text.tud_cdc_n_write
                0x10005c90       0x40 CMakeFiles/project1.dir/home/hari/.pico-sdk/sdk/2.2.0/lib/tinyusb/src/class/cdc/cdc_device.c.o
                0x10005c90                tud_cdc_n_write
 .text.tud_cdc_n_write_available
                0x10005cd0       0x14 CMakeFiles/project1.dir/home/hari/.pico-sdk/sdk/2.2.0/lib/tinyusb/src/class/cdc/cdc_device.c.o
                0x10005cd0                tud_cdc_n_write_available
 .text.cdcd_init
                0x10005ce4       0x70 CMakeFiles/project1.dir/home/hari/.pico-sdk/sdk/2.2.0/lib/tinyusb/src/class/cdc/cdc_device.c.o
                0x10005ce4                cdcd_init
 .text.cdcd_deinit
                0x10005d54       0x34 CMakeFiles/project1.dir/home/hari/.pico-sdk/sdk/2.2.0/lib/tinyusb/src/class/cdc/cdc_device.c.o
                0x10005d54                cdcd_deinit
 .text.cdcd_reset
                0x10005d88       0x4c CMakeFiles/project1.dir/home/hari/.pico-sdk/sdk/2.2.0/lib/tinyusb/src/class/cdc/cdc_device.c.o
                0x10005d88                cdcd_reset
 .text.cdcd_open
                0x10005dd4       0xa8 CMakeFiles/project1.dir/home/hari/.pico-sdk/sdk/2.2.0/lib/tinyusb/src/class/cdc/cdc_device.c.o
                0x10005dd4                cdcd_open
 .text.cdcd_control_xfer_cb
                0x10005e7c       0xe8 CMakeFiles/project1.dir/home/hari/.pico-sdk/sdk/2.2.0/lib/tinyusb/src/class/cdc/cdc_device.c.o
                0x10005e7c                cdcd_control_xfer_cb
 .text.cdcd_xfer_cb
                0x10005f64      0x100 CMakeFiles/project1.dir/home/hari/.pico-sdk/sdk/2.2.0/lib/tinyusb/src/class/cdc/cdc_device.c.o
                0x10005f64                cdcd_xfer_cb
 .text.vendord_init
                0x10006064       0x5c CMakeFiles/project1.dir/home/hari/.pico-sdk/sdk/2.2.0/lib/tinyusb/src/class/vendor/vendor_device.c.o
                0x10006064                vendord_init
 .text.vendord_deinit
                0x100060c0       0x1c CMakeFiles/project1.dir/home/hari/.pico-sdk/sdk/2.2.0/lib/tinyusb/src/class/vendor/vendor_device.c.o
                0x100060c0                vendord_deinit
 .text.vendord_reset
                0x100060dc       0x28 CMakeFiles/project1.dir/home/hari/.pico-sdk/sdk/2.2.0/lib/tinyusb/src/class/vendor/vendor_device.c.o
                0x100060dc                vendord_reset
 .text.vendord_open
                0x10006104      0x128 CMakeFiles/project1.dir/home/hari/.pico-sdk/sdk/2.2.0/lib/tinyusb/src/class/vendor/vendor_device.c.o
                0x10006104                vendord_open
 .text.vendord_xfer_cb
                0x1000622c       0x9c CMakeFiles/project1.dir/home/hari/.pico-sdk/sdk/2.2.0/lib/tinyusb/src/class/vendor/vendor_device.c.o
                0x1000622c                vendord_xfer_cb
 .text.tusb_rhport_init
                0x100062c8       0x48 CMakeFiles/project1.dir/home/hari/.pico-sdk/sdk/2.2.0/lib/tinyusb/src/tusb.c.o
                0x100062c8                tusb_rhport_init
 .text.tu_edpt_claim
                0x10006310       0x50 CMakeFiles/project1.dir/home/hari/.pico-sdk/sdk/2.2.0/lib/tinyusb/src/tusb.c.o
                0x10006310                tu_edpt_claim
 .text.tu_edpt_release
                0x10006360       0x38 CMakeFiles/project1.dir/home/hari/.pico-sdk/sdk/2.2.0/lib/tinyusb/src/tusb.c.o
                0x10006360                tu_edpt_release
 .text.tu_edpt_validate
                0x10006398       0x7c CMakeFiles/project1.dir/home/hari/.pico-sdk/sdk/2.2.0/lib/tinyusb/src/tusb.c.o
                0x10006398                tu_edpt_validate
 .text.tu_edpt_bind_driver
                0x10006414       0x34 CMakeFiles/project1.dir/home/hari/.pico-sdk/sdk/2.2.0/lib/tinyusb/src/tusb.c.o
                0x10006414                tu_edpt_bind_driver
 .text.tu_edpt_stream_init
                0x10006448       0x6c CMakeFiles/project1.dir/home/hari/.pico-sdk/sdk/2.2.0/lib/tinyusb/src/tusb.c.o
                0x10006448                tu_edpt_stream_init
 .text.tu_edpt_stream_deinit
                0x100064b4        0x4 CMakeFiles/project1.dir/home/hari/.pico-sdk/sdk/2.2.0/lib/tinyusb/src/tusb.c.o
                0x100064b4                tu_edpt_stream_deinit
 .text.tu_edpt_stream_write_zlp_if_needed
                0x100064b8       0x68 CMakeFiles/project1.dir/home/hari/.pico-sdk/sdk/2.2.0/lib/tinyusb/src/tusb.c.o
                0x100064b8                tu_edpt_stream_write_zlp_if_needed
 .text.tu_edpt_stream_write_xfer
                0x10006520       0x64 CMakeFiles/project1.dir/home/hari/.pico-sdk/sdk/2.2.0/lib/tinyusb/src/tusb.c.o
                0x10006520                tu_edpt_stream_write_xfer
 .text.tu_edpt_stream_read_xfer
                0x10006584       0xdc CMakeFiles/project1.dir/home/hari/.pico-sdk/sdk/2.2.0/lib/tinyusb/src/tusb.c.o
                0x10006584                tu_edpt_stream_read_xfer
 .text.tu_fifo_config
                0x10006660       0x6c CMakeFiles/project1.dir/home/hari/.pico-sdk/sdk/2.2.0/lib/tinyusb/src/common/tusb_fifo.c.o
                0x10006660                tu_fifo_config
 .text.tu_fifo_count
                0x100066cc       0x2c CMakeFiles/project1.dir/home/hari/.pico-sdk/sdk/2.2.0/lib/tinyusb/src/common/tusb_fifo.c.o
                0x100066cc                tu_fifo_count
 .text.tu_fifo_empty
                0x100066f8       0x10 CMakeFiles/project1.dir/home/hari/.pico-sdk/sdk/2.2.0/lib/tinyusb/src/common/tusb_fifo.c.o
                0x100066f8                tu_fifo_empty
 .text.tu_fifo_remaining
                0x10006708       0x2c CMakeFiles/project1.dir/home/hari/.pico-sdk/sdk/2.2.0/lib/tinyusb/src/common/tusb_fifo.c.o
                0x10006708                tu_fifo_remaining
 .text.tu_fifo_read
                0x10006734       0x9c CMakeFiles/project1.dir/home/hari/.pico-sdk/sdk/2.2.0/lib/tinyusb/src/common/tusb_fifo.c.o
                0x10006734                tu_fifo_read
 .text.tu_fifo_read_n
                0x100067d0       0xe8 CMakeFiles/project1.dir/home/hari/.pico-sdk/sdk/2.2.0/lib/tinyusb/src/common/tusb_fifo.c.o
                0x100067d0                tu_fifo_read_n
 .text.tu_fifo_write
                0x100068b8       0xa8 CMakeFiles/project1.dir/home/hari/.pico-sdk/sdk/2.2.0/lib/tinyusb/src/common/tusb_fifo.c.o
                0x100068b8                tu_fifo_write
 .text.tu_fifo_write_n
                0x10006960      0x178 CMakeFiles/project1.dir/home/hari/.pico-sdk/sdk/2.2.0/lib/tinyusb/src/common/tusb_fifo.c.o
                0x10006960                tu_fifo_write_n
 .text.tu_fifo_clear
                0x10006ad8       0x40 CMakeFiles/project1.dir/home/hari/.pico-sdk/sdk/2.2.0/lib/tinyusb/src/common/tusb_fifo.c.o
                0x10006ad8                tu_fifo_clear
 .text.tu_fifo_set_overwritable
                0x10006b18       0x48 CMakeFiles/project1.dir/home/hari/.pico-sdk/sdk/2.2.0/lib/tinyusb/src/common/tusb_fifo.c.o
                0x10006b18                tu_fifo_set_overwritable
 .text.i2c_read_blocking_internal.constprop.0
                0x10006b60       0x98 CMakeFiles/project1.dir/home/hari/.pico-sdk/sdk/2.2.0/src/rp2_common/hardware_i2c/i2c.c.o
 .text.i2c_write_blocking_internal.constprop.0
                0x10006bf8       0xd0 CMakeFiles/project1.dir/home/hari/.pico-sdk/sdk/2.2.0/src/rp2_common/hardware_i2c/i2c.c.o
 .text.i2c_set_baudrate
                0x10006cc8       0xc0 CMakeFiles/project1.dir/home/hari/.pico-sdk/sdk/2.2.0/src/rp2_common/hardware_i2c/i2c.c.o
                0x10006cc8                i2c_set_baudrate
 .text.i2c_init
                0x10006d88       0x50 CMakeFiles/project1.dir/home/hari/.pico-sdk/sdk/2.2.0/src/rp2_common/hardware_i2c/i2c.c.o
                0x10006d88                i2c_init
 .text.i2c_write_blocking
                0x10006dd8       0x14 CMakeFiles/project1.dir/home/hari/.pico-sdk/sdk/2.2.0/src/rp2_common/hardware_i2c/i2c.c.o
                0x10006dd8                i2c_write_blocking
 .text.i2c_read_blocking
                0x10006dec       0x14 CMakeFiles/project1.dir/home/hari/.pico-sdk/sdk/2.2.0/src/rp2_common/hardware_i2c/i2c.c.o
                0x10006dec                i2c_read_blocking
 .text          0x10006e00       0x10 /usr/lib/gcc/arm-none-eabi/13.2.1/../../../arm-none-eabi/lib/thumb/v6-m/nofp/libg.a(libc_a-atexit.o)
                0x10006e00                atexit
 .text          0x10006e10       0x5c /usr/lib/gcc/arm-none-eabi/13.2.1/../../../arm-none-eabi/lib/thumb/v6-m/nofp/libg.a(libc_a-strlen-stub.o)
                0x10006e10                strlen
 .text          0x10006e6c       0x28 /usr/lib/gcc/arm-none-eabi/13.2.1/../../../arm-none-eabi/lib/thumb/v6-m/nofp/libg.a(libc_a-fini.o)
                0x10006e6c                __libc_fini_array
 .text          0x10006e94       0x78 /usr/lib/gcc/arm-none-eabi/13.2.1/../../../arm-none-eabi/lib/thumb/v6-m/nofp/libg.a(libc_a-__atexit.o)
                0x10006e94                __register_exitproc
 .text.startup  0x10006f0c       0x18 /usr/lib/gcc/arm-none-eabi/13.2.1/../../../arm-none-eabi/lib/thumb/v6-m/nofp/libg.a(libc_a-__call_atexit.o)
 *(.fini)
 .fini          0x10006f24        0x4 /usr/lib/gcc/arm-none-eabi/13.2.1/thumb/v6-m/nofp/crti.o
                0x10006f24                _fini
 .fini.__stub   0x10006f28       0xc0 linker stubs
 *crtbegin.o(.ctors)
 *crtbegin?.o(.ctors)
 *(EXCLUDE_FILE(*crtend.o *crtend?.o) .ctors)
 *(SORT_BY_NAME(.ctors.*))
 *(.ctors)
 *crtbegin.o(.dtors)
 *crtbegin?.o(.dtors)
 *(EXCLUDE_FILE(*crtend.o *crtend?.o) .dtors)
 *(SORT_BY_NAME(.dtors.*))
 *(.dtors)
                0x10006fe8                        . = ALIGN (0x4)
                0x10006fe8                        PROVIDE (__preinit_array_start = .)
 *(SORT_BY_NAME(.preinit_array.*))
 .preinit_array.00100
                0x10006fe8        0x4 CMakeFiles/project1.dir/home/hari/.pico-sdk/sdk/2.2.0/src/rp2_common/pico_runtime_init/runtime_init.c.o
                0x10006fe8                __pre_init_runtime_init_early_resets
 .preinit_array.00101
                0x10006fec        0x4 CMakeFiles/project1.dir/home/hari/.pico-sdk/sdk/2.2.0/src/rp2_common/pico_runtime_init/runtime_init.c.o
                0x10006fec                __pre_init_runtime_init_usb_power_down
 .preinit_array.00275
                0x10006ff0        0x4 CMakeFiles/project1.dir/home/hari/.pico-sdk/sdk/2.2.0/src/rp2_common/pico_bit_ops/bit_ops_aeabi.S.o
 .preinit_array.00300
                0x10006ff4        0x4 CMakeFiles/project1.dir/home/hari/.pico-sdk/sdk/2.2.0/src/rp2_common/pico_mem_ops/mem_ops_aeabi.S.o
 .preinit_array.00350
                0x10006ff8        0x4 CMakeFiles/project1.dir/home/hari/.pico-sdk/sdk/2.2.0/src/rp2_common/pico_double/double_aeabi_rp2040.S.o
 .preinit_array.00350
                0x10006ffc        0x4 CMakeFiles/project1.dir/home/hari/.pico-sdk/sdk/2.2.0/src/rp2_common/pico_float/float_aeabi_rp2040.S.o
 .preinit_array.00500
                0x10007000        0x4 CMakeFiles/project1.dir/home/hari/.pico-sdk/sdk/2.2.0/src/rp2_common/pico_runtime_init/runtime_init.c.o
                0x10007000                __pre_init_runtime_init_clocks
 .preinit_array.00600
                0x10007004        0x4 CMakeFiles/project1.dir/home/hari/.pico-sdk/sdk/2.2.0/src/rp2_common/pico_runtime_init/runtime_init.c.o
                0x10007004                __pre_init_runtime_init_post_clock_resets
 .preinit_array.00700
                0x10007008        0x4 CMakeFiles/project1.dir/home/hari/.pico-sdk/sdk/2.2.0/src/rp2_common/pico_runtime_init/runtime_init.c.o
                0x10007008                __pre_init_runtime_init_rp2040_gpio_ie_disable
 .preinit_array.01000
                0x1000700c        0x4 CMakeFiles/project1.dir/home/hari/.pico-sdk/sdk/2.2.0/src/rp2_common/pico_runtime_init/runtime_init.c.o
                0x1000700c                __pre_init_runtime_init_spin_locks_reset
 .preinit_array.01100
                0x10007010        0x4 CMakeFiles/project1.dir/home/hari/.pico-sdk/sdk/2.2.0/src/common/pico_sync/mutex.c.o
                0x10007010                __pre_init_runtime_init_mutex
 .preinit_array.10080
                0x10007014        0x4 CMakeFiles/project1.dir/home/hari/.pico-sdk/sdk/2.2.0/src/rp2_common/pico_runtime_init/runtime_init.c.o
                0x10007014                __pre_init_runtime_init_install_ram_vector_table
 .preinit_array.11000
                0x10007018        0x4 CMakeFiles/project1.dir/home/hari/.pico-sdk/sdk/2.2.0/src/common/pico_time/time.c.o
                0x10007018                __pre_init_runtime_init_default_alarm_pool
 .preinit_array.YYYYY
                0x1000701c        0x4 CMakeFiles/project1.dir/home/hari/.pico-sdk/sdk/2.2.0/src/rp2_common/pico_runtime/runtime.c.o
                0x1000701c                __pre_init_first_per_core_initializer
 .preinit_array.ZZZZZ.01200
                0x10007020        0x4 CMakeFiles/project1.dir/home/hari/.pico-sdk/sdk/2.2.0/src/rp2_common/hardware_irq/irq.c.o
                0x10007020                __pre_init_runtime_init_per_core_irq_priorities
 *(.preinit_array)
                0x10007024                        PROVIDE (__preinit_array_end = .)
                0x10007024                        . = ALIGN (0x4)
                0x10007024                        PROVIDE (__init_array_start = .)
 *(SORT_BY_NAME(.init_array.*))
 .init_array.00000
                0x10007024        0x4 /usr/lib/gcc/arm-none-eabi/13.2.1/../../../arm-none-eabi/lib/thumb/v6-m/nofp/libg.a(libc_a-__call_atexit.o)
 .init_array.01000
                0x10007028        0x4 CMakeFiles/project1.dir/home/hari/.pico-sdk/sdk/2.2.0/src/rp2_common/pico_unique_id/unique_id.c.o
 *(.init_array)
 .init_array    0x1000702c        0x4 /usr/lib/gcc/arm-none-eabi/13.2.1/thumb/v6-m/nofp/crtbegin.o
                0x10007030                        PROVIDE (__init_array_end = .)
                0x10007030                        . = ALIGN (0x4)
                0x10007030                        PROVIDE (__fini_array_start = .)
 *(SORT_BY_NAME(.fini_array.*))
 *(.fini_array)
                0x10007030                        PROVIDE (__fini_array_end = .)
 *(.eh_frame*)
 .eh_frame      0x10007030        0x0 /usr/lib/gcc/arm-none-eabi/13.2.1/thumb/v6-m/nofp/crtbegin.o
                0x10007030                        . = ALIGN (0x4)

.glue_7         0x10007030        0x0
 .glue_7        0x10007030        0x0 linker stubs

.glue_7t        0x10007030        0x0
 .glue_7t       0x10007030        0x0 linker stubs

.vfp11_veneer   0x10007030        0x0
 .vfp11_veneer  0x10007030        0x0 linker stubs

.v4_bx          0x10007030        0x0
 .v4_bx         0x10007030        0x0 linker stubs

.iplt           0x10007030        0x0
 .iplt          0x10007030        0x0 /usr/lib/gcc/arm-none-eabi/13.2.1/thumb/v6-m/nofp/crtbegin.o

.rodata         0x10007030      0x654
 *(EXCLUDE_FILE(*libm.a: *libc.a:*lib_a-mem*.o *libgcc.a:) .rodata*)
 .rodata.main.str1.4
                0x10007030      0x1ac CMakeFiles/project1.dir/main.cpp.o
                                 0x23 (size before relaxing)
 .rodata.panic.str1.4
                0x100071dc       0x12 CMakeFiles/project1.dir/home/hari/.pico-sdk/sdk/2.2.0/src/rp2_common/pico_platform_panic/panic.c.o
 .rodata.spin_lock_claim_unused.str1.4
                0x100071dc       0x1b CMakeFiles/project1.dir/home/hari/.pico-sdk/sdk/2.2.0/src/rp2_common/hardware_sync/sync.c.o
 .rodata.user_irq_claim_unused.str1.4
                0x100071dc       0x1b CMakeFiles/project1.dir/home/hari/.pico-sdk/sdk/2.2.0/src/rp2_common/hardware_irq/irq.c.o
 .rodata.timer_hardware_alarm_claim.str1.4
                0x100071dc       0x22 CMakeFiles/project1.dir/home/hari/.pico-sdk/sdk/2.2.0/src/rp2_common/hardware_timer/timer.c.o
 .rodata.hard_assertion_failure.str1.4
                0x100071dc        0xc CMakeFiles/project1.dir/home/hari/.pico-sdk/sdk/2.2.0/src/rp2_common/pico_runtime/runtime.c.o
 .rodata.missing_double_func_shim.str1.4
                0x100071dc       0x18 CMakeFiles/project1.dir/home/hari/.pico-sdk/sdk/2.2.0/src/rp2_common/pico_double/double_init_rom_rp2040.c.o
 .rodata.missing_float_func_shim.str1.4
                0x100071dc        0x1 CMakeFiles/project1.dir/home/hari/.pico-sdk/sdk/2.2.0/src/rp2_common/pico_float/float_init_rom_rp2040.c.o
 .rodata.str1.4
                0x100071dc       0x40 CMakeFiles/project1.dir/home/hari/.pico-sdk/sdk/2.2.0/src/rp2_common/pico_standard_binary_info/standard_binary_info.c.o
 .rodata.__bi_84
                0x100071dc        0xc CMakeFiles/project1.dir/home/hari/.pico-sdk/sdk/2.2.0/src/rp2_common/pico_standard_binary_info/standard_binary_info.c.o
 .rodata.__bi_78
                0x100071e8        0xc CMakeFiles/project1.dir/home/hari/.pico-sdk/sdk/2.2.0/src/rp2_common/pico_standard_binary_info/standard_binary_info.c.o
 .rodata.__bi_54
                0x100071f4        0xc CMakeFiles/project1.dir/home/hari/.pico-sdk/sdk/2.2.0/src/rp2_common/pico_standard_binary_info/standard_binary_info.c.o
 .rodata.__bi_48
                0x10007200        0xc CMakeFiles/project1.dir/home/hari/.pico-sdk/sdk/2.2.0/src/rp2_common/pico_standard_binary_info/standard_binary_info.c.o
 .rodata.__bi_42
                0x1000720c        0xc CMakeFiles/project1.dir/home/hari/.pico-sdk/sdk/2.2.0/src/rp2_common/pico_standard_binary_info/standard_binary_info.c.o
 .rodata.__bi_34
                0x10007218        0xc CMakeFiles/project1.dir/home/hari/.pico-sdk/sdk/2.2.0/src/rp2_common/pico_standard_binary_info/standard_binary_info.c.o
 .rodata.__bi_26
                0x10007224        0xc CMakeFiles/project1.dir/home/hari/.pico-sdk/sdk/2.2.0/src/rp2_common/pico_standard_binary_info/standard_binary_info.c.o
 .rodata._ftoa.str1.4
                0x10007230       0x15 CMakeFiles/project1.dir/home/hari/.pico-sdk/sdk/2.2.0/src/rp2_common/pico_printf/printf.c.o
 .rodata._vsnprintf
                0x10007230      0x19c CMakeFiles/project1.dir/home/hari/.pico-sdk/sdk/2.2.0/src/rp2_common/pico_printf/printf.c.o
 *fill*         0x100073cc        0x4 
 .rodata.pow10.0
                0x100073d0       0x50 CMakeFiles/project1.dir/home/hari/.pico-sdk/sdk/2.2.0/src/rp2_common/pico_printf/printf.c.o
 .rodata.crlf_str.0
                0x10007420        0x2 CMakeFiles/project1.dir/home/hari/.pico-sdk/sdk/2.2.0/src/rp2_common/pico_stdio/stdio.c.o
 *fill*         0x10007422        0x2 
 .rodata._resetd_driver
                0x10007424       0x20 CMakeFiles/project1.dir/home/hari/.pico-sdk/sdk/2.2.0/src/rp2_common/pico_stdio_usb/reset_interface.c.o
 .rodata.desc_ms_os_20
                0x10007444       0xa6 CMakeFiles/project1.dir/home/hari/.pico-sdk/sdk/2.2.0/src/rp2_common/pico_stdio_usb/reset_interface.c.o
 *fill*         0x100074ea        0x2 
 .rodata.desc_bos
                0x100074ec       0x21 CMakeFiles/project1.dir/home/hari/.pico-sdk/sdk/2.2.0/src/rp2_common/pico_stdio_usb/reset_interface.c.o
                0x100074ec                desc_bos
 .rodata.str1.4
                0x1000750d       0x13 CMakeFiles/project1.dir/home/hari/.pico-sdk/sdk/2.2.0/src/rp2_common/pico_stdio_usb/stdio_usb.c.o
 *fill*         0x1000750d        0x3 
 .rodata.__bi_202.0
                0x10007510        0xc CMakeFiles/project1.dir/home/hari/.pico-sdk/sdk/2.2.0/src/rp2_common/pico_stdio_usb/stdio_usb.c.o
 .rodata.str1.4
                0x1000751c       0x2a CMakeFiles/project1.dir/home/hari/.pico-sdk/sdk/2.2.0/src/rp2_common/pico_stdio_usb/stdio_usb_descriptors.c.o
 .rodata.usbd_desc_str
                0x1000751c       0x18 CMakeFiles/project1.dir/home/hari/.pico-sdk/sdk/2.2.0/src/rp2_common/pico_stdio_usb/stdio_usb_descriptors.c.o
 .rodata.usbd_desc_cfg
                0x10007534       0x54 CMakeFiles/project1.dir/home/hari/.pico-sdk/sdk/2.2.0/src/rp2_common/pico_stdio_usb/stdio_usb_descriptors.c.o
 .rodata.usbd_desc_device
                0x10007588       0x12 CMakeFiles/project1.dir/home/hari/.pico-sdk/sdk/2.2.0/src/rp2_common/pico_stdio_usb/stdio_usb_descriptors.c.o
 .rodata.str1.4
                0x1000759a       0x14 CMakeFiles/project1.dir/home/hari/.pico-sdk/sdk/2.2.0/lib/tinyusb/src/portable/raspberrypi/rp2040/dcd_rp2040.c.o
 .rodata.str1.4
                0x1000759a       0x48 CMakeFiles/project1.dir/home/hari/.pico-sdk/sdk/2.2.0/lib/tinyusb/src/portable/raspberrypi/rp2040/rp2040_usb.c.o
 *fill*         0x1000759a        0x2 
 .rodata.tud_task_ext
                0x1000759c       0x8c CMakeFiles/project1.dir/home/hari/.pico-sdk/sdk/2.2.0/lib/tinyusb/src/device/usbd.c.o
 .rodata        0x10007628       0x1c CMakeFiles/project1.dir/home/hari/.pico-sdk/sdk/2.2.0/lib/tinyusb/src/device/usbd.c.o
 .rodata._usbd_driver
                0x10007644       0x40 CMakeFiles/project1.dir/home/hari/.pico-sdk/sdk/2.2.0/lib/tinyusb/src/device/usbd.c.o
                0x10007684                        . = ALIGN (0x4)
 *(SORT_BY_ALIGNMENT(SORT_BY_NAME(.flashdata*)))
                0x10007684                        . = ALIGN (0x4)

.ARM.extab
 *(.ARM.extab* .gnu.linkonce.armextab.*)
                0x10007684                        __exidx_start = .

.ARM.exidx
 *(.ARM.exidx* .gnu.linkonce.armexidx.*)
                0x10007684                        __exidx_end = .
                0x10007684                        . = ALIGN (0x4)
                0x10007684                        __binary_info_start = .

.binary_info    0x10007684       0x20
 *(.binary_info.keep.*)
 .binary_info.keep.__bi_ptr84
                0x10007684        0x4 CMakeFiles/project1.dir/home/hari/.pico-sdk/sdk/2.2.0/src/rp2_common/pico_standard_binary_info/standard_binary_info.c.o
 .binary_info.keep.__bi_ptr78
                0x10007688        0x4 CMakeFiles/project1.dir/home/hari/.pico-sdk/sdk/2.2.0/src/rp2_common/pico_standard_binary_info/standard_binary_info.c.o
 .binary_info.keep.__bi_ptr54
                0x1000768c        0x4 CMakeFiles/project1.dir/home/hari/.pico-sdk/sdk/2.2.0/src/rp2_common/pico_standard_binary_info/standard_binary_info.c.o
 .binary_info.keep.__bi_ptr48
                0x10007690        0x4 CMakeFiles/project1.dir/home/hari/.pico-sdk/sdk/2.2.0/src/rp2_common/pico_standard_binary_info/standard_binary_info.c.o
 .binary_info.keep.__bi_ptr42
                0x10007694        0x4 CMakeFiles/project1.dir/home/hari/.pico-sdk/sdk/2.2.0/src/rp2_common/pico_standard_binary_info/standard_binary_info.c.o
 .binary_info.keep.__bi_ptr34
                0x10007698        0x4 CMakeFiles/project1.dir/home/hari/.pico-sdk/sdk/2.2.0/src/rp2_common/pico_standard_binary_info/standard_binary_info.c.o
 .binary_info.keep.__bi_ptr26
                0x1000769c        0x4 CMakeFiles/project1.dir/home/hari/.pico-sdk/sdk/2.2.0/src/rp2_common/pico_standard_binary_info/standard_binary_info.c.o
 *(.binary_info.*)
 .binary_info.__bi_ptr202
                0x100076a0        0x4 CMakeFiles/project1.dir/home/hari/.pico-sdk/sdk/2.2.0/src/rp2_common/pico_stdio_usb/stdio_usb.c.o
                0x100076a4                        __binary_info_end = .
                0x100076a4                        . = ALIGN (0x4)

.ram_vector_table
                0x20000000       0xc0
 *(.ram_vector_table)
 .ram_vector_table
                0x20000000       0xc0 CMakeFiles/project1.dir/home/hari/.pico-sdk/sdk/2.2.0/src/rp2_common/pico_runtime_init/runtime_init.c.o
                0x20000000                ram_vector_table

.uninitialized_data
                0x200000c0        0x0
                0x200000c0                        . = ALIGN (0x4)
 *(.uninitialized_data*)

.data           0x200000c0      0xfe0 load address 0x100076a4
                0x200000c0                        __data_start__ = .
 *(vtable)
 *(.time_critical*)
 .time_critical.mutex_try_enter
                0x200000c0       0x40 CMakeFiles/project1.dir/home/hari/.pico-sdk/sdk/2.2.0/src/common/pico_sync/mutex.c.o
                0x200000c0                mutex_try_enter
 .time_critical.mutex_try_enter_block_until
                0x20000100       0x9c CMakeFiles/project1.dir/home/hari/.pico-sdk/sdk/2.2.0/src/common/pico_sync/mutex.c.o
                0x20000100                mutex_try_enter_block_until
 .time_critical.mutex_enter_timeout_ms
                0x2000019c       0x90 CMakeFiles/project1.dir/home/hari/.pico-sdk/sdk/2.2.0/src/common/pico_sync/mutex.c.o
                0x2000019c                mutex_enter_timeout_ms
 .time_critical.mutex_exit
                0x2000022c       0x28 CMakeFiles/project1.dir/home/hari/.pico-sdk/sdk/2.2.0/src/common/pico_sync/mutex.c.o
                0x2000022c                mutex_exit
 .time_critical.flash_init_boot2_copyout
                0x20000254       0x30 CMakeFiles/project1.dir/home/hari/.pico-sdk/sdk/2.2.0/src/rp2_common/hardware_flash/flash.c.o
 .time_critical.flash_enable_xip_via_boot2
                0x20000284        0xc CMakeFiles/project1.dir/home/hari/.pico-sdk/sdk/2.2.0/src/rp2_common/hardware_flash/flash.c.o
 .time_critical.flash_save_hardware_state
                0x20000290       0x20 CMakeFiles/project1.dir/home/hari/.pico-sdk/sdk/2.2.0/src/rp2_common/hardware_flash/flash.c.o
 .time_critical.flash_restore_hardware_state
                0x200002b0       0x20 CMakeFiles/project1.dir/home/hari/.pico-sdk/sdk/2.2.0/src/rp2_common/hardware_flash/flash.c.o
 .time_critical.flash_cs_force
                0x200002d0       0x38 CMakeFiles/project1.dir/home/hari/.pico-sdk/sdk/2.2.0/src/rp2_common/hardware_flash/flash.c.o
 .time_critical.flash_do_cmd
                0x20000308       0xd0 CMakeFiles/project1.dir/home/hari/.pico-sdk/sdk/2.2.0/src/rp2_common/hardware_flash/flash.c.o
                0x20000308                flash_do_cmd
 .time_critical.reset_non_control_endpoints
                0x200003d8       0x68 CMakeFiles/project1.dir/home/hari/.pico-sdk/sdk/2.2.0/lib/tinyusb/src/portable/raspberrypi/rp2040/dcd_rp2040.c.o
 .time_critical.hw_handle_buff_status
                0x20000440       0xa0 CMakeFiles/project1.dir/home/hari/.pico-sdk/sdk/2.2.0/lib/tinyusb/src/portable/raspberrypi/rp2040/dcd_rp2040.c.o
 .time_critical.dcd_rp2040_irq
                0x200004e0      0x544 CMakeFiles/project1.dir/home/hari/.pico-sdk/sdk/2.2.0/lib/tinyusb/src/portable/raspberrypi/rp2040/dcd_rp2040.c.o
 .time_critical.prepare_ep_buffer
                0x20000a24       0xe0 CMakeFiles/project1.dir/home/hari/.pico-sdk/sdk/2.2.0/lib/tinyusb/src/portable/raspberrypi/rp2040/rp2040_usb.c.o
 .time_critical.sync_ep_buffer
                0x20000b04       0xa8 CMakeFiles/project1.dir/home/hari/.pico-sdk/sdk/2.2.0/lib/tinyusb/src/portable/raspberrypi/rp2040/rp2040_usb.c.o
 .time_critical._hw_endpoint_xfer_sync
                0x20000bac       0x28 CMakeFiles/project1.dir/home/hari/.pico-sdk/sdk/2.2.0/lib/tinyusb/src/portable/raspberrypi/rp2040/rp2040_usb.c.o
 .time_critical.e15_is_bulkin_ep
                0x20000bd4       0x28 CMakeFiles/project1.dir/home/hari/.pico-sdk/sdk/2.2.0/lib/tinyusb/src/portable/raspberrypi/rp2040/rp2040_usb.c.o
 .time_critical.e15_is_critical_frame_period
                0x20000bfc       0x34 CMakeFiles/project1.dir/home/hari/.pico-sdk/sdk/2.2.0/lib/tinyusb/src/portable/raspberrypi/rp2040/rp2040_usb.c.o
 .time_critical.hw_endpoint_reset_transfer
                0x20000c30        0xc CMakeFiles/project1.dir/home/hari/.pico-sdk/sdk/2.2.0/lib/tinyusb/src/portable/raspberrypi/rp2040/rp2040_usb.c.o
                0x20000c30                hw_endpoint_reset_transfer
 .time_critical._hw_endpoint_buffer_control_update32
                0x20000c3c       0x50 CMakeFiles/project1.dir/home/hari/.pico-sdk/sdk/2.2.0/lib/tinyusb/src/portable/raspberrypi/rp2040/rp2040_usb.c.o
                0x20000c3c                _hw_endpoint_buffer_control_update32
 .time_critical.hw_endpoint_start_next_buffer
                0x20000c8c       0x6c CMakeFiles/project1.dir/home/hari/.pico-sdk/sdk/2.2.0/lib/tinyusb/src/portable/raspberrypi/rp2040/rp2040_usb.c.o
                0x20000c8c                hw_endpoint_start_next_buffer
 .time_critical.hw_endpoint_xfer_continue
                0x20000cf8       0x40 CMakeFiles/project1.dir/home/hari/.pico-sdk/sdk/2.2.0/lib/tinyusb/src/portable/raspberrypi/rp2040/rp2040_usb.c.o
                0x20000cf8                hw_endpoint_xfer_continue
 .time_critical.tinyusb
                0x20000d38      0x1e4 CMakeFiles/project1.dir/home/hari/.pico-sdk/sdk/2.2.0/lib/tinyusb/src/device/usbd.c.o
                0x20000d38                dcd_event_handler
 *(.text*)
 .text          0x20000f1c        0x4 /usr/lib/gcc/arm-none-eabi/13.2.1/thumb/v6-m/nofp/libgcc.a(_dvmd_tls.o)
                0x20000f1c                __aeabi_ldiv0
                0x20000f1c                __aeabi_idiv0
 .text.__stub   0x20000f20       0x80 linker stubs
                0x20000fa0                        . = ALIGN (0x4)
 *(.rodata*)
                0x20000fa0                        . = ALIGN (0x4)
 *(.data*)
 .data.servoNeutral
                0x20000fa0       0x10 CMakeFiles/project1.dir/main.cpp.o
                0x20000fa0                servoNeutral
 .data.servoList
                0x20000fb0       0x10 CMakeFiles/project1.dir/main.cpp.o
                0x20000fb0                servoList
 .data.striped_spin_lock_num
                0x20000fc0        0x1 CMakeFiles/project1.dir/home/hari/.pico-sdk/sdk/2.2.0/src/rp2_common/hardware_sync/sync.c.o
 *fill*         0x20000fc1        0x3 
 .data          0x20000fc4       0x48 CMakeFiles/project1.dir/home/hari/.pico-sdk/sdk/2.2.0/src/rp2_common/hardware_irq/irq_handler_chain.S.o
                0x20000fc4                irq_handler_chain_slots
                0x20000ff4                irq_handler_chain_first_slot
                0x20000ffe                irq_handler_chain_remove_tail
 .data.default_alarm_pool
                0x2000100c       0x18 CMakeFiles/project1.dir/home/hari/.pico-sdk/sdk/2.2.0/src/common/pico_time/time.c.o
 *fill*         0x20001024        0xc 
 .data.aeabi_bits_funcs
                0x20001030       0x10 CMakeFiles/project1.dir/home/hari/.pico-sdk/sdk/2.2.0/src/rp2_common/pico_bit_ops/bit_ops_aeabi.S.o
                0x20001030                aeabi_bits_funcs
                0x20001040                aeabi_bits_funcs_end
 .data.aeabi_mem_funcs
                0x20001040       0x10 CMakeFiles/project1.dir/home/hari/.pico-sdk/sdk/2.2.0/src/rp2_common/pico_mem_ops/mem_ops_aeabi.S.o
                0x20001040                aeabi_mem_funcs
                0x20001050                aeabi_mem_funcs_end
 .data.stdio_usb
                0x20001050       0x18 CMakeFiles/project1.dir/home/hari/.pico-sdk/sdk/2.2.0/src/rp2_common/pico_stdio_usb/stdio_usb.c.o
                0x20001050                stdio_usb
 .data._usbd_qdef
                0x20001068       0x1c CMakeFiles/project1.dir/home/hari/.pico-sdk/sdk/2.2.0/lib/tinyusb/src/device/usbd.c.o
                0x20001068                _usbd_qdef
 .data._usbd_rhport
                0x20001084        0x1 CMakeFiles/project1.dir/home/hari/.pico-sdk/sdk/2.2.0/lib/tinyusb/src/device/usbd.c.o
 *fill*         0x20001085        0x3 
 .data.i2c1_inst
                0x20001088        0x8 CMakeFiles/project1.dir/home/hari/.pico-sdk/sdk/2.2.0/src/rp2_common/hardware_i2c/i2c.c.o
                0x20001088                i2c1_inst
 .data.i2c0_inst
                0x20001090        0x8 CMakeFiles/project1.dir/home/hari/.pico-sdk/sdk/2.2.0/src/rp2_common/hardware_i2c/i2c.c.o
                0x20001090                i2c0_inst
                0x20001098                        . = ALIGN (0x4)
 *(.after_data.*)
                0x20001098                        . = ALIGN (0x4)
                0x20001098                        PROVIDE (__mutex_array_start = .)
 *(SORT_BY_NAME(.mutex_array.*))
 *(.mutex_array)
 .mutex_array   0x20001098        0x8 CMakeFiles/project1.dir/home/hari/.pico-sdk/sdk/2.2.0/src/rp2_common/pico_stdio/stdio.c.o
                0x200010a0                        PROVIDE (__mutex_array_end = .)
                0x200010a0                        . = ALIGN (0x4)
 *(.jcr)
                0x200010a0                        . = ALIGN (0x4)

.tm_clone_table
                0x200010a0        0x0 load address 0x10008684
 .tm_clone_table
                0x200010a0        0x0 /usr/lib/gcc/arm-none-eabi/13.2.1/thumb/v6-m/nofp/crtbegin.o
 .tm_clone_table
                0x200010a0        0x0 /usr/lib/gcc/arm-none-eabi/13.2.1/thumb/v6-m/nofp/crtend.o

.igot.plt       0x200010a0        0x0 load address 0x10008684
 .igot.plt      0x200010a0        0x0 /usr/lib/gcc/arm-none-eabi/13.2.1/thumb/v6-m/nofp/crtbegin.o

.tdata          0x200010a0        0x0 load address 0x10008684
                0x200010a0                        . = ALIGN (0x4)
 *(.tdata .tdata.* .gnu.linkonce.td.*)
                0x200010a0                        __tdata_end = .
                0x200010a0                        PROVIDE (__data_end__ = .)
                0x100076a4                        __etext = LOADADDR (.data)

.tbss           0x200010a0        0x0 load address 0x10008684
                0x200010a0                        . = ALIGN (0x4)
                0x200010a0                        __bss_start__ = .
                0x200010a0                        __tls_base = .
 *(.tbss .tbss.* .gnu.linkonce.tb.*)
 *(.tcommon)
                0x200010a0                        __tls_end = .

.bss            0x200010a0     0x1098 load address 0x10008684
                0x200010a0                        . = ALIGN (0x4)
                0x200010a0                        __tbss_end = .
 *(SORT_BY_ALIGNMENT(SORT_BY_NAME(.bss*)))
 .bss.default_alarm_pool_entries
                0x200010a0      0x180 CMakeFiles/project1.dir/home/hari/.pico-sdk/sdk/2.2.0/src/common/pico_time/time.c.o
 .bss.last_avail_time.1
                0x20001220        0x8 CMakeFiles/project1.dir/home/hari/.pico-sdk/sdk/2.2.0/src/rp2_common/pico_stdio_usb/stdio_usb.c.o
 .bss.sd_table  0x20001228      0x100 CMakeFiles/project1.dir/home/hari/.pico-sdk/sdk/2.2.0/src/rp2_common/pico_double/double_init_rom_rp2040.c.o
                0x20001228                sd_table
 .bss           0x20001328       0x1c /usr/lib/gcc/arm-none-eabi/13.2.1/thumb/v6-m/nofp/crtbegin.o
 .bss           0x20001344      0x190 /usr/lib/gcc/arm-none-eabi/13.2.1/../../../arm-none-eabi/lib/thumb/v6-m/nofp/libg.a(libc_a-__atexit.o)
                0x20001344                __atexit0
 .bss           0x200014d4        0x4 /usr/lib/gcc/arm-none-eabi/13.2.1/../../../arm-none-eabi/lib/thumb/v6-m/nofp/libg.a(libc_a-__call_atexit.o)
                0x200014d4                __atexit
 .bss._app_driver
                0x200014d8        0x4 CMakeFiles/project1.dir/home/hari/.pico-sdk/sdk/2.2.0/lib/tinyusb/src/device/usbd.c.o
 .bss._cdcd_epbuf
                0x200014dc       0x80 CMakeFiles/project1.dir/home/hari/.pico-sdk/sdk/2.2.0/lib/tinyusb/src/class/cdc/cdc_device.c.o
 .bss._cdcd_fifo_cfg
                0x2000155c        0x1 CMakeFiles/project1.dir/home/hari/.pico-sdk/sdk/2.2.0/lib/tinyusb/src/class/cdc/cdc_device.c.o
 *fill*         0x2000155d        0x3 
 .bss._cdcd_itf
                0x20001560       0xc8 CMakeFiles/project1.dir/home/hari/.pico-sdk/sdk/2.2.0/lib/tinyusb/src/class/cdc/cdc_device.c.o
 .bss._ctrl_epbuf
                0x20001628       0x40 CMakeFiles/project1.dir/home/hari/.pico-sdk/sdk/2.2.0/lib/tinyusb/src/device/usbd_control.c.o
 .bss._ctrl_xfer
                0x20001668       0x14 CMakeFiles/project1.dir/home/hari/.pico-sdk/sdk/2.2.0/lib/tinyusb/src/device/usbd_control.c.o
 .bss._tusb_rhport_role
                0x2000167c        0x2 CMakeFiles/project1.dir/home/hari/.pico-sdk/sdk/2.2.0/lib/tinyusb/src/tusb.c.o
                0x2000167c                _tusb_rhport_role
 *fill*         0x2000167e        0x2 
 .bss._ubsd_mutexdef
                0x20001680        0x8 CMakeFiles/project1.dir/home/hari/.pico-sdk/sdk/2.2.0/lib/tinyusb/src/device/usbd.c.o
 .bss._usbd_dev
                0x20001688       0x54 CMakeFiles/project1.dir/home/hari/.pico-sdk/sdk/2.2.0/lib/tinyusb/src/device/usbd.c.o
 .bss._usbd_mutex
                0x200016dc        0x4 CMakeFiles/project1.dir/home/hari/.pico-sdk/sdk/2.2.0/lib/tinyusb/src/device/usbd.c.o
 .bss._usbd_q   0x200016e0        0x4 CMakeFiles/project1.dir/home/hari/.pico-sdk/sdk/2.2.0/lib/tinyusb/src/device/usbd.c.o
 .bss._usbd_qdef_buf
                0x200016e4       0xc0 CMakeFiles/project1.dir/home/hari/.pico-sdk/sdk/2.2.0/lib/tinyusb/src/device/usbd.c.o
                0x200016e4                _usbd_qdef_buf
 .bss._vendord_epbuf
                0x200017a4       0x80 CMakeFiles/project1.dir/home/hari/.pico-sdk/sdk/2.2.0/lib/tinyusb/src/class/vendor/vendor_device.c.o
 .bss._vendord_itf
                0x20001824      0x24c CMakeFiles/project1.dir/home/hari/.pico-sdk/sdk/2.2.0/lib/tinyusb/src/class/vendor/vendor_device.c.o
 .bss.boot2_copyout
                0x20001a70      0x100 CMakeFiles/project1.dir/home/hari/.pico-sdk/sdk/2.2.0/src/rp2_common/hardware_flash/flash.c.o
 .bss.chars_available_callback
                0x20001b70        0x4 CMakeFiles/project1.dir/home/hari/.pico-sdk/sdk/2.2.0/src/rp2_common/pico_stdio_usb/stdio_usb.c.o
 .bss.chars_available_param
                0x20001b74        0x4 CMakeFiles/project1.dir/home/hari/.pico-sdk/sdk/2.2.0/src/rp2_common/pico_stdio_usb/stdio_usb.c.o
 .bss.claimed   0x20001b78        0x4 CMakeFiles/project1.dir/home/hari/.pico-sdk/sdk/2.2.0/src/rp2_common/hardware_sync/sync.c.o
 .bss.claimed   0x20001b7c        0x1 CMakeFiles/project1.dir/home/hari/.pico-sdk/sdk/2.2.0/src/rp2_common/hardware_timer/timer.c.o
 *fill*         0x20001b7d        0x3 
 .bss.configured_freq
                0x20001b80       0x28 CMakeFiles/project1.dir/home/hari/.pico-sdk/sdk/2.2.0/src/rp2_common/hardware_clocks/clocks.c.o
 .bss.desc_str.0
                0x20001ba8       0x28 CMakeFiles/project1.dir/home/hari/.pico-sdk/sdk/2.2.0/src/rp2_common/pico_stdio_usb/stdio_usb_descriptors.c.o
 .bss.drivers   0x20001bd0        0x4 CMakeFiles/project1.dir/home/hari/.pico-sdk/sdk/2.2.0/src/rp2_common/pico_stdio/stdio.c.o
 .bss.e15_last_sof
                0x20001bd4        0x4 CMakeFiles/project1.dir/home/hari/.pico-sdk/sdk/2.2.0/lib/tinyusb/src/portable/raspberrypi/rp2040/rp2040_usb.c.o
                0x20001bd4                e15_last_sof
 .bss.filter    0x20001bd8        0x4 CMakeFiles/project1.dir/home/hari/.pico-sdk/sdk/2.2.0/src/rp2_common/pico_stdio/stdio.c.o
 .bss.hw_endpoints
                0x20001bdc      0x400 CMakeFiles/project1.dir/home/hari/.pico-sdk/sdk/2.2.0/lib/tinyusb/src/portable/raspberrypi/rp2040/dcd_rp2040.c.o
 .bss.lazy_vsnprintf
                0x20001fdc        0x4 CMakeFiles/project1.dir/home/hari/.pico-sdk/sdk/2.2.0/src/rp2_common/pico_printf/printf.c.o
 .bss.load_value
                0x20001fe0        0x4 CMakeFiles/project1.dir/home/hari/.pico-sdk/sdk/2.2.0/src/rp2_common/hardware_watchdog/watchdog.c.o
 .bss.next_buffer_ptr
                0x20001fe4        0x4 CMakeFiles/project1.dir/home/hari/.pico-sdk/sdk/2.2.0/lib/tinyusb/src/portable/raspberrypi/rp2040/dcd_rp2040.c.o
 .bss.one_shot_timer_crit_sec
                0x20001fe8        0x8 CMakeFiles/project1.dir/home/hari/.pico-sdk/sdk/2.2.0/src/rp2_common/pico_stdio_usb/stdio_usb.c.o
 .bss.pools     0x20001ff0       0x10 CMakeFiles/project1.dir/home/hari/.pico-sdk/sdk/2.2.0/src/common/pico_time/time.c.o
 .bss.retrieved_id
                0x20002000        0x8 CMakeFiles/project1.dir/home/hari/.pico-sdk/sdk/2.2.0/src/rp2_common/pico_unique_id/unique_id.c.o
 .bss.sf_clz_func
                0x20002008        0x4 CMakeFiles/project1.dir/home/hari/.pico-sdk/sdk/2.2.0/src/rp2_common/pico_double/double_init_rom_rp2040.c.o
                0x20002008                sf_clz_func
 .bss.sf_table  0x2000200c      0x100 CMakeFiles/project1.dir/home/hari/.pico-sdk/sdk/2.2.0/src/rp2_common/pico_float/float_init_rom_rp2040.c.o
                0x2000200c                sf_table
 .bss.sleep_notifier
                0x2000210c        0x4 CMakeFiles/project1.dir/home/hari/.pico-sdk/sdk/2.2.0/src/common/pico_time/time.c.o
 .bss.stdio_usb_mutex
                0x20002110        0x8 CMakeFiles/project1.dir/home/hari/.pico-sdk/sdk/2.2.0/src/rp2_common/pico_stdio_usb/stdio_usb.c.o
 .bss.uart_char_to_line_feed
                0x20002118        0x4 CMakeFiles/project1.dir/home/hari/.pico-sdk/sdk/2.2.0/src/rp2_common/hardware_uart/uart.c.o
                0x20002118                uart_char_to_line_feed
 .bss.usbd_serial_str
                0x2000211c       0x11 CMakeFiles/project1.dir/home/hari/.pico-sdk/sdk/2.2.0/src/rp2_common/pico_stdio_usb/stdio_usb_descriptors.c.o
 .bss._app_driver_count
                0x2000212d        0x1 CMakeFiles/project1.dir/home/hari/.pico-sdk/sdk/2.2.0/lib/tinyusb/src/device/usbd.c.o
 .bss._sof_enable
                0x2000212e        0x1 CMakeFiles/project1.dir/home/hari/.pico-sdk/sdk/2.2.0/lib/tinyusb/src/portable/raspberrypi/rp2040/dcd_rp2040.c.o
 .bss._usbd_queued_setup
                0x2000212f        0x1 CMakeFiles/project1.dir/home/hari/.pico-sdk/sdk/2.2.0/lib/tinyusb/src/device/usbd.c.o
 .bss.boot2_copyout_valid
                0x20002130        0x1 CMakeFiles/project1.dir/home/hari/.pico-sdk/sdk/2.2.0/src/rp2_common/hardware_flash/flash.c.o
 .bss.irq_handler_chain_free_slot_head
                0x20002131        0x1 CMakeFiles/project1.dir/home/hari/.pico-sdk/sdk/2.2.0/src/rp2_common/hardware_irq/irq.c.o
 .bss.itf_num   0x20002132        0x1 CMakeFiles/project1.dir/home/hari/.pico-sdk/sdk/2.2.0/src/rp2_common/pico_stdio_usb/reset_interface.c.o
 .bss.low_priority_irq_num
                0x20002133        0x1 CMakeFiles/project1.dir/home/hari/.pico-sdk/sdk/2.2.0/src/rp2_common/pico_stdio_usb/stdio_usb.c.o
 .bss.one_shot_timer_pending
                0x20002134        0x1 CMakeFiles/project1.dir/home/hari/.pico-sdk/sdk/2.2.0/src/rp2_common/pico_stdio_usb/stdio_usb.c.o
 .bss.user_irq_claimed
                0x20002135        0x1 CMakeFiles/project1.dir/home/hari/.pico-sdk/sdk/2.2.0/src/rp2_common/hardware_irq/irq.c.o
 *(COMMON)
                0x20002138                        . = ALIGN (0x4)
 *fill*         0x20002136        0x2 
                0x20002138                        __bss_end__ = .

.heap           0x20002138      0x800 load address 0x10008684
                0x20002138                        __end__ = .
                0x20002138                        end = __end__
 *(.heap*)
 .heap          0x20002138      0x800 CMakeFiles/project1.dir/home/hari/.pico-sdk/sdk/2.2.0/src/rp2_common/pico_crt0/crt0.S.o
                0x20040000                        __HeapLimit = (ORIGIN (RAM) + LENGTH (RAM))

.scratch_x      0x20040000        0x0 load address 0x10008684
                0x20040000                        __scratch_x_start__ = .
 *(.scratch_x.*)
                0x20040000                        . = ALIGN (0x4)
                0x20040000                        __scratch_x_end__ = .
                0x10008684                        __scratch_x_source__ = LOADADDR (.scratch_x)

.scratch_y      0x20041000        0x0 load address 0x10008684
                0x20041000                        __scratch_y_start__ = .
 *(.scratch_y.*)
                0x20041000                        . = ALIGN (0x4)
                0x20041000                        __scratch_y_end__ = .
                0x10008684                        __scratch_y_source__ = LOADADDR (.scratch_y)

.stack1_dummy
 *(.stack1*)

.stack_dummy    0x20041000      0x800
 *(.stack*)
 .stack         0x20041000      0x800 CMakeFiles/project1.dir/home/hari/.pico-sdk/sdk/2.2.0/src/rp2_common/pico_crt0/crt0.S.o

.rel.dyn        0x20041800        0x0
 .rel.iplt      0x20041800        0x0 /usr/lib/gcc/arm-none-eabi/13.2.1/thumb/v6-m/nofp/crtbegin.o

.flash_end      0x10008684        0x0
 *(.embedded_end_block*)
                0x10008684                        PROVIDE (__flash_binary_end = .)
                0x20040000                        __StackLimit = (ORIGIN (RAM) + LENGTH (RAM))
                0x20041000                        __StackOneTop = (ORIGIN (SCRATCH_X) + LENGTH (SCRATCH_X))
                0x20042000                        __StackTop = (ORIGIN (SCRATCH_Y) + LENGTH (SCRATCH_Y))
                0x20041000                        __StackOneBottom = (__StackOneTop - SIZEOF (.stack1_dummy))
                0x20041800                        __StackBottom = (__StackTop - SIZEOF (.stack_dummy))
                0x20042000                        PROVIDE (__stack = __StackTop)
                [!provide]                        PROVIDE (__heap_start = __end__)
                [!provide]                        PROVIDE (__heap_end = __HeapLimit)
                [!provide]                        PROVIDE (__tls_align = MAX (ALIGNOF (.tdata), ALIGNOF (.tbss)))
                [!provide]                        PROVIDE (__tls_size_align = (((__tls_size + __tls_align) - 0x1) & ~ ((__tls_align - 0x1))))
                [!provide]                        PROVIDE (__arm32_tls_tcb_offset = MAX (0x8, __tls_align))
                [!provide]                        PROVIDE (_end = __end__)
                [!provide]                        PROVIDE (__llvm_libc_heap_limit = __HeapLimit)
                0x00000001                        ASSERT ((__StackLimit >= __HeapLimit), region RAM overflowed)
                0x00000001                        ASSERT (((__binary_info_header_end - __logical_binary_start) <= 0x100), Binary info must be in first 256 bytes of the binary)
LOAD CMakeFiles/project1.dir/main.cpp.o
LOAD CMakeFiles/project1.dir/ibus/ibus.cpp.o
LOAD CMakeFiles/project1.dir/imu/imu.cpp.o
LOAD CMakeFiles/project1.dir/home/hari/.pico-sdk/sdk/2.2.0/src/rp2_common/pico_stdlib/stdlib.c.o
LOAD CMakeFiles/project1.dir/home/hari/.pico-sdk/sdk/2.2.0/src/rp2_common/hardware_gpio/gpio.c.o
LOAD CMakeFiles/project1.dir/home/hari/.pico-sdk/sdk/2.2.0/src/rp2040/pico_platform/platform.c.o
LOAD CMakeFiles/project1.dir/home/hari/.pico-sdk/sdk/2.2.0/src/rp2_common/pico_platform_common/common.c.o
LOAD CMakeFiles/project1.dir/home/hari/.pico-sdk/sdk/2.2.0/src/rp2_common/pico_platform_panic/panic.c.o
LOAD CMakeFiles/project1.dir/home/hari/.pico-sdk/sdk/2.2.0/src/common/hardware_claim/claim.c.o
LOAD CMakeFiles/project1.dir/home/hari/.pico-sdk/sdk/2.2.0/src/rp2_common/hardware_sync/sync.c.o
LOAD CMakeFiles/project1.dir/home/hari/.pico-sdk/sdk/2.2.0/src/rp2_common/hardware_sync_spin_lock/sync_spin_lock.c.o
LOAD CMakeFiles/project1.dir/home/hari/.pico-sdk/sdk/2.2.0/src/rp2_common/hardware_irq/irq.c.o
LOAD CMakeFiles/project1.dir/home/hari/.pico-sdk/sdk/2.2.0/src/rp2_common/hardware_irq/irq_handler_chain.S.o
LOAD CMakeFiles/project1.dir/home/hari/.pico-sdk/sdk/2.2.0/src/common/pico_sync/sem.c.o
LOAD CMakeFiles/project1.dir/home/hari/.pico-sdk/sdk/2.2.0/src/common/pico_sync/lock_core.c.o
LOAD CMakeFiles/project1.dir/home/hari/.pico-sdk/sdk/2.2.0/src/common/pico_sync/mutex.c.o
LOAD CMakeFiles/project1.dir/home/hari/.pico-sdk/sdk/2.2.0/src/common/pico_sync/critical_section.c.o
LOAD CMakeFiles/project1.dir/home/hari/.pico-sdk/sdk/2.2.0/src/common/pico_time/time.c.o
LOAD CMakeFiles/project1.dir/home/hari/.pico-sdk/sdk/2.2.0/src/common/pico_time/timeout_helper.c.o
LOAD CMakeFiles/project1.dir/home/hari/.pico-sdk/sdk/2.2.0/src/rp2_common/hardware_timer/timer.c.o
LOAD CMakeFiles/project1.dir/home/hari/.pico-sdk/sdk/2.2.0/src/common/pico_util/datetime.c.o
LOAD CMakeFiles/project1.dir/home/hari/.pico-sdk/sdk/2.2.0/src/common/pico_util/pheap.c.o
LOAD CMakeFiles/project1.dir/home/hari/.pico-sdk/sdk/2.2.0/src/common/pico_util/queue.c.o
LOAD CMakeFiles/project1.dir/home/hari/.pico-sdk/sdk/2.2.0/src/rp2_common/hardware_uart/uart.c.o
LOAD CMakeFiles/project1.dir/home/hari/.pico-sdk/sdk/2.2.0/src/rp2_common/hardware_clocks/clocks.c.o
LOAD CMakeFiles/project1.dir/home/hari/.pico-sdk/sdk/2.2.0/src/rp2_common/hardware_pll/pll.c.o
LOAD CMakeFiles/project1.dir/home/hari/.pico-sdk/sdk/2.2.0/src/rp2_common/hardware_vreg/vreg.c.o
LOAD CMakeFiles/project1.dir/home/hari/.pico-sdk/sdk/2.2.0/src/rp2_common/hardware_watchdog/watchdog.c.o
LOAD CMakeFiles/project1.dir/home/hari/.pico-sdk/sdk/2.2.0/src/rp2_common/hardware_ticks/ticks.c.o
LOAD CMakeFiles/project1.dir/home/hari/.pico-sdk/sdk/2.2.0/src/rp2_common/pico_bootrom/bootrom.c.o
LOAD CMakeFiles/project1.dir/home/hari/.pico-sdk/sdk/2.2.0/src/rp2_common/pico_bootrom/bootrom_lock.c.o
LOAD CMakeFiles/project1.dir/home/hari/.pico-sdk/sdk/2.2.0/src/rp2_common/hardware_boot_lock/boot_lock.c.o
LOAD CMakeFiles/project1.dir/home/hari/.pico-sdk/sdk/2.2.0/src/rp2_common/pico_flash/flash.c.o
LOAD CMakeFiles/project1.dir/home/hari/.pico-sdk/sdk/2.2.0/src/rp2_common/hardware_xosc/xosc.c.o
LOAD CMakeFiles/project1.dir/home/hari/.pico-sdk/sdk/2.2.0/src/rp2_common/hardware_divider/divider.S.o
LOAD CMakeFiles/project1.dir/home/hari/.pico-sdk/sdk/2.2.0/src/rp2_common/pico_runtime/runtime.c.o
LOAD CMakeFiles/project1.dir/home/hari/.pico-sdk/sdk/2.2.0/src/rp2_common/pico_runtime_init/runtime_init.c.o
LOAD CMakeFiles/project1.dir/home/hari/.pico-sdk/sdk/2.2.0/src/rp2_common/pico_runtime_init/runtime_init_clocks.c.o
LOAD CMakeFiles/project1.dir/home/hari/.pico-sdk/sdk/2.2.0/src/rp2_common/pico_runtime_init/runtime_init_stack_guard.c.o
LOAD CMakeFiles/project1.dir/home/hari/.pico-sdk/sdk/2.2.0/src/rp2_common/pico_bit_ops/bit_ops_aeabi.S.o
LOAD CMakeFiles/project1.dir/home/hari/.pico-sdk/sdk/2.2.0/src/rp2_common/pico_divider/divider_hardware.S.o
LOAD CMakeFiles/project1.dir/home/hari/.pico-sdk/sdk/2.2.0/src/rp2_common/pico_double/double_aeabi_rp2040.S.o
LOAD CMakeFiles/project1.dir/home/hari/.pico-sdk/sdk/2.2.0/src/rp2_common/pico_double/double_init_rom_rp2040.c.o