Archive member included to satisfy reference by file (symbol)

/home/hari/.pico-sdk/toolchain/14_2_Rel1/bin/../lib/gcc/arm-none-eabi/14.2.1/thumb/v6-m/nofp/libgcc.a(_dvmd_tls.o)
                              CMakeFiles/project1.dir/home/hari/.pico-sdk/sdk/2.2.0/src/rp2_common/pico_divider/divider_hardware.S.o (__aeabi_idiv0)
/home/hari/.pico-sdk/toolchain/14_2_Rel1/bin/../lib/gcc/arm-none-eabi/14.2.1/../../../../arm-none-eabi/lib/thumb/v6-m/nofp/libg.a(libc_a-calloc.o)
                              CMakeFiles/project1.dir/home/hari/.pico-sdk/sdk/2.2.0/src/rp2_common/pico_malloc/malloc.c.o (calloc)
/home/hari/.pico-sdk/toolchain/14_2_Rel1/bin/../lib/gcc/arm-none-eabi/14.2.1/../../../../arm-none-eabi/lib/thumb/v6-m/nofp/libg.a(libc_a-callocr.o)
                              /home/hari/.pico-sdk/toolchain/14_2_Rel1/bin/../lib/gcc/arm-none-eabi/14.2.1/../../../../arm-none-eabi/lib/thumb/v6-m/nofp/libg.a(libc_a-calloc.o) (_calloc_r)
/home/hari/.pico-sdk/toolchain/14_2_Rel1/bin/../lib/gcc/arm-none-eabi/14.2.1/../../../../arm-none-eabi/lib/thumb/v6-m/nofp/libg.a(libc_a-malloc.o)
                              CMakeFiles/project1.dir/home/hari/.pico-sdk/sdk/2.2.0/src/rp2_common/pico_malloc/malloc.c.o (malloc)
/home/hari/.pico-sdk/toolchain/14_2_Rel1/bin/../lib/gcc/arm-none-eabi/14.2.1/../../../../arm-none-eabi/lib/thumb/v6-m/nofp/libg.a(libc_a-mallocr.o)
                              /home/hari/.pico-sdk/toolchain/14_2_Rel1/bin/../lib/gcc/arm-none-eabi/14.2.1/../../../../arm-none-eabi/lib/thumb/v6-m/nofp/libg.a(libc_a-callocr.o) (_malloc_r)
/home/hari/.pico-sdk/toolchain/14_2_Rel1/bin/../lib/gcc/arm-none-eabi/14.2.1/../../../../arm-none-eabi/lib/thumb/v6-m/nofp/libg.a(libc_a-mlock.o)
                              /home/hari/.pico-sdk/toolchain/14_2_Rel1/bin/../lib/gcc/arm-none-eabi/14.2.1/../../../../arm-none-eabi/lib/thumb/v6-m/nofp/libg.a(libc_a-mallocr.o) (__malloc_lock)
/home/hari/.pico-sdk/toolchain/14_2_Rel1/bin/../lib/gcc/arm-none-eabi/14.2.1/../../../../arm-none-eabi/lib/thumb/v6-m/nofp/libg.a(libc_a-realloc.o)
                              CMakeFiles/project1.dir/home/hari/.pico-sdk/sdk/2.2.0/src/rp2_common/pico_malloc/malloc.c.o (realloc)
/home/hari/.pico-sdk/toolchain/14_2_Rel1/bin/../lib/gcc/arm-none-eabi/14.2.1/../../../../arm-none-eabi/lib/thumb/v6-m/nofp/libg.a(libc_a-reallocr.o)
                              /home/hari/.pico-sdk/toolchain/14_2_Rel1/bin/../lib/gcc/arm-none-eabi/14.2.1/../../../../arm-none-eabi/lib/thumb/v6-m/nofp/libg.a(libc_a-realloc.o) (_realloc_r)
/home/hari/.pico-sdk/toolchain/14_2_Rel1/bin/../lib/gcc/arm-none-eabi/14.2.1/../../../../arm-none-eabi/lib/thumb/v6-m/nofp/libg.a(libc_a-memcmp.o)
                              CMakeFiles/project1.dir/home/hari/.pico-sdk/sdk/2.2.0/src/rp2_common/pico_atomic/atomic.c.o (memcmp)
/home/hari/.pico-sdk/toolchain/14_2_Rel1/bin/../lib/gcc/arm-none-eabi/14.2.1/../../../../arm-none-eabi/lib/thumb/v6-m/nofp/libg.a(libc_a-memmove.o)
                              CMakeFiles/project1.dir/home/hari/.pico-sdk/sdk/2.2.0/lib/cyw43-driver/src/cyw43_ll.c.o (memmove)
/home/hari/.pico-sdk/toolchain/14_2_Rel1/bin/../lib/gcc/arm-none-eabi/14.2.1/../../../../arm-none-eabi/lib/thumb/v6-m/nofp/libg.a(libc_a-strncmp.o)
                              CMakeFiles/project1.dir/home/hari/.pico-sdk/sdk/2.2.0/lib/cyw43-driver/src/cyw43_ll.c.o (strncmp)
/home/hari/.pico-sdk/toolchain/14_2_Rel1/bin/../lib/gcc/arm-none-eabi/14.2.1/../../../../arm-none-eabi/lib/thumb/v6-m/nofp/libg.a(libc_a-lcltime_r.o)
                              CMakeFiles/project1.dir/home/hari/.pico-sdk/sdk/2.2.0/src/common/pico_util/datetime.c.o (localtime_r)
/home/hari/.pico-sdk/toolchain/14_2_Rel1/bin/../lib/gcc/arm-none-eabi/14.2.1/../../../../arm-none-eabi/lib/thumb/v6-m/nofp/libg.a(libc_a-mktime.o)
                              CMakeFiles/project1.dir/home/hari/.pico-sdk/sdk/2.2.0/src/common/pico_util/datetime.c.o (mktime)
/home/hari/.pico-sdk/toolchain/14_2_Rel1/bin/../lib/gcc/arm-none-eabi/14.2.1/../../../../arm-none-eabi/lib/thumb/v6-m/nofp/libg.a(libc_a-month_lengths.o)
                              /home/hari/.pico-sdk/toolchain/14_2_Rel1/bin/../lib/gcc/arm-none-eabi/14.2.1/../../../../arm-none-eabi/lib/thumb/v6-m/nofp/libg.a(libc_a-lcltime_r.o) (__month_lengths)
/home/hari/.pico-sdk/toolchain/14_2_Rel1/bin/../lib/gcc/arm-none-eabi/14.2.1/../../../../arm-none-eabi/lib/thumb/v6-m/nofp/libg.a(libc_a-tzcalc_limits.o)
                              /home/hari/.pico-sdk/toolchain/14_2_Rel1/bin/../lib/gcc/arm-none-eabi/14.2.1/../../../../arm-none-eabi/lib/thumb/v6-m/nofp/libg.a(libc_a-lcltime_r.o) (__tzcalc_limits)
/home/hari/.pico-sdk/toolchain/14_2_Rel1/bin/../lib/gcc/arm-none-eabi/14.2.1/../../../../arm-none-eabi/lib/thumb/v6-m/nofp/libg.a(libc_a-tzlock.o)
                              /home/hari/.pico-sdk/toolchain/14_2_Rel1/bin/../lib/gcc/arm-none-eabi/14.2.1/../../../../arm-none-eabi/lib/thumb/v6-m/nofp/libg.a(libc_a-lcltime_r.o) (__tz_lock)
[...]
Memory Configuration

Name             Origin             Length             Attributes
FLASH            0x10000000         0x00200000         xr
RAM              0x20000000         0x00040000         xrw
SCRATCH_X        0x20040000         0x00001000         xrw
SCRATCH_Y        0x20041000         0x00001000         xrw
*default*        0x00000000         0xffffffff

Linker script and memory map

LOAD /home/hari/.pico-sdk/toolchain/14_2_Rel1/bin/../lib/gcc/arm-none-eabi/14.2.1/thumb/v6-m/nofp/crti.o
LOAD /home/hari/.pico-sdk/toolchain/14_2_Rel1/bin/../lib/gcc/arm-none-eabi/14.2.1/thumb/v6-m/nofp/crtbegin.o
LOAD /home/hari/.pico-sdk/toolchain/14_2_Rel1/bin/../lib/gcc/arm-none-eabi/14.2.1/../../../../arm-none-eabi/lib/thumb/v6-m/nofp/crt0.o

.flash_begin    0x10000000        0x0
                0x10000000                        __flash_binary_start = .

.boot2          0x10000000      0x100
                0x10000000                        __boot2_start__ = .
 *(.boot2)
 .boot2         0x10000000      0x100 pico-sdk/src/rp2040/boot_stage2/CMakeFiles/bs2_default_library.dir/bs2_default_padded_checksummed.S.o
                0x10000100                        __boot2_end__ = .
                0x00000001                        ASSERT (((__boot2_end__ - __boot2_start__) == 0x100), ERROR: Pico second stage bootloader must be 256 bytes in size)

.text           0x10000100     0x519c
                0x10000100                        __logical_binary_start = .
 *(.vectors)
 .vectors       0x10000100       0xd4 CMakeFiles/project1.dir/home/hari/.pico-sdk/sdk/2.2.0/src/rp2_common/pico_crt0/crt0.S.o
                0x10000100                __vectors
                0x10000100                __VECTOR_TABLE
                0x100001c0                isr_irq30
                0x100001c0                __unhandled_user_irq
                0x100001c0                isr_irq13
                0x100001c0                isr_irq27
                0x100001c0                isr_irq31
                0x100001c0                isr_irq5
                0x100001c0                isr_irq11
                0x100001c0                isr_irq23
                0x100001c0                isr_irq18
                0x100001c0                isr_irq28
                0x100001c0                isr_irq19
                0x100001c0                isr_irq0
                0x100001c0                isr_irq6
                0x100001c0                isr_irq22
                0x100001c0                isr_irq17
                0x100001c0                isr_irq14
                0x100001c0                __vectors_end
                0x100001c0                __default_isrs_start
                0x100001c0                isr_irq2
                0x100001c0                isr_irq10
                0x100001c0                isr_irq8
                0x100001c0                isr_irq24
                0x100001c0                isr_irq1
                0x100001c0                isr_irq7
                0x100001c0                isr_irq21
                0x100001c0                isr_irq20
                0x100001c0                isr_irq15
                0x100001c0                isr_irq25
                0x100001c0                isr_irq4
                0x100001c0                isr_irq16
                0x100001c0                isr_irq29
                0x100001c0                isr_irq26
                0x100001c0                isr_irq3
                0x100001c0                isr_irq12
                0x100001c0                isr_irq9
                0x100001c6                unhandled_user_irq_num_in_r0
                0x100001c8                isr_invalid
                0x100001ca                isr_nmi
                0x100001cc                isr_hardfault
                0x100001ce                isr_svcall
                0x100001d0                isr_pendsv
                0x100001d2                isr_systick
                0x100001d4                __default_isrs_end
 *(.binary_info_header)
 .binary_info_header
                0x100001d4       0x14 CMakeFiles/project1.dir/home/hari/.pico-sdk/sdk/2.2.0/src/rp2_common/pico_crt0/crt0.S.o
                0x100001e8                        __binary_info_header_end = .
 *(.embedded_block)
                0x100001e8                        __embedded_block_end = .
 *(.reset)
 .reset         0x100001e8       0x9c CMakeFiles/project1.dir/home/hari/.pico-sdk/sdk/2.2.0/src/rp2_common/pico_crt0/crt0.S.o
                0x100001e8                _entry_point
 *(.init)
 .init          0x10000284        0x4 /home/hari/.pico-sdk/toolchain/14_2_Rel1/bin/../lib/gcc/arm-none-eabi/14.2.1/thumb/v6-m/nofp/crti.o
                0x10000284                _init
 *(EXCLUDE_FILE(*libm.a: *libc.a:*lib_a-mem*.o *libgcc.a:) .text*)
 .text.register_tm_clones
                0x10000288       0x28 /home/hari/.pico-sdk/toolchain/14_2_Rel1/bin/../lib/gcc/arm-none-eabi/14.2.1/thumb/v6-m/nofp/crtbegin.o
 .text.frame_dummy
                0x100002b0       0x24 /home/hari/.pico-sdk/toolchain/14_2_Rel1/bin/../lib/gcc/arm-none-eabi/14.2.1/thumb/v6-m/nofp/crtbegin.o
 .text._Z13callibrateEscv
                0x100002d4       0x88 CMakeFiles/project1.dir/main.cpp.o
                0x100002d4                callibrateEsc()
 .text._Z14resetAllMotorsv
                0x1000035c      0x1d8 CMakeFiles/project1.dir/main.cpp.o
                0x1000035c                resetAllMotors()
 .text._Z10fin_mixingPi
                0x10000534      0x334 CMakeFiles/project1.dir/main.cpp.o
                0x10000534                fin_mixing(int*)
 .text.startup.main
                0x10000868      0x1e4 CMakeFiles/project1.dir/main.cpp.o
                0x10000868                main
 .text._Z8readIBusPi
                0x10000a4c       0xe4 CMakeFiles/project1.dir/ibus/ibus.cpp.o
                0x10000a4c                readIBus(int*)
 .text.gpio_set_function
                0x10000b30       0x34 CMakeFiles/project1.dir/home/hari/.pico-sdk/sdk/2.2.0/src/rp2_common/hardware_gpio/gpio.c.o
                0x10000b30                gpio_set_function
 .text.gpio_init
                0x10000b64       0x40 CMakeFiles/project1.dir/home/hari/.pico-sdk/sdk/2.2.0/src/rp2_common/hardware_gpio/gpio.c.o
                0x10000b64                gpio_init
 .text.rp2040_chip_version
                0x10000ba4        0xc CMakeFiles/project1.dir/home/hari/.pico-sdk/sdk/2.2.0/src/rp2040/pico_platform/platform.c.o
                0x10000ba4                rp2040_chip_version
 .text.panic    0x10000bb0       0x30 CMakeFiles/project1.dir/home/hari/.pico-sdk/sdk/2.2.0/src/rp2_common/pico_platform_panic/panic.c.o
                0x10000bb0                panic
 .text.hw_claim_or_assert
                0x10000be0       0x44 CMakeFiles/project1.dir/home/hari/.pico-sdk/sdk/2.2.0/src/common/hardware_claim/claim.c.o
                0x10000be0                hw_claim_or_assert
 .text.hw_claim_unused_from_range
                0x10000c24       0x88 CMakeFiles/project1.dir/home/hari/.pico-sdk/sdk/2.2.0/src/common/hardware_claim/claim.c.o
                0x10000c24                hw_claim_unused_from_range
 .text.next_striped_spin_lock_num
                0x10000cac       0x18 CMakeFiles/project1.dir/home/hari/.pico-sdk/sdk/2.2.0/src/rp2_common/hardware_sync/sync.c.o
                0x10000cac                next_striped_spin_lock_num
 .text.spin_lock_claim_unused
                0x10000cc4       0x24 CMakeFiles/project1.dir/home/hari/.pico-sdk/sdk/2.2.0/src/rp2_common/hardware_sync/sync.c.o
                0x10000cc4                spin_lock_claim_unused
 .text.spin_locks_reset
                0x10000ce8       0x1c CMakeFiles/project1.dir/home/hari/.pico-sdk/sdk/2.2.0/src/rp2_common/hardware_sync_spin_lock/sync_spin_lock.c.o
                0x10000ce8                spin_locks_reset
 .text.runtime_init_per_core_irq_priorities
                0x10000d04       0x24 CMakeFiles/project1.dir/home/hari/.pico-sdk/sdk/2.2.0/src/rp2_common/hardware_irq/irq.c.o
                0x10000d04                runtime_init_per_core_irq_priorities
 .text.irq_set_enabled
                0x10000d28       0x24 CMakeFiles/project1.dir/home/hari/.pico-sdk/sdk/2.2.0/src/rp2_common/hardware_irq/irq.c.o
                0x10000d28                irq_set_enabled
 .text.irq_is_enabled
                0x10000d4c       0x18 CMakeFiles/project1.dir/home/hari/.pico-sdk/sdk/2.2.0/src/rp2_common/hardware_irq/irq.c.o
                0x10000d4c                irq_is_enabled
 .text.irq_set_pending
                0x10000d64       0x10 CMakeFiles/project1.dir/home/hari/.pico-sdk/sdk/2.2.0/src/rp2_common/hardware_irq/irq.c.o
                0x10000d64                irq_set_pending
 .text.irq_has_shared_handler
                0x10000d74       0x24 CMakeFiles/project1.dir/home/hari/.pico-sdk/sdk/2.2.0/src/rp2_common/hardware_irq/irq.c.o
                0x10000d74                irq_has_shared_handler
 .text.irq_set_exclusive_handler
                0x10000d98       0x54 CMakeFiles/project1.dir/home/hari/.pico-sdk/sdk/2.2.0/src/rp2_common/hardware_irq/irq.c.o
                0x10000d98                irq_set_exclusive_handler
 .text.irq_add_shared_handler
                0x10000dec      0x1f4 CMakeFiles/project1.dir/home/hari/.pico-sdk/sdk/2.2.0/src/rp2_common/hardware_irq/irq.c.o
                0x10000dec                irq_add_shared_handler
 .text.irq_add_tail_to_free_list
                0x10000fe0       0xb4 CMakeFiles/project1.dir/home/hari/.pico-sdk/sdk/2.2.0/src/rp2_common/hardware_irq/irq.c.o
                0x10000fe0                irq_add_tail_to_free_list
 .text.user_irq_claim_unused
                0x10001094       0x2c CMakeFiles/project1.dir/home/hari/.pico-sdk/sdk/2.2.0/src/rp2_common/hardware_irq/irq.c.o
                0x10001094                user_irq_claim_unused
 .text.lock_init
                0x100010c0       0x10 CMakeFiles/project1.dir/home/hari/.pico-sdk/sdk/2.2.0/src/common/pico_sync/lock_core.c.o
                0x100010c0                lock_init
 .text.runtime_init_mutex
                0x100010d0       0x50 CMakeFiles/project1.dir/home/hari/.pico-sdk/sdk/2.2.0/src/common/pico_sync/mutex.c.o
                0x100010d0                runtime_init_mutex
 .text.mutex_init
                0x10001120       0x1c CMakeFiles/project1.dir/home/hari/.pico-sdk/sdk/2.2.0/src/common/pico_sync/mutex.c.o
                0x10001120                mutex_init
 .text.critical_section_init
                0x1000113c       0x1c CMakeFiles/project1.dir/home/hari/.pico-sdk/sdk/2.2.0/src/common/pico_sync/critical_section.c.o
                0x1000113c                critical_section_init
 .text.critical_section_init_with_lock_num
                0x10001158       0x14 CMakeFiles/project1.dir/home/hari/.pico-sdk/sdk/2.2.0/src/common/pico_sync/critical_section.c.o
                0x10001158                critical_section_init_with_lock_num
 .text.sleep_until_callback
                0x1000116c       0x30 CMakeFiles/project1.dir/home/hari/.pico-sdk/sdk/2.2.0/src/common/pico_time/time.c.o
 .text.alarm_pool_irq_handler
                0x1000119c      0x300 CMakeFiles/project1.dir/home/hari/.pico-sdk/sdk/2.2.0/src/common/pico_time/time.c.o
 .text.runtime_init_default_alarm_pool
                0x1000149c       0xdc CMakeFiles/project1.dir/home/hari/.pico-sdk/sdk/2.2.0/src/common/pico_time/time.c.o
                0x1000149c                runtime_init_default_alarm_pool
 .text.alarm_pool_get_default
                0x10001578        0x8 CMakeFiles/project1.dir/home/hari/.pico-sdk/sdk/2.2.0/src/common/pico_time/time.c.o
                0x10001578                alarm_pool_get_default
 .text.alarm_pool_add_alarm_at
                0x10001580       0xd0 CMakeFiles/project1.dir/home/hari/.pico-sdk/sdk/2.2.0/src/common/pico_time/time.c.o
                0x10001580                alarm_pool_add_alarm_at
 .text.alarm_pool_add_alarm_at_force_in_context
                0x10001650       0xb0 CMakeFiles/project1.dir/home/hari/.pico-sdk/sdk/2.2.0/src/common/pico_time/time.c.o
                0x10001650                alarm_pool_add_alarm_at_force_in_context
 .text.alarm_pool_cancel_alarm
                0x10001700       0x74 CMakeFiles/project1.dir/home/hari/.pico-sdk/sdk/2.2.0/src/common/pico_time/time.c.o
                0x10001700                alarm_pool_cancel_alarm
 .text.alarm_pool_core_num
                0x10001774        0x4 CMakeFiles/project1.dir/home/hari/.pico-sdk/sdk/2.2.0/src/common/pico_time/time.c.o
                0x10001774                alarm_pool_core_num
 .text.sleep_us
                0x10001778       0xec CMakeFiles/project1.dir/home/hari/.pico-sdk/sdk/2.2.0/src/common/pico_time/time.c.o
                0x10001778                sleep_us
 .text.best_effort_wfe_or_timeout
                0x10001864      0x10c CMakeFiles/project1.dir/home/hari/.pico-sdk/sdk/2.2.0/src/common/pico_time/time.c.o
                0x10001864                best_effort_wfe_or_timeout
 .text.timer_hardware_alarm_claim
                0x10001970       0x14 CMakeFiles/project1.dir/home/hari/.pico-sdk/sdk/2.2.0/src/rp2_common/hardware_timer/timer.c.o
                0x10001970                timer_hardware_alarm_claim
 .text.timer_time_us_64
                0x10001984       0x10 CMakeFiles/project1.dir/home/hari/.pico-sdk/sdk/2.2.0/src/rp2_common/hardware_timer/timer.c.o
                0x10001984                timer_time_us_64
 .text.time_us_64
                0x10001994       0x14 CMakeFiles/project1.dir/home/hari/.pico-sdk/sdk/2.2.0/src/rp2_common/hardware_timer/timer.c.o
                0x10001994                time_us_64
 .text.busy_wait_us
                0x100019a8       0x68 CMakeFiles/project1.dir/home/hari/.pico-sdk/sdk/2.2.0/src/rp2_common/hardware_timer/timer.c.o
                0x100019a8                busy_wait_us
 .text.busy_wait_until
                0x10001a10       0x20 CMakeFiles/project1.dir/home/hari/.pico-sdk/sdk/2.2.0/src/rp2_common/hardware_timer/timer.c.o
                0x10001a10                busy_wait_until
 .text.uart_init
                0x10001a30      0x120 CMakeFiles/project1.dir/home/hari/.pico-sdk/sdk/2.2.0/src/rp2_common/hardware_uart/uart.c.o
                0x10001a30                uart_init
 .text.clock_configure_int_divider
                0x10001b50       0xf4 CMakeFiles/project1.dir/home/hari/.pico-sdk/sdk/2.2.0/src/rp2_common/hardware_clocks/clocks.c.o
                0x10001b50                clock_configure_int_divider
 .text.clock_configure_undivided
                0x10001c44       0xe8 CMakeFiles/project1.dir/home/hari/.pico-sdk/sdk/2.2.0/src/rp2_common/hardware_clocks/clocks.c.o
                0x10001c44                clock_configure_undivided
 .text.clock_get_hz
                0x10001d2c        0xc CMakeFiles/project1.dir/home/hari/.pico-sdk/sdk/2.2.0/src/rp2_common/hardware_clocks/clocks.c.o
                0x10001d2c                clock_get_hz
 .text.pll_init
                0x10001d38       0xa4 CMakeFiles/project1.dir/home/hari/.pico-sdk/sdk/2.2.0/src/rp2_common/hardware_pll/pll.c.o
                0x10001d38                pll_init
 .text.watchdog_reboot
                0x10001ddc       0x9c CMakeFiles/project1.dir/home/hari/.pico-sdk/sdk/2.2.0/src/rp2_common/hardware_watchdog/watchdog.c.o
                0x10001ddc                watchdog_reboot
 .text.tick_start
                0x10001e78       0x10 CMakeFiles/project1.dir/home/hari/.pico-sdk/sdk/2.2.0/src/rp2_common/hardware_ticks/ticks.c.o
                0x10001e78                tick_start
 .text.rom_func_lookup
                0x10001e88       0x10 CMakeFiles/project1.dir/home/hari/.pico-sdk/sdk/2.2.0/src/rp2_common/pico_bootrom/bootrom.c.o
                0x10001e88                rom_func_lookup
 .text.rom_data_lookup
                0x10001e98       0x10 CMakeFiles/project1.dir/home/hari/.pico-sdk/sdk/2.2.0/src/rp2_common/pico_bootrom/bootrom.c.o
                0x10001e98                rom_data_lookup
 .text.rom_funcs_lookup
                0x10001ea8       0x44 CMakeFiles/project1.dir/home/hari/.pico-sdk/sdk/2.2.0/src/rp2_common/pico_bootrom/bootrom.c.o
                0x10001ea8                rom_funcs_lookup
 .text.rom_reset_usb_boot_extra
                0x10001eec       0x24 CMakeFiles/project1.dir/home/hari/.pico-sdk/sdk/2.2.0/src/rp2_common/pico_bootrom/bootrom.c.o
                0x10001eec                rom_reset_usb_boot_extra
 .text.xosc_init
                0x10001f10       0x28 CMakeFiles/project1.dir/home/hari/.pico-sdk/sdk/2.2.0/src/rp2_common/hardware_xosc/xosc.c.o
                0x10001f10                xosc_init
 .text.first_per_core_initializer
                0x10001f38        0x4 CMakeFiles/project1.dir/home/hari/.pico-sdk/sdk/2.2.0/src/rp2_common/pico_runtime/runtime.c.o
 .text.hard_assertion_failure
                0x10001f3c        0xc CMakeFiles/project1.dir/home/hari/.pico-sdk/sdk/2.2.0/src/rp2_common/pico_runtime/runtime.c.o
                0x10001f3c                hard_assertion_failure
 .text.runtime_run_initializers
                0x10001f48       0x28 CMakeFiles/project1.dir/home/hari/.pico-sdk/sdk/2.2.0/src/rp2_common/pico_runtime/runtime.c.o
                0x10001f48                runtime_run_initializers
 .text.runtime_init_early_resets
                0x10001f70       0x2c CMakeFiles/project1.dir/home/hari/.pico-sdk/sdk/2.2.0/src/rp2_common/pico_runtime_init/runtime_init.c.o
                0x10001f70                runtime_init_early_resets
 .text.runtime_init_usb_power_down
                0x10001f9c       0x1c CMakeFiles/project1.dir/home/hari/.pico-sdk/sdk/2.2.0/src/rp2_common/pico_runtime_init/runtime_init.c.o
                0x10001f9c                runtime_init_usb_power_down
 .text.runtime_init_post_clock_resets
                0x10001fb8       0x20 CMakeFiles/project1.dir/home/hari/.pico-sdk/sdk/2.2.0/src/rp2_common/pico_runtime_init/runtime_init.c.o
                0x10001fb8                runtime_init_post_clock_resets
 .text.runtime_init_rp2040_gpio_ie_disable
                0x10001fd8       0x14 CMakeFiles/project1.dir/home/hari/.pico-sdk/sdk/2.2.0/src/rp2_common/pico_runtime_init/runtime_init.c.o
                0x10001fd8                runtime_init_rp2040_gpio_ie_disable
 .text.runtime_init_spin_locks_reset
                0x10001fec        0x8 CMakeFiles/project1.dir/home/hari/.pico-sdk/sdk/2.2.0/src/rp2_common/pico_runtime_init/runtime_init.c.o
                0x10001fec                runtime_init_spin_locks_reset
 .text.runtime_init_install_ram_vector_table
                0x10001ff4       0xb4 CMakeFiles/project1.dir/home/hari/.pico-sdk/sdk/2.2.0/src/rp2_common/pico_runtime_init/runtime_init.c.o
                0x10001ff4                runtime_init_install_ram_vector_table
 .text.runtime_init_clocks
                0x100020a8       0xd8 CMakeFiles/project1.dir/home/hari/.pico-sdk/sdk/2.2.0/src/rp2_common/pico_runtime_init/runtime_init_clocks.c.o
                0x100020a8                runtime_init_clocks
 .text          0x10002180       0x10 CMakeFiles/project1.dir/home/hari/.pico-sdk/sdk/2.2.0/src/rp2_common/pico_bit_ops/bit_ops_aeabi.S.o
 .text.__wrap___aeabi_uidiv
                0x10002190       0x4c CMakeFiles/project1.dir/home/hari/.pico-sdk/sdk/2.2.0/src/rp2_common/pico_divider/divider_hardware.S.o
                0x10002190                __wrap___aeabi_uidiv
                0x10002190                __wrap___aeabi_uidivmod
                0x10002190                div_u32u32
                0x10002190                divmod_u32u32
                0x10002198                divmod_u32u32_unsafe
                0x100021c0                divmod_u32u32_savestate
 .text.missing_double_func_shim
                0x100021dc        0xc CMakeFiles/project1.dir/home/hari/.pico-sdk/sdk/2.2.0/src/rp2_common/pico_double/double_init_rom_rp2040.c.o
 .text.__aeabi_double_init
                0x100021e8       0xa0 CMakeFiles/project1.dir/home/hari/.pico-sdk/sdk/2.2.0/src/rp2_common/pico_double/double_init_rom_rp2040.c.o
                0x100021e8                __aeabi_double_init
 .text.double_table_shim_on_use_helper
                0x10002288       0x2c CMakeFiles/project1.dir/home/hari/.pico-sdk/sdk/2.2.0/src/rp2_common/pico_double/double_v1_rom_shim_rp2040.S.o
                0x10002288                double_table_shim_on_use_helper
 .text.__aeabi_lmul
                0x100022b4       0x32 CMakeFiles/project1.dir/home/hari/.pico-sdk/sdk/2.2.0/src/rp2_common/pico_int64_ops/pico_int64_ops_aeabi.S.o
                0x100022b4                __wrap___aeabi_lmul
 *fill*         0x100022e6        0x2 
 .text.__wrap___aeabi_farithmetic
                0x100022e8       0x48 CMakeFiles/project1.dir/home/hari/.pico-sdk/sdk/2.2.0/src/rp2_common/pico_float/float_aeabi_rp2040.S.o
                0x100022e8                __wrap___aeabi_frsub
                0x100022ee                __wrap___aeabi_fsub
                0x100022f4                __wrap___aeabi_fadd
                0x100022fa                __wrap___aeabi_fdiv
                0x10002322                __wrap___aeabi_fmul
 .text.__wrap___aeabi_cfcmple
                0x10002330       0x50 CMakeFiles/project1.dir/home/hari/.pico-sdk/sdk/2.2.0/src/rp2_common/pico_float/float_aeabi_rp2040.S.o
                0x10002330                __wrap___aeabi_cfrcmple
                0x1000233c                __wrap___aeabi_cfcmpeq
                0x1000233c                __wrap___aeabi_cfcmple
 .text.__wrap___aeabi_fcmpgt
                0x10002380        0xa CMakeFiles/project1.dir/home/hari/.pico-sdk/sdk/2.2.0/src/rp2_common/pico_float/float_aeabi_rp2040.S.o
                0x10002380                __wrap___aeabi_fcmpgt
 *fill*         0x1000238a        0x2 
 .text.__wrap___aeabi_i2f
                0x1000238c       0x44 CMakeFiles/project1.dir/home/hari/.pico-sdk/sdk/2.2.0/src/rp2_common/pico_float/float_aeabi_rp2040.S.o
                0x1000238c                int2float
                0x1000238c                __wrap___aeabi_i2f
 .text.__wrap___aeabi_f2iz
                0x100023d0       0x4e CMakeFiles/project1.dir/home/hari/.pico-sdk/sdk/2.2.0/src/rp2_common/pico_float/float_aeabi_rp2040.S.o
                0x100023d0                __wrap___aeabi_f2iz
                0x100023d0                float2int_z
 *fill*         0x1000241e        0x2 
 .text.float2int
                0x10002420        0xc CMakeFiles/project1.dir/home/hari/.pico-sdk/sdk/2.2.0/src/rp2_common/pico_float/float_aeabi_rp2040.S.o
                0x10002420                float2int
 .text.__wrap___aeabi_f2uiz
                0x1000242c        0xc CMakeFiles/project1.dir/home/hari/.pico-sdk/sdk/2.2.0/src/rp2_common/pico_float/float_aeabi_rp2040.S.o
                0x1000242c                float2uint
                0x1000242c                float2uint_z
                0x1000242c                __wrap___aeabi_f2uiz
 .text.fix2float
                0x10002438        0xc CMakeFiles/project1.dir/home/hari/.pico-sdk/sdk/2.2.0/src/rp2_common/pico_float/float_aeabi_rp2040.S.o
                0x10002438                fix2float
 .text.__wrap_sqrtf
                0x10002444        0xc CMakeFiles/project1.dir/home/hari/.pico-sdk/sdk/2.2.0/src/rp2_common/pico_float/float_aeabi_rp2040.S.o
                0x10002444                __wrap_sqrtf
 .text.__wrap_cosf
                0x10002450       0x24 CMakeFiles/project1.dir/home/hari/.pico-sdk/sdk/2.2.0/src/rp2_common/pico_float/float_aeabi_rp2040.S.o
                0x10002450                __wrap_cosf
 .text.__wrap_atan2f
                0x10002474        0xc CMakeFiles/project1.dir/home/hari/.pico-sdk/sdk/2.2.0/src/rp2_common/pico_float/float_aeabi_rp2040.S.o
                0x10002474                __wrap_atan2f
 .text.missing_float_func_shim
                0x10002480        0xc CMakeFiles/project1.dir/home/hari/.pico-sdk/sdk/2.2.0/src/rp2_common/pico_float/float_init_rom_rp2040.c.o
 .text.__aeabi_float_init
                0x1000248c       0x5c CMakeFiles/project1.dir/home/hari/.pico-sdk/sdk/2.2.0/src/rp2_common/pico_float/float_init_rom_rp2040.c.o
                0x1000248c                __aeabi_float_init
 .text.__wrap_remquof
                0x100024e8      0x148 CMakeFiles/project1.dir/home/hari/.pico-sdk/sdk/2.2.0/src/rp2_common/pico_float/float_math.c.o
                0x100024e8                __wrap_remquof
 .text.__wrap_remainderf
                0x10002630        0xc CMakeFiles/project1.dir/home/hari/.pico-sdk/sdk/2.2.0/src/rp2_common/pico_float/float_math.c.o
                0x10002630                __wrap_remainderf
 .text          0x1000263c       0x10 CMakeFiles/project1.dir/home/hari/.pico-sdk/sdk/2.2.0/src/rp2_common/pico_mem_ops/mem_ops_aeabi.S.o
                0x1000263c                __aeabi_mem_init
 .text.memset   0x1000264c        0xc CMakeFiles/project1.dir/home/hari/.pico-sdk/sdk/2.2.0/src/rp2_common/pico_mem_ops/mem_ops_aeabi.S.o
                0x1000264c                __wrap_memset
 .text.memcpy   0x10002658        0xc CMakeFiles/project1.dir/home/hari/.pico-sdk/sdk/2.2.0/src/rp2_common/pico_mem_ops/mem_ops_aeabi.S.o
                0x10002658                __wrap___aeabi_memcpy
                0x10002658                __wrap_memcpy
 .text._out_char
                0x10002664       0x10 CMakeFiles/project1.dir/home/hari/.pico-sdk/sdk/2.2.0/src/rp2_common/pico_printf/printf.c.o
 .text.weak_raw_vprintf
                0x10002674       0x30 CMakeFiles/project1.dir/home/hari/.pico-sdk/sdk/2.2.0/src/rp2_common/pico_printf/printf.c.o
                0x10002674                weak_raw_vprintf
 .text._exit    0x100026a4        0x4 CMakeFiles/project1.dir/home/hari/.pico-sdk/sdk/2.2.0/src/rp2_common/pico_clib_interface/newlib_interface.c.o
                0x100026a4                _exit
 .text.exit     0x100026a8        0x8 CMakeFiles/project1.dir/home/hari/.pico-sdk/sdk/2.2.0/src/rp2_common/pico_clib_interface/newlib_interface.c.o
                0x100026a8                exit
 .text.runtime_init
                0x100026b0       0x2c CMakeFiles/project1.dir/home/hari/.pico-sdk/sdk/2.2.0/src/rp2_common/pico_clib_interface/newlib_interface.c.o
                0x100026b0                runtime_init
 .text.stdio_out_chars_no_crlf
                0x100026dc       0x10 CMakeFiles/project1.dir/home/hari/.pico-sdk/sdk/2.2.0/src/rp2_common/pico_stdio/stdio.c.o
 .text.stdio_out_chars_crlf
                0x100026ec       0xb0 CMakeFiles/project1.dir/home/hari/.pico-sdk/sdk/2.2.0/src/rp2_common/pico_stdio/stdio.c.o
 .text.stdio_put_string
                0x1000279c       0xfc CMakeFiles/project1.dir/home/hari/.pico-sdk/sdk/2.2.0/src/rp2_common/pico_stdio/stdio.c.o
                0x1000279c                stdio_put_string
 .text.stdio_set_driver_enabled
                0x10002898       0x30 CMakeFiles/project1.dir/home/hari/.pico-sdk/sdk/2.2.0/src/rp2_common/pico_stdio/stdio.c.o
                0x10002898                stdio_set_driver_enabled
 .text.stdio_init_all
                0x100028c8        0x8 CMakeFiles/project1.dir/home/hari/.pico-sdk/sdk/2.2.0/src/rp2_common/pico_stdio/stdio.c.o
                0x100028c8                stdio_init_all
 .text.__wrap_putchar
                0x100028d0       0x94 CMakeFiles/project1.dir/home/hari/.pico-sdk/sdk/2.2.0/src/rp2_common/pico_stdio/stdio.c.o
                0x100028d0                stdio_putchar
                0x100028d0                __wrap_putchar
 .text.__wrap_puts
                0x10002964       0x3c CMakeFiles/project1.dir/home/hari/.pico-sdk/sdk/2.2.0/src/rp2_common/pico_stdio/stdio.c.o
                0x10002964                __wrap_puts
                0x10002964                stdio_puts
 .text.resetd_init
                0x100029a0        0x4 CMakeFiles/project1.dir/home/hari/.pico-sdk/sdk/2.2.0/src/rp2_common/pico_stdio_usb/reset_interface.c.o
 .text.resetd_reset
                0x100029a4        0xc CMakeFiles/project1.dir/home/hari/.pico-sdk/sdk/2.2.0/src/rp2_common/pico_stdio_usb/reset_interface.c.o
 .text.resetd_open
                0x100029b0       0x28 CMakeFiles/project1.dir/home/hari/.pico-sdk/sdk/2.2.0/src/rp2_common/pico_stdio_usb/reset_interface.c.o
 .text.resetd_xfer_cb
                0x100029d8        0x4 CMakeFiles/project1.dir/home/hari/.pico-sdk/sdk/2.2.0/src/rp2_common/pico_stdio_usb/reset_interface.c.o
 .text.resetd_control_xfer_cb
                0x100029dc       0x54 CMakeFiles/project1.dir/home/hari/.pico-sdk/sdk/2.2.0/src/rp2_common/pico_stdio_usb/reset_interface.c.o
 .text.tud_descriptor_bos_cb
                0x10002a30        0x8 CMakeFiles/project1.dir/home/hari/.pico-sdk/sdk/2.2.0/src/rp2_common/pico_stdio_usb/reset_interface.c.o
                0x10002a30                tud_descriptor_bos_cb
 .text.tud_vendor_control_xfer_cb
                0x10002a38       0x34 CMakeFiles/project1.dir/home/hari/.pico-sdk/sdk/2.2.0/src/rp2_common/pico_stdio_usb/reset_interface.c.o
                0x10002a38                tud_vendor_control_xfer_cb
 .text.usbd_app_driver_get_cb
                0x10002a6c        0xc CMakeFiles/project1.dir/home/hari/.pico-sdk/sdk/2.2.0/src/rp2_common/pico_stdio_usb/reset_interface.c.o
                0x10002a6c                usbd_app_driver_get_cb
 .text.tud_cdc_line_coding_cb
                0x10002a78       0x2c CMakeFiles/project1.dir/home/hari/.pico-sdk/sdk/2.2.0/src/rp2_common/pico_stdio_usb/reset_interface.c.o
                0x10002a78                tud_cdc_line_coding_cb
 .text.stdio_usb_set_chars_available_callback
                0x10002aa4       0x14 CMakeFiles/project1.dir/home/hari/.pico-sdk/sdk/2.2.0/src/rp2_common/pico_stdio_usb/stdio_usb.c.o
                0x10002aa4                stdio_usb_set_chars_available_callback
 .text.usb_irq  0x10002ab8       0x10 CMakeFiles/project1.dir/home/hari/.pico-sdk/sdk/2.2.0/src/rp2_common/pico_stdio_usb/stdio_usb.c.o
 .text.timer_task
                0x10002ac8       0x64 CMakeFiles/project1.dir/home/hari/.pico-sdk/sdk/2.2.0/src/rp2_common/pico_stdio_usb/stdio_usb.c.o
 .text.stdio_usb_in_chars
                0x10002b2c       0x8c CMakeFiles/project1.dir/home/hari/.pico-sdk/sdk/2.2.0/src/rp2_common/pico_stdio_usb/stdio_usb.c.o
                0x10002b2c                stdio_usb_in_chars
 .text.stdio_usb_out_flush
                0x10002bb8       0x4c CMakeFiles/project1.dir/home/hari/.pico-sdk/sdk/2.2.0/src/rp2_common/pico_stdio_usb/stdio_usb.c.o
 .text.stdio_usb_out_chars
                0x10002c04      0x100 CMakeFiles/project1.dir/home/hari/.pico-sdk/sdk/2.2.0/src/rp2_common/pico_stdio_usb/stdio_usb.c.o
 .text.low_priority_worker_irq
                0x10002d04       0xc8 CMakeFiles/project1.dir/home/hari/.pico-sdk/sdk/2.2.0/src/rp2_common/pico_stdio_usb/stdio_usb.c.o
 .text.stdio_usb_init
                0x10002dcc       0xe8 CMakeFiles/project1.dir/home/hari/.pico-sdk/sdk/2.2.0/src/rp2_common/pico_stdio_usb/stdio_usb.c.o
                0x10002dcc                stdio_usb_init
 .text.tud_descriptor_device_cb
                0x10002eb4        0x8 CMakeFiles/project1.dir/home/hari/.pico-sdk/sdk/2.2.0/src/rp2_common/pico_stdio_usb/stdio_usb_descriptors.c.o
                0x10002eb4                tud_descriptor_device_cb
 .text.tud_descriptor_configuration_cb
                0x10002ebc        0x8 CMakeFiles/project1.dir/home/hari/.pico-sdk/sdk/2.2.0/src/rp2_common/pico_stdio_usb/stdio_usb_descriptors.c.o
                0x10002ebc                tud_descriptor_configuration_cb
 .text.tud_descriptor_string_cb
                0x10002ec4       0x78 CMakeFiles/project1.dir/home/hari/.pico-sdk/sdk/2.2.0/src/rp2_common/pico_stdio_usb/stdio_usb_descriptors.c.o
                0x10002ec4                tud_descriptor_string_cb
 .text.startup._retrieve_unique_id_on_boot
                0x10002f3c       0x10 CMakeFiles/project1.dir/home/hari/.pico-sdk/sdk/2.2.0/src/rp2_common/pico_unique_id/unique_id.c.o
 .text.pico_get_unique_board_id_string
                0x10002f4c      0x1a8 CMakeFiles/project1.dir/home/hari/.pico-sdk/sdk/2.2.0/src/rp2_common/pico_unique_id/unique_id.c.o
                0x10002f4c                pico_get_unique_board_id_string
 .text.flash_get_unique_id
                0x100030f4       0x3c CMakeFiles/project1.dir/home/hari/.pico-sdk/sdk/2.2.0/src/rp2_common/hardware_flash/flash.c.o
                0x100030f4                flash_get_unique_id
 .text.dcd_init
                0x10003130       0x90 CMakeFiles/project1.dir/home/hari/.pico-sdk/sdk/2.2.0/lib/tinyusb/src/portable/raspberrypi/rp2040/dcd_rp2040.c.o
                0x10003130                dcd_init
 .text.dcd_int_enable
                0x100031c0        0xc CMakeFiles/project1.dir/home/hari/.pico-sdk/sdk/2.2.0/lib/tinyusb/src/portable/raspberrypi/rp2040/dcd_rp2040.c.o
                0x100031c0                dcd_int_enable
 .text.dcd_set_address
                0x100031cc       0x14 CMakeFiles/project1.dir/home/hari/.pico-sdk/sdk/2.2.0/lib/tinyusb/src/portable/raspberrypi/rp2040/dcd_rp2040.c.o
                0x100031cc                dcd_set_address
 .text.dcd_sof_enable
                0x100031e0       0x1c CMakeFiles/project1.dir/home/hari/.pico-sdk/sdk/2.2.0/lib/tinyusb/src/portable/raspberrypi/rp2040/dcd_rp2040.c.o
                0x100031e0                dcd_sof_enable
 .text.dcd_edpt0_status_complete
                0x100031fc       0x1c CMakeFiles/project1.dir/home/hari/.pico-sdk/sdk/2.2.0/lib/tinyusb/src/portable/raspberrypi/rp2040/dcd_rp2040.c.o
                0x100031fc                dcd_edpt0_status_complete
 .text.dcd_edpt_open
                0x10003218      0x114 CMakeFiles/project1.dir/home/hari/.pico-sdk/sdk/2.2.0/lib/tinyusb/src/portable/raspberrypi/rp2040/dcd_rp2040.c.o
                0x10003218                dcd_edpt_open
 .text.dcd_edpt_close_all
                0x1000332c        0x8 CMakeFiles/project1.dir/home/hari/.pico-sdk/sdk/2.2.0/lib/tinyusb/src/portable/raspberrypi/rp2040/dcd_rp2040.c.o
                0x1000332c                dcd_edpt_close_all
 .text.dcd_edpt_xfer
                0x10003334       0x24 CMakeFiles/project1.dir/home/hari/.pico-sdk/sdk/2.2.0/lib/tinyusb/src/portable/raspberrypi/rp2040/dcd_rp2040.c.o
                0x10003334                dcd_edpt_xfer
 .text.dcd_edpt_stall
                0x10003358       0x3c CMakeFiles/project1.dir/home/hari/.pico-sdk/sdk/2.2.0/lib/tinyusb/src/portable/raspberrypi/rp2040/dcd_rp2040.c.o
                0x10003358                dcd_edpt_stall
 .text.dcd_edpt_clear_stall
                0x10003394       0x30 CMakeFiles/project1.dir/home/hari/.pico-sdk/sdk/2.2.0/lib/tinyusb/src/portable/raspberrypi/rp2040/dcd_rp2040.c.o
                0x10003394                dcd_edpt_clear_stall
 .text.rp2040_usb_init
                0x100033c4       0x40 CMakeFiles/project1.dir/home/hari/.pico-sdk/sdk/2.2.0/lib/tinyusb/src/portable/raspberrypi/rp2040/rp2040_usb.c.o
                0x100033c4                rp2040_usb_init
 .text.hw_endpoint_xfer_start
                0x10003404       0x40 CMakeFiles/project1.dir/home/hari/.pico-sdk/sdk/2.2.0/lib/tinyusb/src/portable/raspberrypi/rp2040/rp2040_usb.c.o
                0x10003404                hw_endpoint_xfer_start
 .text.tud_event_hook_cb
                0x10003444        0x4 CMakeFiles/project1.dir/home/hari/.pico-sdk/sdk/2.2.0/lib/tinyusb/src/device/usbd.c.o
                0x10003444                tud_event_hook_cb
 .text.tud_sof_cb
                0x10003448        0x4 CMakeFiles/project1.dir/home/hari/.pico-sdk/sdk/2.2.0/lib/tinyusb/src/device/usbd.c.o
                0x10003448                tud_sof_cb
 .text.tud_descriptor_device_qualifier_cb
                0x1000344c        0x4 CMakeFiles/project1.dir/home/hari/.pico-sdk/sdk/2.2.0/lib/tinyusb/src/device/usbd.c.o
                0x1000344c                tud_descriptor_device_qualifier_cb
 .text.tud_descriptor_other_speed_configuration_cb
                0x10003450        0x4 CMakeFiles/project1.dir/home/hari/.pico-sdk/sdk/2.2.0/lib/tinyusb/src/device/usbd.c.o
                0x10003450                tud_descriptor_other_speed_configuration_cb
 .text.tud_mount_cb
                0x10003454        0x4 CMakeFiles/project1.dir/home/hari/.pico-sdk/sdk/2.2.0/lib/tinyusb/src/device/usbd.c.o
                0x10003454                tud_mount_cb
 .text.tud_umount_cb
                0x10003458        0x4 CMakeFiles/project1.dir/home/hari/.pico-sdk/sdk/2.2.0/lib/tinyusb/src/device/usbd.c.o
                0x10003458                tud_umount_cb
 .text.tud_suspend_cb
                0x1000345c        0x4 CMakeFiles/project1.dir/home/hari/.pico-sdk/sdk/2.2.0/lib/tinyusb/src/device/usbd.c.o
                0x1000345c                tud_suspend_cb
 .text.tud_resume_cb
                0x10003460        0x4 CMakeFiles/project1.dir/home/hari/.pico-sdk/sdk/2.2.0/lib/tinyusb/src/device/usbd.c.o
                0x10003460                tud_resume_cb
 .text.tud_mounted
                0x10003464       0x10 CMakeFiles/project1.dir/home/hari/.pico-sdk/sdk/2.2.0/lib/tinyusb/src/device/usbd.c.o
                0x10003464                tud_mounted
 .text.tud_suspended
                0x10003474       0x10 CMakeFiles/project1.dir/home/hari/.pico-sdk/sdk/2.2.0/lib/tinyusb/src/device/usbd.c.o
                0x10003474                tud_suspended
 .text.tud_rhport_init
                0x10003484       0xf4 CMakeFiles/project1.dir/home/hari/.pico-sdk/sdk/2.2.0/lib/tinyusb/src/device/usbd.c.o
                0x10003484                tud_rhport_init
 .text.tud_task_ext
                0x10003578      0x800 CMakeFiles/project1.dir/home/hari/.pico-sdk/sdk/2.2.0/lib/tinyusb/src/device/usbd.c.o
                0x10003578                tud_task_ext
 .text.usbd_open_edpt_pair
                0x10003d78       0x9c CMakeFiles/project1.dir/home/hari/.pico-sdk/sdk/2.2.0/lib/tinyusb/src/device/usbd.c.o
                0x10003d78                usbd_open_edpt_pair
 .text.usbd_edpt_open
                0x10003e14       0x34 CMakeFiles/project1.dir/home/hari/.pico-sdk/sdk/2.2.0/lib/tinyusb/src/device/usbd.c.o
                0x10003e14                usbd_edpt_open
 .text.usbd_edpt_claim
                0x10003e48       0x28 CMakeFiles/project1.dir/home/hari/.pico-sdk/sdk/2.2.0/lib/tinyusb/src/device/usbd.c.o
                0x10003e48                usbd_edpt_claim
 .text.usbd_edpt_release
                0x10003e70       0x28 CMakeFiles/project1.dir/home/hari/.pico-sdk/sdk/2.2.0/lib/tinyusb/src/device/usbd.c.o
                0x10003e70                usbd_edpt_release
 .text.usbd_edpt_xfer
                0x10003e98       0x4c CMakeFiles/project1.dir/home/hari/.pico-sdk/sdk/2.2.0/lib/tinyusb/src/device/usbd.c.o
                0x10003e98                usbd_edpt_xfer
 .text.tud_control_status
                0x10003ee4       0x2c CMakeFiles/project1.dir/home/hari/.pico-sdk/sdk/2.2.0/lib/tinyusb/src/device/usbd_control.c.o
                0x10003ee4                tud_control_status
 .text.tud_control_xfer
                0x10003f10       0xa8 CMakeFiles/project1.dir/home/hari/.pico-sdk/sdk/2.2.0/lib/tinyusb/src/device/usbd_control.c.o
                0x10003f10                tud_control_xfer
 .text.usbd_control_reset
                0x10003fb8       0x14 CMakeFiles/project1.dir/home/hari/.pico-sdk/sdk/2.2.0/lib/tinyusb/src/device/usbd_control.c.o
                0x10003fb8                usbd_control_reset
 .text.usbd_control_set_complete_callback
                0x10003fcc        0xc CMakeFiles/project1.dir/home/hari/.pico-sdk/sdk/2.2.0/lib/tinyusb/src/device/usbd_control.c.o
                0x10003fcc                usbd_control_set_complete_callback
 .text.usbd_control_set_request
                0x10003fd8       0x1c CMakeFiles/project1.dir/home/hari/.pico-sdk/sdk/2.2.0/lib/tinyusb/src/device/usbd_control.c.o
                0x10003fd8                usbd_control_set_request
 .text.usbd_control_xfer_cb
                0x10003ff4       0xec CMakeFiles/project1.dir/home/hari/.pico-sdk/sdk/2.2.0/lib/tinyusb/src/device/usbd_control.c.o
                0x10003ff4                usbd_control_xfer_cb
 .text._prep_out_transaction.isra.0
                0x100040e0       0x6c CMakeFiles/project1.dir/home/hari/.pico-sdk/sdk/2.2.0/lib/tinyusb/src/class/cdc/cdc_device.c.o
 .text.tud_cdc_n_connected
                0x1000414c       0x2c CMakeFiles/project1.dir/home/hari/.pico-sdk/sdk/2.2.0/lib/tinyusb/src/class/cdc/cdc_device.c.o
                0x1000414c                tud_cdc_n_connected
 .text.tud_cdc_n_available
                0x10004178       0x14 CMakeFiles/project1.dir/home/hari/.pico-sdk/sdk/2.2.0/lib/tinyusb/src/class/cdc/cdc_device.c.o
                0x10004178                tud_cdc_n_available
 .text.tud_cdc_n_read
                0x1000418c       0x88 CMakeFiles/project1.dir/home/hari/.pico-sdk/sdk/2.2.0/lib/tinyusb/src/class/cdc/cdc_device.c.o
                0x1000418c                tud_cdc_n_read
 .text.tud_cdc_n_write_flush
                0x10004214       0x74 CMakeFiles/project1.dir/home/hari/.pico-sdk/sdk/2.2.0/lib/tinyusb/src/class/cdc/cdc_device.c.o
                0x10004214                tud_cdc_n_write_flush
 .text.tud_cdc_n_write
                0x10004288       0x40 CMakeFiles/project1.dir/home/hari/.pico-sdk/sdk/2.2.0/lib/tinyusb/src/class/cdc/cdc_device.c.o
                0x10004288                tud_cdc_n_write
 .text.tud_cdc_n_write_available
                0x100042c8       0x14 CMakeFiles/project1.dir/home/hari/.pico-sdk/sdk/2.2.0/lib/tinyusb/src/class/cdc/cdc_device.c.o
                0x100042c8                tud_cdc_n_write_available
 .text.cdcd_init
                0x100042dc       0x70 CMakeFiles/project1.dir/home/hari/.pico-sdk/sdk/2.2.0/lib/tinyusb/src/class/cdc/cdc_device.c.o
                0x100042dc                cdcd_init
 .text.cdcd_deinit
                0x1000434c       0x30 CMakeFiles/project1.dir/home/hari/.pico-sdk/sdk/2.2.0/lib/tinyusb/src/class/cdc/cdc_device.c.o
                0x1000434c                cdcd_deinit
 .text.cdcd_reset
                0x1000437c       0x4c CMakeFiles/project1.dir/home/hari/.pico-sdk/sdk/2.2.0/lib/tinyusb/src/class/cdc/cdc_device.c.o
                0x1000437c                cdcd_reset
 .text.cdcd_open
                0x100043c8       0xa4 CMakeFiles/project1.dir/home/hari/.pico-sdk/sdk/2.2.0/lib/tinyusb/src/class/cdc/cdc_device.c.o
                0x100043c8                cdcd_open
 .text.cdcd_control_xfer_cb
                0x1000446c       0xe8 CMakeFiles/project1.dir/home/hari/.pico-sdk/sdk/2.2.0/lib/tinyusb/src/class/cdc/cdc_device.c.o
                0x1000446c                cdcd_control_xfer_cb
 .text.cdcd_xfer_cb
                0x10004554      0x100 CMakeFiles/project1.dir/home/hari/.pico-sdk/sdk/2.2.0/lib/tinyusb/src/class/cdc/cdc_device.c.o
                0x10004554                cdcd_xfer_cb
 .text.vendord_init
                0x10004654       0x5c CMakeFiles/project1.dir/home/hari/.pico-sdk/sdk/2.2.0/lib/tinyusb/src/class/vendor/vendor_device.c.o
                0x10004654                vendord_init
 .text.vendord_deinit
                0x100046b0       0x1c CMakeFiles/project1.dir/home/hari/.pico-sdk/sdk/2.2.0/lib/tinyusb/src/class/vendor/vendor_device.c.o
                0x100046b0                vendord_deinit
 .text.vendord_reset
                0x100046cc       0x28 CMakeFiles/project1.dir/home/hari/.pico-sdk/sdk/2.2.0/lib/tinyusb/src/class/vendor/vendor_device.c.o
                0x100046cc                vendord_reset
 .text.vendord_open
                0x100046f4      0x120 CMakeFiles/project1.dir/home/hari/.pico-sdk/sdk/2.2.0/lib/tinyusb/src/class/vendor/vendor_device.c.o
                0x100046f4                vendord_open
 .text.vendord_xfer_cb
                0x10004814       0x9c CMakeFiles/project1.dir/home/hari/.pico-sdk/sdk/2.2.0/lib/tinyusb/src/class/vendor/vendor_device.c.o
                0x10004814                vendord_xfer_cb
 .text.tusb_rhport_init
                0x100048b0       0x4c CMakeFiles/project1.dir/home/hari/.pico-sdk/sdk/2.2.0/lib/tinyusb/src/tusb.c.o
                0x100048b0                tusb_rhport_init
 .text.tu_edpt_claim
                0x100048fc       0x50 CMakeFiles/project1.dir/home/hari/.pico-sdk/sdk/2.2.0/lib/tinyusb/src/tusb.c.o
                0x100048fc                tu_edpt_claim
 .text.tu_edpt_release
                0x1000494c       0x38 CMakeFiles/project1.dir/home/hari/.pico-sdk/sdk/2.2.0/lib/tinyusb/src/tusb.c.o
                0x1000494c                tu_edpt_release
 .text.tu_edpt_validate
                0x10004984       0x7c CMakeFiles/project1.dir/home/hari/.pico-sdk/sdk/2.2.0/lib/tinyusb/src/tusb.c.o
                0x10004984                tu_edpt_validate
 .text.tu_edpt_bind_driver
                0x10004a00       0x34 CMakeFiles/project1.dir/home/hari/.pico-sdk/sdk/2.2.0/lib/tinyusb/src/tusb.c.o
                0x10004a00                tu_edpt_bind_driver
 .text.tu_edpt_stream_init
                0x10004a34       0x6c CMakeFiles/project1.dir/home/hari/.pico-sdk/sdk/2.2.0/lib/tinyusb/src/tusb.c.o
                0x10004a34                tu_edpt_stream_init
 .text.tu_edpt_stream_deinit
                0x10004aa0        0x4 CMakeFiles/project1.dir/home/hari/.pico-sdk/sdk/2.2.0/lib/tinyusb/src/tusb.c.o
                0x10004aa0                tu_edpt_stream_deinit
 .text.tu_edpt_stream_write_zlp_if_needed
                0x10004aa4       0x68 CMakeFiles/project1.dir/home/hari/.pico-sdk/sdk/2.2.0/lib/tinyusb/src/tusb.c.o
                0x10004aa4                tu_edpt_stream_write_zlp_if_needed
 .text.tu_edpt_stream_write_xfer
                0x10004b0c       0x68 CMakeFiles/project1.dir/home/hari/.pico-sdk/sdk/2.2.0/lib/tinyusb/src/tusb.c.o
                0x10004b0c                tu_edpt_stream_write_xfer
 .text.tu_edpt_stream_read_xfer
                0x10004b74       0xd8 CMakeFiles/project1.dir/home/hari/.pico-sdk/sdk/2.2.0/lib/tinyusb/src/tusb.c.o
                0x10004b74                tu_edpt_stream_read_xfer
 .text.tu_fifo_config
                0x10004c4c       0x6c CMakeFiles/project1.dir/home/hari/.pico-sdk/sdk/2.2.0/lib/tinyusb/src/common/tusb_fifo.c.o
                0x10004c4c                tu_fifo_config
 .text.tu_fifo_count
                0x10004cb8       0x2c CMakeFiles/project1.dir/home/hari/.pico-sdk/sdk/2.2.0/lib/tinyusb/src/common/tusb_fifo.c.o
                0x10004cb8                tu_fifo_count
 .text.tu_fifo_empty
                0x10004ce4       0x10 CMakeFiles/project1.dir/home/hari/.pico-sdk/sdk/2.2.0/lib/tinyusb/src/common/tusb_fifo.c.o
                0x10004ce4                tu_fifo_empty
 .text.tu_fifo_remaining
                0x10004cf4       0x2c CMakeFiles/project1.dir/home/hari/.pico-sdk/sdk/2.2.0/lib/tinyusb/src/common/tusb_fifo.c.o
                0x10004cf4                tu_fifo_remaining
 .text.tu_fifo_read
                0x10004d20       0x9c CMakeFiles/project1.dir/home/hari/.pico-sdk/sdk/2.2.0/lib/tinyusb/src/common/tusb_fifo.c.o
                0x10004d20                tu_fifo_read
 .text.tu_fifo_read_n
                0x10004dbc       0xe8 CMakeFiles/project1.dir/home/hari/.pico-sdk/sdk/2.2.0/lib/tinyusb/src/common/tusb_fifo.c.o
                0x10004dbc                tu_fifo_read_n
 .text.tu_fifo_write
                0x10004ea4       0xa4 CMakeFiles/project1.dir/home/hari/.pico-sdk/sdk/2.2.0/lib/tinyusb/src/common/tusb_fifo.c.o
                0x10004ea4                tu_fifo_write
 .text.tu_fifo_write_n
                0x10004f48      0x178 CMakeFiles/project1.dir/home/hari/.pico-sdk/sdk/2.2.0/lib/tinyusb/src/common/tusb_fifo.c.o
                0x10004f48                tu_fifo_write_n
 .text.tu_fifo_clear
                0x100050c0       0x40 CMakeFiles/project1.dir/home/hari/.pico-sdk/sdk/2.2.0/lib/tinyusb/src/common/tusb_fifo.c.o
                0x100050c0                tu_fifo_clear
 .text.tu_fifo_set_overwritable
                0x10005100       0x48 CMakeFiles/project1.dir/home/hari/.pico-sdk/sdk/2.2.0/lib/tinyusb/src/common/tusb_fifo.c.o
                0x10005100                tu_fifo_set_overwritable
 .text.strlen   0x10005148       0x5c /home/hari/.pico-sdk/toolchain/14_2_Rel1/bin/../lib/gcc/arm-none-eabi/14.2.1/../../../../arm-none-eabi/lib/thumb/v6-m/nofp/libg.a(libc_a-strlen-stub.o)
                0x10005148                strlen
 *(.fini)
 .fini          0x100051a4        0x4 /home/hari/.pico-sdk/toolchain/14_2_Rel1/bin/../lib/gcc/arm-none-eabi/14.2.1/thumb/v6-m/nofp/crti.o
                0x100051a4                _fini
 .fini.__stub   0x100051a8       0xb0 linker stubs
 *crtbegin.o(.ctors)
 *crtbegin?.o(.ctors)
 *(EXCLUDE_FILE(*crtend.o *crtend?.o) .ctors)
 *(SORT_BY_NAME(.ctors.*))
 *(.ctors)
 *crtbegin.o(.dtors)
 *crtbegin?.o(.dtors)
 *(EXCLUDE_FILE(*crtend.o *crtend?.o) .dtors)
 *(SORT_BY_NAME(.dtors.*))
 *(.dtors)
                0x10005258                        . = ALIGN (0x4)
                0x10005258                        PROVIDE (__preinit_array_start = .)
 *(SORT_BY_NAME(.preinit_array.*))
 .preinit_array.00100
                0x10005258        0x4 CMakeFiles/project1.dir/home/hari/.pico-sdk/sdk/2.2.0/src/rp2_common/pico_runtime_init/runtime_init.c.o
                0x10005258                __pre_init_runtime_init_early_resets
 .preinit_array.00101
                0x1000525c        0x4 CMakeFiles/project1.dir/home/hari/.pico-sdk/sdk/2.2.0/src/rp2_common/pico_runtime_init/runtime_init.c.o
                0x1000525c                __pre_init_runtime_init_usb_power_down
 .preinit_array.00275
                0x10005260        0x4 CMakeFiles/project1.dir/home/hari/.pico-sdk/sdk/2.2.0/src/rp2_common/pico_bit_ops/bit_ops_aeabi.S.o
 .preinit_array.00300
                0x10005264        0x4 CMakeFiles/project1.dir/home/hari/.pico-sdk/sdk/2.2.0/src/rp2_common/pico_mem_ops/mem_ops_aeabi.S.o
 .preinit_array.00350
                0x10005268        0x4 CMakeFiles/project1.dir/home/hari/.pico-sdk/sdk/2.2.0/src/rp2_common/pico_double/double_aeabi_rp2040.S.o
 .preinit_array.00350
                0x1000526c        0x4 CMakeFiles/project1.dir/home/hari/.pico-sdk/sdk/2.2.0/src/rp2_common/pico_float/float_aeabi_rp2040.S.o
 .preinit_array.00500
                0x10005270        0x4 CMakeFiles/project1.dir/home/hari/.pico-sdk/sdk/2.2.0/src/rp2_common/pico_runtime_init/runtime_init.c.o
                0x10005270                __pre_init_runtime_init_clocks
 .preinit_array.00600
                0x10005274        0x4 CMakeFiles/project1.dir/home/hari/.pico-sdk/sdk/2.2.0/src/rp2_common/pico_runtime_init/runtime_init.c.o
                0x10005274                __pre_init_runtime_init_post_clock_resets
 .preinit_array.00700
                0x10005278        0x4 CMakeFiles/project1.dir/home/hari/.pico-sdk/sdk/2.2.0/src/rp2_common/pico_runtime_init/runtime_init.c.o
                0x10005278                __pre_init_runtime_init_rp2040_gpio_ie_disable
 .preinit_array.01000
                0x1000527c        0x4 CMakeFiles/project1.dir/home/hari/.pico-sdk/sdk/2.2.0/src/rp2_common/pico_runtime_init/runtime_init.c.o
                0x1000527c                __pre_init_runtime_init_spin_locks_reset
 .preinit_array.01100
                0x10005280        0x4 CMakeFiles/project1.dir/home/hari/.pico-sdk/sdk/2.2.0/src/common/pico_sync/mutex.c.o
                0x10005280                __pre_init_runtime_init_mutex
 .preinit_array.10080
                0x10005284        0x4 CMakeFiles/project1.dir/home/hari/.pico-sdk/sdk/2.2.0/src/rp2_common/pico_runtime_init/runtime_init.c.o
                0x10005284                __pre_init_runtime_init_install_ram_vector_table
 .preinit_array.11000
                0x10005288        0x4 CMakeFiles/project1.dir/home/hari/.pico-sdk/sdk/2.2.0/src/common/pico_time/time.c.o
                0x10005288                __pre_init_runtime_init_default_alarm_pool
 .preinit_array.YYYYY
                0x1000528c        0x4 CMakeFiles/project1.dir/home/hari/.pico-sdk/sdk/2.2.0/src/rp2_common/pico_runtime/runtime.c.o
                0x1000528c                __pre_init_first_per_core_initializer
 .preinit_array.ZZZZZ.01200
                0x10005290        0x4 CMakeFiles/project1.dir/home/hari/.pico-sdk/sdk/2.2.0/src/rp2_common/hardware_irq/irq.c.o
                0x10005290                __pre_init_runtime_init_per_core_irq_priorities
 *(.preinit_array)
                0x10005294                        PROVIDE (__preinit_array_end = .)
                0x10005294                        . = ALIGN (0x4)
                0x10005294                        PROVIDE (__init_array_start = .)
 *(SORT_BY_NAME(.init_array.*))
 .init_array.01000
                0x10005294        0x4 CMakeFiles/project1.dir/home/hari/.pico-sdk/sdk/2.2.0/src/rp2_common/pico_unique_id/unique_id.c.o
 *(.init_array)
 .init_array    0x10005298        0x4 /home/hari/.pico-sdk/toolchain/14_2_Rel1/bin/../lib/gcc/arm-none-eabi/14.2.1/thumb/v6-m/nofp/crtbegin.o
                0x1000529c                        PROVIDE (__init_array_end = .)
                0x1000529c                        . = ALIGN (0x4)
                [!provide]                        PROVIDE (__fini_array_start = .)
 *(SORT_BY_NAME(.fini_array.*))
 *(.fini_array)
                [!provide]                        PROVIDE (__fini_array_end = .)
 *(.eh_frame*)
 .eh_frame      0x1000529c        0x0 /home/hari/.pico-sdk/toolchain/14_2_Rel1/bin/../lib/gcc/arm-none-eabi/14.2.1/thumb/v6-m/nofp/crtbegin.o
                0x1000529c                        . = ALIGN (0x4)

.glue_7         0x1000529c        0x0
 .glue_7        0x1000529c        0x0 linker stubs

.glue_7t        0x1000529c        0x0
 .glue_7t       0x1000529c        0x0 linker stubs

.vfp11_veneer   0x1000529c        0x0
 .vfp11_veneer  0x1000529c        0x0 linker stubs

.v4_bx          0x1000529c        0x0
 .v4_bx         0x1000529c        0x0 linker stubs

.iplt           0x1000529c        0x0
 .iplt          0x1000529c        0x0 /home/hari/.pico-sdk/toolchain/14_2_Rel1/bin/../lib/gcc/arm-none-eabi/14.2.1/thumb/v6-m/nofp/crtbegin.o

.rodata         0x1000529c      0x428
 *(EXCLUDE_FILE(*libm.a: *libc.a:*lib_a-mem*.o *libgcc.a:) .rodata*)
 .rodata.panic.str1.4
                0x1000529c      0x170 CMakeFiles/project1.dir/home/hari/.pico-sdk/sdk/2.2.0/src/rp2_common/pico_platform_panic/panic.c.o
                                 0x12 (size before relaxing)
 .rodata.spin_lock_claim_unused.str1.4
                0x1000540c       0x1b CMakeFiles/project1.dir/home/hari/.pico-sdk/sdk/2.2.0/src/rp2_common/hardware_sync/sync.c.o
 .rodata.user_irq_claim_unused.str1.4
                0x1000540c       0x1b CMakeFiles/project1.dir/home/hari/.pico-sdk/sdk/2.2.0/src/rp2_common/hardware_irq/irq.c.o
 .rodata.timer_hardware_alarm_claim.str1.4
                0x1000540c       0x22 CMakeFiles/project1.dir/home/hari/.pico-sdk/sdk/2.2.0/src/rp2_common/hardware_timer/timer.c.o
 .rodata.hard_assertion_failure.str1.4
                0x1000540c        0xc CMakeFiles/project1.dir/home/hari/.pico-sdk/sdk/2.2.0/src/rp2_common/pico_runtime/runtime.c.o
 .rodata.missing_double_func_shim.str1.4
                0x1000540c       0x18 CMakeFiles/project1.dir/home/hari/.pico-sdk/sdk/2.2.0/src/rp2_common/pico_double/double_init_rom_rp2040.c.o
 .rodata.missing_float_func_shim.str1.4
                0x1000540c        0x1 CMakeFiles/project1.dir/home/hari/.pico-sdk/sdk/2.2.0/src/rp2_common/pico_float/float_init_rom_rp2040.c.o
 .rodata.str1.4
                0x1000540c       0x40 CMakeFiles/project1.dir/home/hari/.pico-sdk/sdk/2.2.0/src/rp2_common/pico_standard_binary_info/standard_binary_info.c.o
 .rodata.__bi_84
                0x1000540c        0xc CMakeFiles/project1.dir/home/hari/.pico-sdk/sdk/2.2.0/src/rp2_common/pico_standard_binary_info/standard_binary_info.c.o
 .rodata.__bi_78
                0x10005418        0xc CMakeFiles/project1.dir/home/hari/.pico-sdk/sdk/2.2.0/src/rp2_common/pico_standard_binary_info/standard_binary_info.c.o
 .rodata.__bi_54
                0x10005424        0xc CMakeFiles/project1.dir/home/hari/.pico-sdk/sdk/2.2.0/src/rp2_common/pico_standard_binary_info/standard_binary_info.c.o
 .rodata.__bi_48
                0x10005430        0xc CMakeFiles/project1.dir/home/hari/.pico-sdk/sdk/2.2.0/src/rp2_common/pico_standard_binary_info/standard_binary_info.c.o
 .rodata.__bi_42
                0x1000543c        0xc CMakeFiles/project1.dir/home/hari/.pico-sdk/sdk/2.2.0/src/rp2_common/pico_standard_binary_info/standard_binary_info.c.o
 .rodata.__bi_34
                0x10005448        0xc CMakeFiles/project1.dir/home/hari/.pico-sdk/sdk/2.2.0/src/rp2_common/pico_standard_binary_info/standard_binary_info.c.o
 .rodata.__bi_26
                0x10005454        0xc CMakeFiles/project1.dir/home/hari/.pico-sdk/sdk/2.2.0/src/rp2_common/pico_standard_binary_info/standard_binary_info.c.o
 .rodata.crlf_str.0
                0x10005460        0x2 CMakeFiles/project1.dir/home/hari/.pico-sdk/sdk/2.2.0/src/rp2_common/pico_stdio/stdio.c.o
 *fill*         0x10005462        0x2 
 .rodata._resetd_driver
                0x10005464       0x20 CMakeFiles/project1.dir/home/hari/.pico-sdk/sdk/2.2.0/src/rp2_common/pico_stdio_usb/reset_interface.c.o
 .rodata.desc_ms_os_20
                0x10005484       0xa6 CMakeFiles/project1.dir/home/hari/.pico-sdk/sdk/2.2.0/src/rp2_common/pico_stdio_usb/reset_interface.c.o
 *fill*         0x1000552a        0x2 
 .rodata.desc_bos
                0x1000552c       0x21 CMakeFiles/project1.dir/home/hari/.pico-sdk/sdk/2.2.0/src/rp2_common/pico_stdio_usb/reset_interface.c.o
                0x1000552c                desc_bos
 .rodata.str1.4
                0x1000554d       0x13 CMakeFiles/project1.dir/home/hari/.pico-sdk/sdk/2.2.0/src/rp2_common/pico_stdio_usb/stdio_usb.c.o
 *fill*         0x1000554d        0x3 
 .rodata.__bi_202.0
                0x10005550        0xc CMakeFiles/project1.dir/home/hari/.pico-sdk/sdk/2.2.0/src/rp2_common/pico_stdio_usb/stdio_usb.c.o
 .rodata.str1.4
                0x1000555c       0x2a CMakeFiles/project1.dir/home/hari/.pico-sdk/sdk/2.2.0/src/rp2_common/pico_stdio_usb/stdio_usb_descriptors.c.o
 .rodata.usbd_desc_str
                0x1000555c       0x18 CMakeFiles/project1.dir/home/hari/.pico-sdk/sdk/2.2.0/src/rp2_common/pico_stdio_usb/stdio_usb_descriptors.c.o
 .rodata.usbd_desc_cfg
                0x10005574       0x54 CMakeFiles/project1.dir/home/hari/.pico-sdk/sdk/2.2.0/src/rp2_common/pico_stdio_usb/stdio_usb_descriptors.c.o
 .rodata.usbd_desc_device
                0x100055c8       0x12 CMakeFiles/project1.dir/home/hari/.pico-sdk/sdk/2.2.0/src/rp2_common/pico_stdio_usb/stdio_usb_descriptors.c.o
 .rodata.str1.4
                0x100055da       0x14 CMakeFiles/project1.dir/home/hari/.pico-sdk/sdk/2.2.0/lib/tinyusb/src/portable/raspberrypi/rp2040/dcd_rp2040.c.o
 .rodata.str1.4
                0x100055da       0x48 CMakeFiles/project1.dir/home/hari/.pico-sdk/sdk/2.2.0/lib/tinyusb/src/portable/raspberrypi/rp2040/rp2040_usb.c.o
 *fill*         0x100055da        0x2 
 .rodata.tud_task_ext
                0x100055dc       0x8c CMakeFiles/project1.dir/home/hari/.pico-sdk/sdk/2.2.0/lib/tinyusb/src/device/usbd.c.o
 .rodata        0x10005668       0x1c CMakeFiles/project1.dir/home/hari/.pico-sdk/sdk/2.2.0/lib/tinyusb/src/device/usbd.c.o
 .rodata._usbd_driver
                0x10005684       0x40 CMakeFiles/project1.dir/home/hari/.pico-sdk/sdk/2.2.0/lib/tinyusb/src/device/usbd.c.o
                0x100056c4                        . = ALIGN (0x4)
 *(SORT_BY_ALIGNMENT(SORT_BY_NAME(.flashdata*)))
                0x100056c4                        . = ALIGN (0x4)

.ARM.extab
 *(.ARM.extab* .gnu.linkonce.armextab.*)
                0x100056c4                        __exidx_start = .

.ARM.exidx
 *(.ARM.exidx* .gnu.linkonce.armexidx.*)
                0x100056c4                        __exidx_end = .
                0x100056c4                        . = ALIGN (0x4)
                0x100056c4                        __binary_info_start = .

.binary_info    0x100056c4       0x20
 *(.binary_info.keep.*)
 .binary_info.keep.__bi_ptr84
                0x100056c4        0x4 CMakeFiles/project1.dir/home/hari/.pico-sdk/sdk/2.2.0/src/rp2_common/pico_standard_binary_info/standard_binary_info.c.o
 .binary_info.keep.__bi_ptr78
                0x100056c8        0x4 CMakeFiles/project1.dir/home/hari/.pico-sdk/sdk/2.2.0/src/rp2_common/pico_standard_binary_info/standard_binary_info.c.o
 .binary_info.keep.__bi_ptr54
                0x100056cc        0x4 CMakeFiles/project1.dir/home/hari/.pico-sdk/sdk/2.2.0/src/rp2_common/pico_standard_binary_info/standard_binary_info.c.o
 .binary_info.keep.__bi_ptr48
                0x100056d0        0x4 CMakeFiles/project1.dir/home/hari/.pico-sdk/sdk/2.2.0/src/rp2_common/pico_standard_binary_info/standard_binary_info.c.o
 .binary_info.keep.__bi_ptr42
                0x100056d4        0x4 CMakeFiles/project1.dir/home/hari/.pico-sdk/sdk/2.2.0/src/rp2_common/pico_standard_binary_info/standard_binary_info.c.o
 .binary_info.keep.__bi_ptr34
                0x100056d8        0x4 CMakeFiles/project1.dir/home/hari/.pico-sdk/sdk/2.2.0/src/rp2_common/pico_standard_binary_info/standard_binary_info.c.o
 .binary_info.keep.__bi_ptr26
                0x100056dc        0x4 CMakeFiles/project1.dir/home/hari/.pico-sdk/sdk/2.2.0/src/rp2_common/pico_standard_binary_info/standard_binary_info.c.o
 *(.binary_info.*)
 .binary_info.__bi_ptr202
                0x100056e0        0x4 CMakeFiles/project1.dir/home/hari/.pico-sdk/sdk/2.2.0/src/rp2_common/pico_stdio_usb/stdio_usb.c.o
                0x100056e4                        __binary_info_end = .
                0x100056e4                        . = ALIGN (0x4)

.ram_vector_table
                0x20000000       0xc0
 *(.ram_vector_table)
 .ram_vector_table
                0x20000000       0xc0 CMakeFiles/project1.dir/home/hari/.pico-sdk/sdk/2.2.0/src/rp2_common/pico_runtime_init/runtime_init.c.o
                0x20000000                ram_vector_table

.uninitialized_data
                0x200000c0        0x0
                0x200000c0                        . = ALIGN (0x4)
 *(.uninitialized_data*)

.data           0x200000c0     0x1020 load address 0x100056e4
                0x200000c0                        __data_start__ = .
 *(vtable)
 *(.time_critical*)
 .time_critical.mutex_try_enter
                0x200000c0       0x40 CMakeFiles/project1.dir/home/hari/.pico-sdk/sdk/2.2.0/src/common/pico_sync/mutex.c.o
                0x200000c0                mutex_try_enter
 .time_critical.mutex_try_enter_block_until
                0x20000100       0x98 CMakeFiles/project1.dir/home/hari/.pico-sdk/sdk/2.2.0/src/common/pico_sync/mutex.c.o
                0x20000100                mutex_try_enter_block_until
 .time_critical.mutex_enter_timeout_ms
                0x20000198       0x8c CMakeFiles/project1.dir/home/hari/.pico-sdk/sdk/2.2.0/src/common/pico_sync/mutex.c.o
                0x20000198                mutex_enter_timeout_ms
 .time_critical.mutex_exit
                0x20000224       0x28 CMakeFiles/project1.dir/home/hari/.pico-sdk/sdk/2.2.0/src/common/pico_sync/mutex.c.o
                0x20000224                mutex_exit
 .time_critical.flash_init_boot2_copyout
                0x2000024c       0x30 CMakeFiles/project1.dir/home/hari/.pico-sdk/sdk/2.2.0/src/rp2_common/hardware_flash/flash.c.o
 .time_critical.flash_enable_xip_via_boot2
                0x2000027c        0xc CMakeFiles/project1.dir/home/hari/.pico-sdk/sdk/2.2.0/src/rp2_common/hardware_flash/flash.c.o
 .time_critical.flash_save_hardware_state
                0x20000288       0x20 CMakeFiles/project1.dir/home/hari/.pico-sdk/sdk/2.2.0/src/rp2_common/hardware_flash/flash.c.o
 .time_critical.flash_restore_hardware_state
                0x200002a8       0x20 CMakeFiles/project1.dir/home/hari/.pico-sdk/sdk/2.2.0/src/rp2_common/hardware_flash/flash.c.o
 .time_critical.flash_cs_force
                0x200002c8       0x38 CMakeFiles/project1.dir/home/hari/.pico-sdk/sdk/2.2.0/src/rp2_common/hardware_flash/flash.c.o
 .time_critical.flash_do_cmd
                0x20000300      0x13c CMakeFiles/project1.dir/home/hari/.pico-sdk/sdk/2.2.0/src/rp2_common/hardware_flash/flash.c.o
                0x20000300                flash_do_cmd
 .time_critical.reset_non_control_endpoints
                0x2000043c       0x68 CMakeFiles/project1.dir/home/hari/.pico-sdk/sdk/2.2.0/lib/tinyusb/src/portable/raspberrypi/rp2040/dcd_rp2040.c.o
 .time_critical.hw_handle_buff_status
                0x200004a4       0xa0 CMakeFiles/project1.dir/home/hari/.pico-sdk/sdk/2.2.0/lib/tinyusb/src/portable/raspberrypi/rp2040/dcd_rp2040.c.o
 .time_critical.dcd_rp2040_irq
                0x20000544      0x548 CMakeFiles/project1.dir/home/hari/.pico-sdk/sdk/2.2.0/lib/tinyusb/src/portable/raspberrypi/rp2040/dcd_rp2040.c.o
 .time_critical.prepare_ep_buffer
                0x20000a8c       0xc8 CMakeFiles/project1.dir/home/hari/.pico-sdk/sdk/2.2.0/lib/tinyusb/src/portable/raspberrypi/rp2040/rp2040_usb.c.o
 .time_critical.sync_ep_buffer
                0x20000b54       0x9c CMakeFiles/project1.dir/home/hari/.pico-sdk/sdk/2.2.0/lib/tinyusb/src/portable/raspberrypi/rp2040/rp2040_usb.c.o
 .time_critical._hw_endpoint_xfer_sync
                0x20000bf0       0x28 CMakeFiles/project1.dir/home/hari/.pico-sdk/sdk/2.2.0/lib/tinyusb/src/portable/raspberrypi/rp2040/rp2040_usb.c.o
 .time_critical.e15_is_bulkin_ep
                0x20000c18       0x28 CMakeFiles/project1.dir/home/hari/.pico-sdk/sdk/2.2.0/lib/tinyusb/src/portable/raspberrypi/rp2040/rp2040_usb.c.o
 .time_critical.e15_is_critical_frame_period
                0x20000c40       0x34 CMakeFiles/project1.dir/home/hari/.pico-sdk/sdk/2.2.0/lib/tinyusb/src/portable/raspberrypi/rp2040/rp2040_usb.c.o
 .time_critical.hw_endpoint_reset_transfer
                0x20000c74        0xc CMakeFiles/project1.dir/home/hari/.pico-sdk/sdk/2.2.0/lib/tinyusb/src/portable/raspberrypi/rp2040/rp2040_usb.c.o
                0x20000c74                hw_endpoint_reset_transfer
 .time_critical._hw_endpoint_buffer_control_update32
                0x20000c80       0x50 CMakeFiles/project1.dir/home/hari/.pico-sdk/sdk/2.2.0/lib/tinyusb/src/portable/raspberrypi/rp2040/rp2040_usb.c.o
                0x20000c80                _hw_endpoint_buffer_control_update32
 .time_critical.hw_endpoint_start_next_buffer
                0x20000cd0       0x68 CMakeFiles/project1.dir/home/hari/.pico-sdk/sdk/2.2.0/lib/tinyusb/src/portable/raspberrypi/rp2040/rp2040_usb.c.o
                0x20000cd0                hw_endpoint_start_next_buffer
 .time_critical.hw_endpoint_xfer_continue
                0x20000d38       0x40 CMakeFiles/project1.dir/home/hari/.pico-sdk/sdk/2.2.0/lib/tinyusb/src/portable/raspberrypi/rp2040/rp2040_usb.c.o
                0x20000d38                hw_endpoint_xfer_continue
 .time_critical.tinyusb
                0x20000d78      0x1e4 CMakeFiles/project1.dir/home/hari/.pico-sdk/sdk/2.2.0/lib/tinyusb/src/device/usbd.c.o
                0x20000d78                dcd_event_handler
 *(.text*)
 .text          0x20000f5c        0x4 /home/hari/.pico-sdk/toolchain/14_2_Rel1/bin/../lib/gcc/arm-none-eabi/14.2.1/thumb/v6-m/nofp/libgcc.a(_dvmd_tls.o)
                0x20000f5c                __aeabi_ldiv0
                0x20000f5c                __aeabi_idiv0
 .text.__stub   0x20000f60       0x80 linker stubs
                0x20000fe0                        . = ALIGN (0x4)
 *(.rodata*)
                0x20000fe0                        . = ALIGN (0x4)
 *(.data*)
 .data.servoNeutral
                0x20000fe0       0x10 CMakeFiles/project1.dir/main.cpp.o
                0x20000fe0                servoNeutral
 .data.servoList
                0x20000ff0       0x10 CMakeFiles/project1.dir/main.cpp.o
                0x20000ff0                servoList
 .data.finAngles
                0x20001000       0x10 CMakeFiles/project1.dir/main.cpp.o
                0x20001000                finAngles
 .data.striped_spin_lock_num
                0x20001010        0x1 CMakeFiles/project1.dir/home/hari/.pico-sdk/sdk/2.2.0/src/rp2_common/hardware_sync/sync.c.o
 *fill*         0x20001011        0x3 
 .data          0x20001014       0x48 CMakeFiles/project1.dir/home/hari/.pico-sdk/sdk/2.2.0/src/rp2_common/hardware_irq/irq_handler_chain.S.o
                0x20001014                irq_handler_chain_slots
                0x20001044                irq_handler_chain_first_slot
                0x2000104e                irq_handler_chain_remove_tail
 .data.default_alarm_pool
                0x2000105c       0x18 CMakeFiles/project1.dir/home/hari/.pico-sdk/sdk/2.2.0/src/common/pico_time/time.c.o
 *fill*         0x20001074        0xc 
 .data.aeabi_bits_funcs
                0x20001080       0x10 CMakeFiles/project1.dir/home/hari/.pico-sdk/sdk/2.2.0/src/rp2_common/pico_bit_ops/bit_ops_aeabi.S.o
                0x20001080                aeabi_bits_funcs
                0x20001090                aeabi_bits_funcs_end
 .data.aeabi_mem_funcs
                0x20001090       0x10 CMakeFiles/project1.dir/home/hari/.pico-sdk/sdk/2.2.0/src/rp2_common/pico_mem_ops/mem_ops_aeabi.S.o
                0x20001090                aeabi_mem_funcs
                0x200010a0                aeabi_mem_funcs_end
 .data.stdio_usb
                0x200010a0       0x18 CMakeFiles/project1.dir/home/hari/.pico-sdk/sdk/2.2.0/src/rp2_common/pico_stdio_usb/stdio_usb.c.o
                0x200010a0                stdio_usb
 .data._usbd_qdef
                0x200010b8       0x1c CMakeFiles/project1.dir/home/hari/.pico-sdk/sdk/2.2.0/lib/tinyusb/src/device/usbd.c.o
                0x200010b8                _usbd_qdef
 .data._usbd_rhport
                0x200010d4        0x1 CMakeFiles/project1.dir/home/hari/.pico-sdk/sdk/2.2.0/lib/tinyusb/src/device/usbd.c.o
                0x200010d8                        . = ALIGN (0x4)
 *fill*         0x200010d5        0x3 
 *(.after_data.*)
                0x200010d8                        . = ALIGN (0x4)
                0x200010d8                        PROVIDE (__mutex_array_start = .)
 *(SORT_BY_NAME(.mutex_array.*))
 *(.mutex_array)
 .mutex_array   0x200010d8        0x8 CMakeFiles/project1.dir/home/hari/.pico-sdk/sdk/2.2.0/src/rp2_common/pico_stdio/stdio.c.o
                0x200010e0                        PROVIDE (__mutex_array_end = .)
                0x200010e0                        . = ALIGN (0x4)
 *(.jcr)
                0x200010e0                        . = ALIGN (0x4)

.tm_clone_table
                0x200010e0        0x0 load address 0x10006704
 .tm_clone_table
                0x200010e0        0x0 /home/hari/.pico-sdk/toolchain/14_2_Rel1/bin/../lib/gcc/arm-none-eabi/14.2.1/thumb/v6-m/nofp/crtbegin.o
 .tm_clone_table
                0x200010e0        0x0 /home/hari/.pico-sdk/toolchain/14_2_Rel1/bin/../lib/gcc/arm-none-eabi/14.2.1/thumb/v6-m/nofp/crtend.o

.igot.plt       0x200010e0        0x0 load address 0x10006704
 .igot.plt      0x200010e0        0x0 /home/hari/.pico-sdk/toolchain/14_2_Rel1/bin/../lib/gcc/arm-none-eabi/14.2.1/thumb/v6-m/nofp/crtbegin.o

.tdata          0x200010e0        0x0 load address 0x10006704
                0x200010e0                        . = ALIGN (0x4)
 *(.tdata .tdata.* .gnu.linkonce.td.*)
                0x200010e0                        __tdata_end = .
                0x200010e0                        PROVIDE (__data_end__ = .)
                0x100056e4                        __etext = LOADADDR (.data)

.tbss           0x200010e0        0x0 load address 0x10006704
                0x200010e0                        . = ALIGN (0x4)
                0x200010e0                        __bss_start__ = .
                0x200010e0                        __tls_base = .
 *(.tbss .tbss.* .gnu.linkonce.tb.*)
 *(.tcommon)
                0x200010e0                        __tls_end = .

.bss            0x200010e0      0xf08 load address 0x10006704
                0x200010e0                        . = ALIGN (0x4)
                0x200010e0                        __tbss_end = .
 *(SORT_BY_ALIGNMENT(SORT_BY_NAME(.bss*)))
 .bss._ZZ9toggleLediiE9timeStart
                0x200010e0        0x8 CMakeFiles/project1.dir/main.cpp.o
 .bss.default_alarm_pool_entries
                0x200010e8      0x180 CMakeFiles/project1.dir/home/hari/.pico-sdk/sdk/2.2.0/src/common/pico_time/time.c.o
 .bss.last_avail_time.1
                0x20001268        0x8 CMakeFiles/project1.dir/home/hari/.pico-sdk/sdk/2.2.0/src/rp2_common/pico_stdio_usb/stdio_usb.c.o
 .bss.sd_table  0x20001270      0x100 CMakeFiles/project1.dir/home/hari/.pico-sdk/sdk/2.2.0/src/rp2_common/pico_double/double_init_rom_rp2040.c.o
                0x20001270                sd_table
 .bss._app_driver
                0x20001370        0x4 CMakeFiles/project1.dir/home/hari/.pico-sdk/sdk/2.2.0/lib/tinyusb/src/device/usbd.c.o
 .bss._cdcd_epbuf
                0x20001374       0x80 CMakeFiles/project1.dir/home/hari/.pico-sdk/sdk/2.2.0/lib/tinyusb/src/class/cdc/cdc_device.c.o
 .bss._cdcd_fifo_cfg
                0x200013f4        0x1 CMakeFiles/project1.dir/home/hari/.pico-sdk/sdk/2.2.0/lib/tinyusb/src/class/cdc/cdc_device.c.o
 *fill*         0x200013f5        0x3 
 .bss._cdcd_itf
                0x200013f8       0xc8 CMakeFiles/project1.dir/home/hari/.pico-sdk/sdk/2.2.0/lib/tinyusb/src/class/cdc/cdc_device.c.o
 .bss._ctrl_epbuf
                0x200014c0       0x40 CMakeFiles/project1.dir/home/hari/.pico-sdk/sdk/2.2.0/lib/tinyusb/src/device/usbd_control.c.o
 .bss._ctrl_xfer
                0x20001500       0x14 CMakeFiles/project1.dir/home/hari/.pico-sdk/sdk/2.2.0/lib/tinyusb/src/device/usbd_control.c.o
 .bss._tusb_rhport_role
                0x20001514        0x2 CMakeFiles/project1.dir/home/hari/.pico-sdk/sdk/2.2.0/lib/tinyusb/src/tusb.c.o
                0x20001514                _tusb_rhport_role
 *fill*         0x20001516        0x2 
 .bss._ubsd_mutexdef
                0x20001518        0x8 CMakeFiles/project1.dir/home/hari/.pico-sdk/sdk/2.2.0/lib/tinyusb/src/device/usbd.c.o
 .bss._usbd_dev
                0x20001520       0x54 CMakeFiles/project1.dir/home/hari/.pico-sdk/sdk/2.2.0/lib/tinyusb/src/device/usbd.c.o
 .bss._usbd_mutex
                0x20001574        0x4 CMakeFiles/project1.dir/home/hari/.pico-sdk/sdk/2.2.0/lib/tinyusb/src/device/usbd.c.o
 .bss._usbd_q   0x20001578        0x4 CMakeFiles/project1.dir/home/hari/.pico-sdk/sdk/2.2.0/lib/tinyusb/src/device/usbd.c.o
 .bss._usbd_qdef_buf
                0x2000157c       0xc0 CMakeFiles/project1.dir/home/hari/.pico-sdk/sdk/2.2.0/lib/tinyusb/src/device/usbd.c.o
                0x2000157c                _usbd_qdef_buf
 .bss._vendord_epbuf
                0x2000163c       0x80 CMakeFiles/project1.dir/home/hari/.pico-sdk/sdk/2.2.0/lib/tinyusb/src/class/vendor/vendor_device.c.o
 .bss._vendord_itf
                0x200016bc      0x24c CMakeFiles/project1.dir/home/hari/.pico-sdk/sdk/2.2.0/lib/tinyusb/src/class/vendor/vendor_device.c.o
 .bss.boot2_copyout
                0x20001908      0x100 CMakeFiles/project1.dir/home/hari/.pico-sdk/sdk/2.2.0/src/rp2_common/hardware_flash/flash.c.o
 .bss.chars_available_callback
                0x20001a08        0x4 CMakeFiles/project1.dir/home/hari/.pico-sdk/sdk/2.2.0/src/rp2_common/pico_stdio_usb/stdio_usb.c.o
 .bss.chars_available_param
                0x20001a0c        0x4 CMakeFiles/project1.dir/home/hari/.pico-sdk/sdk/2.2.0/src/rp2_common/pico_stdio_usb/stdio_usb.c.o
 .bss.claimed   0x20001a10        0x4 CMakeFiles/project1.dir/home/hari/.pico-sdk/sdk/2.2.0/src/rp2_common/hardware_sync/sync.c.o
 .bss.claimed   0x20001a14        0x1 CMakeFiles/project1.dir/home/hari/.pico-sdk/sdk/2.2.0/src/rp2_common/hardware_timer/timer.c.o
 *fill*         0x20001a15        0x3 
 .bss.configured_freq
                0x20001a18       0x28 CMakeFiles/project1.dir/home/hari/.pico-sdk/sdk/2.2.0/src/rp2_common/hardware_clocks/clocks.c.o
 .bss.desc_str.0
                0x20001a40       0x28 CMakeFiles/project1.dir/home/hari/.pico-sdk/sdk/2.2.0/src/rp2_common/pico_stdio_usb/stdio_usb_descriptors.c.o
 .bss.drivers   0x20001a68        0x4 CMakeFiles/project1.dir/home/hari/.pico-sdk/sdk/2.2.0/src/rp2_common/pico_stdio/stdio.c.o
 .bss.e15_last_sof
                0x20001a6c        0x4 CMakeFiles/project1.dir/home/hari/.pico-sdk/sdk/2.2.0/lib/tinyusb/src/portable/raspberrypi/rp2040/rp2040_usb.c.o
                0x20001a6c                e15_last_sof
 .bss.filter    0x20001a70        0x4 CMakeFiles/project1.dir/home/hari/.pico-sdk/sdk/2.2.0/src/rp2_common/pico_stdio/stdio.c.o
 .bss.hw_endpoints
                0x20001a74      0x400 CMakeFiles/project1.dir/home/hari/.pico-sdk/sdk/2.2.0/lib/tinyusb/src/portable/raspberrypi/rp2040/dcd_rp2040.c.o
 .bss.lazy_vsnprintf
                0x20001e74        0x4 CMakeFiles/project1.dir/home/hari/.pico-sdk/sdk/2.2.0/src/rp2_common/pico_printf/printf.c.o
 .bss.load_value
                0x20001e78        0x4 CMakeFiles/project1.dir/home/hari/.pico-sdk/sdk/2.2.0/src/rp2_common/hardware_watchdog/watchdog.c.o
 .bss.next_buffer_ptr
                0x20001e7c        0x4 CMakeFiles/project1.dir/home/hari/.pico-sdk/sdk/2.2.0/lib/tinyusb/src/portable/raspberrypi/rp2040/dcd_rp2040.c.o
 .bss.object.0  0x20001e80       0x18 /home/hari/.pico-sdk/toolchain/14_2_Rel1/bin/../lib/gcc/arm-none-eabi/14.2.1/thumb/v6-m/nofp/crtbegin.o
 .bss.one_shot_timer_crit_sec
                0x20001e98        0x8 CMakeFiles/project1.dir/home/hari/.pico-sdk/sdk/2.2.0/src/rp2_common/pico_stdio_usb/stdio_usb.c.o
 .bss.pools     0x20001ea0       0x10 CMakeFiles/project1.dir/home/hari/.pico-sdk/sdk/2.2.0/src/common/pico_time/time.c.o
 .bss.retrieved_id
                0x20001eb0        0x8 CMakeFiles/project1.dir/home/hari/.pico-sdk/sdk/2.2.0/src/rp2_common/pico_unique_id/unique_id.c.o
 .bss.sf_clz_func
                0x20001eb8        0x4 CMakeFiles/project1.dir/home/hari/.pico-sdk/sdk/2.2.0/src/rp2_common/pico_double/double_init_rom_rp2040.c.o
                0x20001eb8                sf_clz_func
 .bss.sf_table  0x20001ebc      0x100 CMakeFiles/project1.dir/home/hari/.pico-sdk/sdk/2.2.0/src/rp2_common/pico_float/float_init_rom_rp2040.c.o
                0x20001ebc                sf_table
 .bss.sleep_notifier
                0x20001fbc        0x4 CMakeFiles/project1.dir/home/hari/.pico-sdk/sdk/2.2.0/src/common/pico_time/time.c.o
 .bss.stdio_usb_mutex
                0x20001fc0        0x8 CMakeFiles/project1.dir/home/hari/.pico-sdk/sdk/2.2.0/src/rp2_common/pico_stdio_usb/stdio_usb.c.o
 .bss.uart_char_to_line_feed
                0x20001fc8        0x4 CMakeFiles/project1.dir/home/hari/.pico-sdk/sdk/2.2.0/src/rp2_common/hardware_uart/uart.c.o
                0x20001fc8                uart_char_to_line_feed
 .bss.usbd_serial_str
                0x20001fcc       0x11 CMakeFiles/project1.dir/home/hari/.pico-sdk/sdk/2.2.0/src/rp2_common/pico_stdio_usb/stdio_usb_descriptors.c.o
 .bss._ZZ9toggleLediiE11initialized
                0x20001fdd        0x1 CMakeFiles/project1.dir/main.cpp.o
 .bss._app_driver_count
                0x20001fde        0x1 CMakeFiles/project1.dir/home/hari/.pico-sdk/sdk/2.2.0/lib/tinyusb/src/device/usbd.c.o
 .bss._sof_enable
                0x20001fdf        0x1 CMakeFiles/project1.dir/home/hari/.pico-sdk/sdk/2.2.0/lib/tinyusb/src/portable/raspberrypi/rp2040/dcd_rp2040.c.o
 .bss._usbd_queued_setup
                0x20001fe0        0x1 CMakeFiles/project1.dir/home/hari/.pico-sdk/sdk/2.2.0/lib/tinyusb/src/device/usbd.c.o
 .bss.boot2_copyout_valid
                0x20001fe1        0x1 CMakeFiles/project1.dir/home/hari/.pico-sdk/sdk/2.2.0/src/rp2_common/hardware_flash/flash.c.o
 .bss.irq_handler_chain_free_slot_head
                0x20001fe2        0x1 CMakeFiles/project1.dir/home/hari/.pico-sdk/sdk/2.2.0/src/rp2_common/hardware_irq/irq.c.o
 .bss.itf_num   0x20001fe3        0x1 CMakeFiles/project1.dir/home/hari/.pico-sdk/sdk/2.2.0/src/rp2_common/pico_stdio_usb/reset_interface.c.o
 .bss.low_priority_irq_num
                0x20001fe4        0x1 CMakeFiles/project1.dir/home/hari/.pico-sdk/sdk/2.2.0/src/rp2_common/pico_stdio_usb/stdio_usb.c.o
 .bss.one_shot_timer_pending
                0x20001fe5        0x1 CMakeFiles/project1.dir/home/hari/.pico-sdk/sdk/2.2.0/src/rp2_common/pico_stdio_usb/stdio_usb.c.o
 .bss.user_irq_claimed
                0x20001fe6        0x1 CMakeFiles/project1.dir/home/hari/.pico-sdk/sdk/2.2.0/src/rp2_common/hardware_irq/irq.c.o
 *(COMMON)
                0x20001fe8                        . = ALIGN (0x4)
 *fill*         0x20001fe7        0x1 
                0x20001fe8                        __bss_end__ = .

.heap           0x20001fe8      0x800 load address 0x10006704
                0x20001fe8                        __end__ = .
                0x20001fe8                        end = __end__
 *(.heap*)
 .heap          0x20001fe8      0x800 CMakeFiles/project1.dir/home/hari/.pico-sdk/sdk/2.2.0/src/rp2_common/pico_crt0/crt0.S.o
                0x20040000                        __HeapLimit = (ORIGIN (RAM) + LENGTH (RAM))

.scratch_x      0x20040000        0x0 load address 0x10006704
                0x20040000                        __scratch_x_start__ = .
 *(.scratch_x.*)
                0x20040000                        . = ALIGN (0x4)
                0x20040000                        __scratch_x_end__ = .
                0x10006704                        __scratch_x_source__ = LOADADDR (.scratch_x)

.scratch_y      0x20041000        0x0 load address 0x10006704
                0x20041000                        __scratch_y_start__ = .
 *(.scratch_y.*)
                0x20041000                        . = ALIGN (0x4)
                0x20041000                        __scratch_y_end__ = .
                0x10006704                        __scratch_y_source__ = LOADADDR (.scratch_y)

.stack1_dummy
 *(.stack1*)

.stack_dummy    0x20041000      0x800
 *(.stack*)
 .stack         0x20041000      0x800 CMakeFiles/project1.dir/home/hari/.pico-sdk/sdk/2.2.0/src/rp2_common/pico_crt0/crt0.S.o

.rel.dyn        0x20041800        0x0
 .rel.iplt      0x20041800        0x0 /home/hari/.pico-sdk/toolchain/14_2_Rel1/bin/../lib/gcc/arm-none-eabi/14.2.1/thumb/v6-m/nofp/crtbegin.o

.flash_end      0x10006704        0x0
 *(.embedded_end_block*)
                0x10006704                        PROVIDE (__flash_binary_end = .)
                0x20040000                        __StackLimit = (ORIGIN (RAM) + LENGTH (RAM))
                0x20041000                        __StackOneTop = (ORIGIN (SCRATCH_X) + LENGTH (SCRATCH_X))
                0x20042000                        __StackTop = (ORIGIN (SCRATCH_Y) + LENGTH (SCRATCH_Y))
                0x20041000                        __StackOneBottom = (__StackOneTop - SIZEOF (.stack1_dummy))
                0x20041800                        __StackBottom = (__StackTop - SIZEOF (.stack_dummy))
                0x20042000                        PROVIDE (__stack = __StackTop)
                [!provide]                        PROVIDE (__heap_start = __end__)
                [!provide]                        PROVIDE (__heap_end = __HeapLimit)
                [!provide]                        PROVIDE (__tls_align = MAX (ALIGNOF (.tdata), ALIGNOF (.tbss)))
                [!provide]                        PROVIDE (__tls_size_align = (((__tls_size + __tls_align) - 0x1) & ~ ((__tls_align - 0x1))))
                [!provide]                        PROVIDE (__arm32_tls_tcb_offset = MAX (0x8, __tls_align))
                [!provide]                        PROVIDE (_end = __end__)
                [!provide]                        PROVIDE (__llvm_libc_heap_limit = __HeapLimit)
                0x00000001                        ASSERT ((__StackLimit >= __HeapLimit), region RAM overflowed)
                0x00000001                        ASSERT (((__binary_info_header_end - __logical_binary_start) <= 0x100), Binary info must be in first 256 bytes of the binary)
LOAD CMakeFiles/project1.dir/main.cpp.o
LOAD CMakeFiles/project1.dir/ibus/ibus.cpp.o
LOAD CMakeFiles/project1.dir/home/hari/.pico-sdk/sdk/2.2.0/src/rp2_common/pico_stdlib/stdlib.c.o
LOAD CMakeFiles/project1.dir/home/hari/.pico-sdk/sdk/2.2.0/src/rp2_common/hardware_gpio/gpio.c.o
LOAD CMakeFiles/project1.dir/home/hari/.pico-sdk/sdk/2.2.0/src/rp2040/pico_platform/platform.c.o
LOAD CMakeFiles/project1.dir/home/hari/.pico-sdk/sdk/2.2.0/src/rp2_common/pico_platform_common/common.c.o
LOAD CMakeFiles/project1.dir/home/hari/.pico-sdk/sdk/2.2.0/src/rp2_common/pico_platform_panic/panic.c.o
LOAD CMakeFiles/project1.dir/home/hari/.pico-sdk/sdk/2.2.0/src/common/hardware_claim/claim.c.o
LOAD CMakeFiles/project1.dir/home/hari/.pico-sdk/sdk/2.2.0/src/rp2_common/hardware_sync/sync.c.o
LOAD CMakeFiles/project1.dir/home/hari/.pico-sdk/sdk/2.2.0/src/rp2_common/hardware_sync_spin_lock/sync_spin_lock.c.o
LOAD CMakeFiles/project1.dir/home/hari/.pico-sdk/sdk/2.2.0/src/rp2_common/hardware_irq/irq.c.o
LOAD CMakeFiles/project1.dir/home/hari/.pico-sdk/sdk/2.2.0/src/rp2_common/hardware_irq/irq_handler_chain.S.o
LOAD CMakeFiles/project1.dir/home/hari/.pico-sdk/sdk/2.2.0/src/common/pico_sync/sem.c.o
LOAD CMakeFiles/project1.dir/home/hari/.pico-sdk/sdk/2.2.0/src/common/pico_sync/lock_core.c.o
LOAD CMakeFiles/project1.dir/home/hari/.pico-sdk/sdk/2.2.0/src/common/pico_sync/mutex.c.o
LOAD CMakeFiles/project1.dir/home/hari/.pico-sdk/sdk/2.2.0/src/common/pico_sync/critical_section.c.o
LOAD CMakeFiles/project1.dir/home/hari/.pico-sdk/sdk/2.2.0/src/common/pico_time/time.c.o
LOAD CMakeFiles/project1.dir/home/hari/.pico-sdk/sdk/2.2.0/src/common/pico_time/timeout_helper.c.o
LOAD CMakeFiles/project1.dir/home/hari/.pico-sdk/sdk/2.2.0/src/rp2_common/hardware_timer/timer.c.o
LOAD CMakeFiles/project1.dir/home/hari/.pico-sdk/sdk/2.2.0/src/common/pico_util/datetime.c.o
LOAD CMakeFiles/project1.dir/home/hari/.pico-sdk/sdk/2.2.0/src/common/pico_util/pheap.c.o
LOAD CMakeFiles/project1.dir/home/hari/.pico-sdk/sdk/2.2.0/src/common/pico_util/queue.c.o
LOAD CMakeFiles/project1.dir/home/hari/.pico-sdk/sdk/2.2.0/src/rp2_common/hardware_uart/uart.c.o
LOAD CMakeFiles/project1.dir/home/hari/.pico-sdk/sdk/2.2.0/src/rp2_common/hardware_clocks/clocks.c.o
LOAD CMakeFiles/project1.dir/home/hari/.pico-sdk/sdk/2.2.0/src/rp2_common/hardware_pll/pll.c.o
LOAD CMakeFiles/project1.dir/home/hari/.pico-sdk/sdk/2.2.0/src/rp2_common/hardware_vreg/vreg.c.o
LOAD CMakeFiles/project1.dir/home/hari/.pico-sdk/sdk/2.2.0/src/rp2_common/hardware_watchdog/watchdog.c.o
LOAD CMakeFiles/project1.dir/home/hari/.pico-sdk/sdk/2.2.0/src/rp2_common/hardware_ticks/ticks.c.o
LOAD CMakeFiles/project1.dir/home/hari/.pico-sdk/sdk/2.2.0/src/rp2_common/pico_bootrom/bootrom.c.o
LOAD CMakeFiles/project1.dir/home/hari/.pico-sdk/sdk/2.2.0/src/rp2_common/pico_bootrom/bootrom_lock.c.o
LOAD CMakeFiles/project1.dir/home/hari/.pico-sdk/sdk/2.2.0/src/rp2_common/hardware_boot_lock/boot_lock.c.o
LOAD CMakeFiles/project1.dir/home/hari/.pico-sdk/sdk/2.2.0/src/rp2_common/pico_flash/flash.c.o
LOAD CMakeFiles/project1.dir/home/hari/.pico-sdk/sdk/2.2.0/src/rp2_common/hardware_xosc/xosc.c.o
LOAD CMakeFiles/project1.dir/home/hari/.pico-sdk/sdk/2.2.0/src/rp2_common/hardware_divider/divider.S.o
LOAD CMakeFiles/project1.dir/home/hari/.pico-sdk/sdk/2.2.0/src/rp2_common/pico_runtime/runtime.c.o
LOAD CMakeFiles/project1.dir/home/hari/.pico-sdk/sdk/2.2.0/src/rp2_common/pico_runtime_init/runtime_init.c.o
LOAD CMakeFiles/project1.dir/home/hari/.pico-sdk/sdk/2.2.0/src/rp2_common/pico_runtime_init/runtime_init_clocks.c.o
LOAD CMakeFiles/project1.dir/home/hari/.pico-sdk/sdk/2.2.0/src/rp2_common/pico_runtime_init/runtime_init_stack_guard.c.o
LOAD CMakeFiles/project1.dir/home/hari/.pico-sdk/sdk/2.2.0/src/rp2_common/pico_bit_ops/bit_ops_aeabi.S.o
LOAD CMakeFiles/project1.dir/home/hari/.pico-sdk/sdk/2.2.0/src/rp2_common/pico_divider/divider_hardware.S.o
LOAD CMakeFiles/project1.dir/home/hari/.pico-sdk/sdk/2.2.0/src/rp2_common/pico_double/double_aeabi_rp2040.S.o
LOAD CMakeFiles/project1.dir/home/hari/.pico-sdk/sdk/2.2.0/src/rp2_common/pico_double/double_init_rom_rp2040.c.o
LOAD CMakeFiles/project1.dir/home/hari/.pico-sdk/sdk/2.2.0/src/rp2_common/pico_double/double_math.c.o
LOAD CMakeFiles/project1.dir/home/hari/.pico-sdk/sdk/2.2.0/src/rp2_common/pico_double/double_v1_rom_shim_rp2040.S.o
LOAD CMakeFiles/project1.dir/home/hari/.pico-sdk/sdk/2.2.0/src/rp2_common/pico_int64_ops/pico_int64_ops_aeabi.S.o
LOAD CMakeFiles/project1.dir/home/hari/.pico-sdk/sdk/2.2.0/src/rp2_common/pico_float/float_aeabi_rp2040.S.o
LOAD CMakeFiles/project1.dir/home/hari/.pico-sdk/sdk/2.2.0/src/rp2_common/pico_float/float_init_rom_rp2040.c.o
LOAD CMakeFiles/project1.dir/home/hari/.pico-sdk/sdk/2.2.0/src/rp2_common/pico_float/float_math.c.o
LOAD CMakeFiles/project1.dir/home/hari/.pico-sdk/sdk/2.2.0/src/rp2_common/pico_float/float_v1_rom_shim_rp2040.S.o
LOAD CMakeFiles/project1.dir/home/hari/.pico-sdk/sdk/2.2.0/src/rp2_common/pico_malloc/malloc.c.o
LOAD CMakeFiles/project1.dir/home/hari/.pico-sdk/sdk/2.2.0/src/rp2_common/pico_mem_ops/mem_ops_aeabi.S.o
LOAD CMakeFiles/project1.dir/home/hari/.pico-sdk/sdk/2.2.0/src/rp2_common/pico_atomic/atomic.c.o
LOAD CMakeFiles/project1.dir/home/hari/.pico-sdk/sdk/2.2.0/src/rp2_common/pico_cxx_options/new_delete.cpp.o
LOAD CMakeFiles/project1.dir/home/hari/.pico-sdk/sdk/2.2.0/src/rp2_common/pico_standard_binary_info/standard_binary_info.c.o
LOAD CMakeFiles/project1.dir/home/hari/.pico-sdk/sdk/2.2.0/src/rp2_common/pico_printf/printf.c.o
LOAD CMakeFiles/project1.dir/home/hari/.pico-sdk/sdk/2.2.0/src/rp2_common/pico_crt0/crt0.S.o
LOAD CMakeFiles/project1.dir/home/hari/.pico-sdk/sdk/2.2.0/src/rp2_common/pico_clib_interface/newlib_interface.c.o
LOAD CMakeFiles/project1.dir/home/hari/.pico-sdk/sdk/2.2.0/src/rp2_common/pico_stdio/stdio.c.o
LOAD CMakeFiles/project1.dir/home/hari/.pico-sdk/sdk/2.2.0/src/rp2_common/pico_stdio_usb/reset_interface.c.o
LOAD CMakeFiles/project1.dir/home/hari/.pico-sdk/sdk/2.2.0/src/rp2_common/pico_stdio_usb/stdio_usb.c.o
LOAD CMakeFiles/project1.dir/home/hari/.pico-sdk/sdk/2.2.0/src/rp2_common/pico_stdio_usb/stdio_usb_descriptors.c.o
LOAD CMakeFiles/project1.dir/home/hari/.pico-sdk/sdk/2.2.0/src/rp2_common/pico_unique_id/unique_id.c.o
LOAD CMakeFiles/project1.dir/home/hari/.pico-sdk/sdk/2.2.0/src/rp2_common/hardware_flash/flash.c.o
LOAD CMakeFiles/project1.dir/home/hari/.pico-sdk/sdk/2.2.0/src/rp2_common/hardware_xip_cache/xip_cache.c.o
LOAD CMakeFiles/project1.dir/home/hari/.pico-sdk/sdk/2.2.0/lib/tinyusb/src/portable/raspberrypi/rp2040/dcd_rp2040.c.o
LOAD CMakeFiles/project1.dir/home/hari/.pico-sdk/sdk/2.2.0/lib/tinyusb/src/portable/raspberrypi/rp2040/rp2040_usb.c.o
LOAD CMakeFiles/project1.dir/home/hari/.pico-sdk/sdk/2.2.0/lib/tinyusb/src/device/usbd.c.o
LOAD CMakeFiles/project1.dir/home/hari/.pico-sdk/sdk/2.2.0/lib/tinyusb/src/device/usbd_control.c.o
LOAD CMakeFiles/project1.dir/home/hari/.pico-sdk/sdk/2.2.0/lib/tinyusb/src/class/audio/audio_device.c.o
LOAD CMakeFiles/project1.dir/home/hari/.pico-sdk/sdk/2.2.0/lib/tinyusb/src/class/cdc/cdc_device.c.o
LOAD CMakeFiles/project1.dir/home/hari/.pico-sdk/sdk/2.2.0/lib/tinyusb/src/class/dfu/dfu_device.c.o
LOAD CMakeFiles/project1.dir/home/hari/.pico-sdk/sdk/2.2.0/lib/tinyusb/src/class/dfu/dfu_rt_device.c.o
LOAD CMakeFiles/project1.dir/home/hari/.pico-sdk/sdk/2.2.0/lib/tinyusb/src/class/hid/hid_device.c.o
LOAD CMakeFiles/project1.dir/home/hari/.pico-sdk/sdk/2.2.0/lib/tinyusb/src/class/midi/midi_device.c.o
LOAD CMakeFiles/project1.dir/home/hari/.pico-sdk/sdk/2.2.0/lib/tinyusb/src/class/msc/msc_device.c.o
LOAD CMakeFiles/project1.dir/home/hari/.pico-sdk/sdk/2.2.0/lib/tinyusb/src/class/net/ecm_rndis_device.c.o
LOAD CMakeFiles/project1.dir/home/hari/.pico-sdk/sdk/2.2.0/lib/tinyusb/src/class/net/ncm_device.c.o
LOAD CMakeFiles/project1.dir/home/hari/.pico-sdk/sdk/2.2.0/lib/tinyusb/src/class/usbtmc/usbtmc_device.c.o
LOAD CMakeFiles/project1.dir/home/hari/.pico-sdk/sdk/2.2.0/lib/tinyusb/src/class/vendor/vendor_device.c.o
LOAD CMakeFiles/project1.dir/home/hari/.pico-sdk/sdk/2.2.0/lib/tinyusb/src/class/video/video_device.c.o
LOAD CMakeFiles/project1.dir/home/hari/.pico-sdk/sdk/2.2.0/lib/tinyusb/src/tusb.c.o
LOAD CMakeFiles/project1.dir/home/hari/.pico-sdk/sdk/2.2.0/lib/tinyusb/src/common/tusb_fifo.c.o
LOAD CMakeFiles/project1.dir/home/hari/.pico-sdk/sdk/2.2.0/src/rp2_common/pico_fix/rp2040_usb_device_enumeration/rp2040_usb_device_enumeration.c.o
LOAD CMakeFiles/project1.dir/home/hari/.pico-sdk/sdk/2.2.0/src/rp2_common/pico_cyw43_arch/cyw43_arch.c.o
LOAD CMakeFiles/project1.dir/home/hari/.pico-sdk/sdk/2.2.0/src/rp2_common/pico_cyw43_arch/cyw43_arch_poll.c.o
LOAD CMakeFiles/project1.dir/home/hari/.pico-sdk/sdk/2.2.0/src/rp2_common/pico_cyw43_arch/cyw43_arch_threadsafe_background.c.o
LOAD CMakeFiles/project1.dir/home/hari/.pico-sdk/sdk/2.2.0/src/rp2_common/pico_cyw43_arch/cyw43_arch_freertos.c.o
LOAD CMakeFiles/project1.dir/home/hari/.pico-sdk/sdk/2.2.0/src/rp2_common/pico_cyw43_driver/cyw43_bus_pio_spi.c.o
LOAD CMakeFiles/project1.dir/home/hari/.pico-sdk/sdk/2.2.0/lib/cyw43-driver/src/cyw43_ll.c.o
LOAD CMakeFiles/project1.dir/home/hari/.pico-sdk/sdk/2.2.0/lib/cyw43-driver/src/cyw43_stats.c.o
LOAD CMakeFiles/project1.dir/home/hari/.pico-sdk/sdk/2.2.0/lib/cyw43-driver/src/cyw43_lwip.c.o
LOAD CMakeFiles/project1.dir/home/hari/.pico-sdk/sdk/2.2.0/lib/cyw43-driver/src/cyw43_ctrl.c.o
LOAD CMakeFiles/project1.dir/home/hari/.pico-sdk/sdk/2.2.0/src/rp2_common/pico_cyw43_driver/cybt_shared_bus/cybt_shared_bus.c.o
LOAD CMakeFiles/project1.dir/home/hari/.pico-sdk/sdk/2.2.0/src/rp2_common/pico_cyw43_driver/cybt_shared_bus/cybt_shared_bus_driver.c.o
LOAD CMakeFiles/project1.dir/home/hari/.pico-sdk/sdk/2.2.0/src/rp2_common/hardware_pio/pio.c.o
LOAD CMakeFiles/project1.dir/home/hari/.pico-sdk/sdk/2.2.0/src/rp2_common/hardware_dma/dma.c.o
LOAD CMakeFiles/project1.dir/home/hari/.pico-sdk/sdk/2.2.0/src/rp2_common/hardware_exception/exception.c.o
LOAD CMakeFiles/project1.dir/home/hari/.pico-sdk/sdk/2.2.0/src/rp2_common/pico_cyw43_driver/cyw43_driver.c.o
LOAD CMakeFiles/project1.dir/home/hari/.pico-sdk/sdk/2.2.0/src/rp2_common/pico_async_context/async_context_threadsafe_background.c.o
LOAD CMakeFiles/project1.dir/home/hari/.pico-sdk/sdk/2.2.0/src/rp2_common/pico_async_context/async_context_base.c.o
LOAD pico-sdk/src/rp2040/boot_stage2/CMakeFiles/bs2_default_library.dir/bs2_default_padded_checksummed.S.o
LOAD /home/hari/.pico-sdk/toolchain/14_2_Rel1/bin/../lib/gcc/arm-none-eabi/14.2.1/../../../../arm-none-eabi/lib/thumb/v6-m/nofp/libstdc++.a
LOAD /home/hari/.pico-sdk/toolchain/14_2_Rel1/bin/../lib/gcc/arm-none-eabi/14.2.1/../../../../arm-none-eabi/lib/thumb/v6-m/nofp/libm.a
START GROUP
LOAD /home/hari/.pico-sdk/toolchain/14_2_Rel1/bin/../lib/gcc/arm-none-eabi/14.2.1/thumb/v6-m/nofp/libgcc.a
LOAD /home/hari/.pico-sdk/toolchain/14_2_Rel1/bin/../lib/gcc/arm-none-eabi/14.2.1/../../../../arm-none-eabi/lib/thumb/v6-m/nofp/libg.a
LOAD /home/hari/.pico-sdk/toolchain/14_2_Rel1/bin/../lib/gcc/arm-none-eabi/14.2.1/../../../../arm-none-eabi/lib/thumb/v6-m/nofp/libc.a
END GROUP
START GROUP